Archive member included to satisfy reference by file (symbol)

c:/program files (x86)/atmel/studio/7.0/toolchain/arm/arm-gnu-toolchain/bin/../lib/gcc/arm-none-eabi/6.3.1/thumb/v6-m\libgcc.a(_udivsi3.o)
                              src/firmware/spi_40_driver.o (__aeabi_uidiv)
c:/program files (x86)/atmel/studio/7.0/toolchain/arm/arm-gnu-toolchain/bin/../lib/gcc/arm-none-eabi/6.3.1/thumb/v6-m\libgcc.a(_divsi3.o)
                              src/firmware/spi_40_driver.o (__aeabi_idivmod)
c:/program files (x86)/atmel/studio/7.0/toolchain/arm/arm-gnu-toolchain/bin/../lib/gcc/arm-none-eabi/6.3.1/thumb/v6-m\libgcc.a(_dvmd_tls.o)
                              c:/program files (x86)/atmel/studio/7.0/toolchain/arm/arm-gnu-toolchain/bin/../lib/gcc/arm-none-eabi/6.3.1/thumb/v6-m\libgcc.a(_udivsi3.o) (__aeabi_idiv0)
c:/program files (x86)/atmel/studio/7.0/toolchain/arm/arm-gnu-toolchain/bin/../lib/gcc/arm-none-eabi/6.3.1/thumb/v6-m\libgcc.a(_muldi3.o)
                              src/ASF/sam0/drivers/sercom/sercom.o (__aeabi_lmul)
c:/program files (x86)/atmel/studio/7.0/toolchain/arm/arm-gnu-toolchain/bin/../lib/gcc/arm-none-eabi/6.3.1/thumb/v6-m\libgcc.a(mulsf3.o)
                              src/firmware/uart_245_driver.o (__aeabi_fmul)
c:/program files (x86)/atmel/studio/7.0/toolchain/arm/arm-gnu-toolchain/bin/../lib/gcc/arm-none-eabi/6.3.1/thumb/v6-m\libgcc.a(subsf3.o)
                              src/firmware/uart_245_driver.o (__aeabi_fsub)
c:/program files (x86)/atmel/studio/7.0/toolchain/arm/arm-gnu-toolchain/bin/../lib/gcc/arm-none-eabi/6.3.1/thumb/v6-m\libgcc.a(fixsfsi.o)
                              src/firmware/uart_245_driver.o (__aeabi_f2iz)
c:/program files (x86)/atmel/studio/7.0/toolchain/arm/arm-gnu-toolchain/bin/../lib/gcc/arm-none-eabi/6.3.1/thumb/v6-m\libgcc.a(floatsisf.o)
                              src/firmware/uart_245_driver.o (__aeabi_i2f)
c:/program files (x86)/atmel/studio/7.0/toolchain/arm/arm-gnu-toolchain/bin/../lib/gcc/arm-none-eabi/6.3.1/thumb/v6-m\libgcc.a(floatunsisf.o)
                              src/firmware/uart_245_driver.o (__aeabi_ui2f)
c:/program files (x86)/atmel/studio/7.0/toolchain/arm/arm-gnu-toolchain/bin/../lib/gcc/arm-none-eabi/6.3.1/thumb/v6-m\libgcc.a(_clzsi2.o)
                              c:/program files (x86)/atmel/studio/7.0/toolchain/arm/arm-gnu-toolchain/bin/../lib/gcc/arm-none-eabi/6.3.1/thumb/v6-m\libgcc.a(mulsf3.o) (__clzsi2)
c:/program files (x86)/atmel/studio/7.0/toolchain/arm/arm-gnu-toolchain/bin/../lib/gcc/arm-none-eabi/6.3.1/../../../../arm-none-eabi/lib/thumb/v6-m\libc_nano.a(lib_a-atoi.o)
                              src/firmware/uart_915_driver.o (atoi)
c:/program files (x86)/atmel/studio/7.0/toolchain/arm/arm-gnu-toolchain/bin/../lib/gcc/arm-none-eabi/6.3.1/../../../../arm-none-eabi/lib/thumb/v6-m\libc_nano.a(lib_a-exit.o)
                              c:/program files (x86)/atmel/studio/7.0/toolchain/arm/arm-gnu-toolchain/bin/../lib/gcc/arm-none-eabi/6.3.1/../../../../arm-none-eabi/lib/thumb/v6-m/crt0.o (exit)
c:/program files (x86)/atmel/studio/7.0/toolchain/arm/arm-gnu-toolchain/bin/../lib/gcc/arm-none-eabi/6.3.1/../../../../arm-none-eabi/lib/thumb/v6-m\libc_nano.a(lib_a-impure.o)
                              c:/program files (x86)/atmel/studio/7.0/toolchain/arm/arm-gnu-toolchain/bin/../lib/gcc/arm-none-eabi/6.3.1/../../../../arm-none-eabi/lib/thumb/v6-m\libc_nano.a(lib_a-exit.o) (_global_impure_ptr)
c:/program files (x86)/atmel/studio/7.0/toolchain/arm/arm-gnu-toolchain/bin/../lib/gcc/arm-none-eabi/6.3.1/../../../../arm-none-eabi/lib/thumb/v6-m\libc_nano.a(lib_a-init.o)
                              c:/program files (x86)/atmel/studio/7.0/toolchain/arm/arm-gnu-toolchain/bin/../lib/gcc/arm-none-eabi/6.3.1/../../../../arm-none-eabi/lib/thumb/v6-m/crt0.o (__libc_init_array)
c:/program files (x86)/atmel/studio/7.0/toolchain/arm/arm-gnu-toolchain/bin/../lib/gcc/arm-none-eabi/6.3.1/../../../../arm-none-eabi/lib/thumb/v6-m\libc_nano.a(lib_a-locale.o)
                              src/firmware/uart_915_driver.o (__locale_ctype_ptr)
c:/program files (x86)/atmel/studio/7.0/toolchain/arm/arm-gnu-toolchain/bin/../lib/gcc/arm-none-eabi/6.3.1/../../../../arm-none-eabi/lib/thumb/v6-m\libc_nano.a(lib_a-mbtowc_r.o)
                              c:/program files (x86)/atmel/studio/7.0/toolchain/arm/arm-gnu-toolchain/bin/../lib/gcc/arm-none-eabi/6.3.1/../../../../arm-none-eabi/lib/thumb/v6-m\libc_nano.a(lib_a-locale.o) (__ascii_mbtowc)
c:/program files (x86)/atmel/studio/7.0/toolchain/arm/arm-gnu-toolchain/bin/../lib/gcc/arm-none-eabi/6.3.1/../../../../arm-none-eabi/lib/thumb/v6-m\libc_nano.a(lib_a-memset.o)
                              c:/program files (x86)/atmel/studio/7.0/toolchain/arm/arm-gnu-toolchain/bin/../lib/gcc/arm-none-eabi/6.3.1/../../../../arm-none-eabi/lib/thumb/v6-m/crt0.o (memset)
[...]
Memory Configuration

Name             Origin             Length             Attributes
rom              0x00000000         0x00040000         xr
ram              0x20000000         0x00008000         xrw
*default*        0x00000000         0xffffffff

Linker script and memory map

LOAD c:/program files (x86)/atmel/studio/7.0/toolchain/arm/arm-gnu-toolchain/bin/../lib/gcc/arm-none-eabi/6.3.1/thumb/v6-m/crti.o
LOAD c:/program files (x86)/atmel/studio/7.0/toolchain/arm/arm-gnu-toolchain/bin/../lib/gcc/arm-none-eabi/6.3.1/thumb/v6-m/crtbegin.o
LOAD c:/program files (x86)/atmel/studio/7.0/toolchain/arm/arm-gnu-toolchain/bin/../lib/gcc/arm-none-eabi/6.3.1/../../../../arm-none-eabi/lib/thumb/v6-m/crt0.o
LOAD src/firmware/rssi_mngr.o
LOAD src/firmware/simsys_ringbuff.o
LOAD src/firmware/spi_40_driver.o
LOAD src/firmware/uart_245_driver.o
LOAD src/firmware/uart_915_driver.o
LOAD src/firmware/uart_fiber.o
LOAD src/ASF/common2/services/delay/sam0/systick_counter.o
LOAD src/ASF/sam0/drivers/port/port.o
LOAD src/ASF/sam0/drivers/sercom/sercom.o
LOAD src/ASF/sam0/drivers/sercom/usart/usart.o
LOAD src/ASF/sam0/drivers/sercom/usart/usart_interrupt.o
LOAD src/ASF/sam0/drivers/sercom/spi/spi.o
LOAD src/ASF/sam0/drivers/sercom/spi/spi_interrupt.o
LOAD src/ASF/sam0/drivers/sercom/sercom_interrupt.o
LOAD src/ASF/common2/boards/user_board/init.o
LOAD src/ASF/common/utils/interrupt/interrupt_sam_nvic.o
LOAD src/ASF/sam0/drivers/system/clock/clock_samd21_r21_da_ha1/clock.o
LOAD src/ASF/sam0/drivers/system/clock/clock_samd21_r21_da_ha1/gclk.o
LOAD src/ASF/sam0/drivers/system/interrupt/system_interrupt.o
LOAD src/ASF/sam0/drivers/system/pinmux/pinmux.o
LOAD src/ASF/sam0/drivers/system/system.o
LOAD src/ASF/sam0/utils/cmsis/samd21/source/gcc/startup_samd21.o
LOAD src/ASF/sam0/utils/cmsis/samd21/source/system_samd21.o
LOAD src/ASF/sam0/utils/syscalls/gcc/syscalls.o
LOAD src/main.o
START GROUP
LOAD ../src/ASF/thirdparty/CMSIS/Lib/GCC\libarm_cortexM0l_math.a
LOAD c:/program files (x86)/atmel/studio/7.0/toolchain/arm/arm-gnu-toolchain/bin/../lib/gcc/arm-none-eabi/6.3.1/../../../../arm-none-eabi/lib/thumb/v6-m\libm.a
END GROUP
START GROUP
LOAD c:/program files (x86)/atmel/studio/7.0/toolchain/arm/arm-gnu-toolchain/bin/../lib/gcc/arm-none-eabi/6.3.1/thumb/v6-m\libgcc.a
LOAD c:/program files (x86)/atmel/studio/7.0/toolchain/arm/arm-gnu-toolchain/bin/../lib/gcc/arm-none-eabi/6.3.1/../../../../arm-none-eabi/lib/thumb/v6-m\libc_nano.a
END GROUP
START GROUP
LOAD c:/program files (x86)/atmel/studio/7.0/toolchain/arm/arm-gnu-toolchain/bin/../lib/gcc/arm-none-eabi/6.3.1/thumb/v6-m\libgcc.a
LOAD c:/program files (x86)/atmel/studio/7.0/toolchain/arm/arm-gnu-toolchain/bin/../lib/gcc/arm-none-eabi/6.3.1/../../../../arm-none-eabi/lib/thumb/v6-m\libc_nano.a
END GROUP
LOAD c:/program files (x86)/atmel/studio/7.0/toolchain/arm/arm-gnu-toolchain/bin/../lib/gcc/arm-none-eabi/6.3.1/thumb/v6-m/crtend.o
LOAD c:/program files (x86)/atmel/studio/7.0/toolchain/arm/arm-gnu-toolchain/bin/../lib/gcc/arm-none-eabi/6.3.1/thumb/v6-m/crtn.o
                0x00002000                STACK_SIZE = DEFINED (STACK_SIZE)?STACK_SIZE:DEFINED (__stack_size__)?__stack_size__:0x2000

.text           0x00000000     0x3910
                0x00000000                . = ALIGN (0x4)
                0x00000000                _sfixed = .
 *(.vectors .vectors.*)
 .vectors       0x00000000       0xb4 src/ASF/sam0/utils/cmsis/samd21/source/gcc/startup_samd21.o
                0x00000000                exception_table
 *(.text .text.* .gnu.linkonce.t.*)
 .text          0x000000b4       0x60 c:/program files (x86)/atmel/studio/7.0/toolchain/arm/arm-gnu-toolchain/bin/../lib/gcc/arm-none-eabi/6.3.1/thumb/v6-m/crtbegin.o
 .text.ringbuff_clear
                0x00000114       0x12 src/firmware/simsys_ringbuff.o
                0x00000114                ringbuff_clear
 *fill*         0x00000126        0x2 
 .text.ringbuff_put
                0x00000128       0x38 src/firmware/simsys_ringbuff.o
                0x00000128                ringbuff_put
 .text.ringbuff_is_empty
                0x00000160        0xe src/firmware/simsys_ringbuff.o
                0x00000160                ringbuff_is_empty
 *fill*         0x0000016e        0x2 
 .text.ringbuff_get
                0x00000170       0x54 src/firmware/simsys_ringbuff.o
                0x00000170                ringbuff_get
 .text.spi40_init
                0x000001c4      0x10c src/firmware/spi_40_driver.o
                0x000001c4                spi40_init
 .text.spi40_start_xfer
                0x000002d0       0x60 src/firmware/spi_40_driver.o
                0x000002d0                spi40_start_xfer
 .text.spi40_stop_xfer
                0x00000330       0x1c src/firmware/spi_40_driver.o
                0x00000330                spi40_stop_xfer
 .text.spi40_read
                0x0000034c       0x18 src/firmware/spi_40_driver.o
                0x0000034c                spi40_read
 .text.spi40_rd8
                0x00000364       0x30 src/firmware/spi_40_driver.o
                0x00000364                spi40_rd8
 .text.spi40_write
                0x00000394       0x18 src/firmware/spi_40_driver.o
                0x00000394                spi40_write
 .text.spi40_wr8
                0x000003ac       0x30 src/firmware/spi_40_driver.o
                0x000003ac                spi40_wr8
 .text.spi40_autorange
                0x000003dc       0x20 src/firmware/spi_40_driver.o
                0x000003dc                spi40_autorange
 .text.spi40_init_test10
                0x000003fc      0x4ec src/firmware/spi_40_driver.o
                0x000003fc                spi40_init_test10
 .text.spi40_rollavg
                0x000008e8       0x44 src/firmware/spi_40_driver.o
                0x000008e8                spi40_rollavg
 .text.spi40_rssi
                0x0000092c       0x18 src/firmware/spi_40_driver.o
                0x0000092c                spi40_rssi
 .text.uart245_init
                0x00000944       0xbc src/firmware/uart_245_driver.o
                0x00000944                uart245_init
 .text.uart245_wait_prompt
                0x00000a00       0x4c src/firmware/uart_245_driver.o
                0x00000a00                uart245_wait_prompt
 .text.uart245_enter_config
                0x00000a4c       0x2c src/firmware/uart_245_driver.o
                0x00000a4c                uart245_enter_config
 .text.uart245_config_get_rssi
                0x00000a78       0x5c src/firmware/uart_245_driver.o
                0x00000a78                uart245_config_get_rssi
 .text.uart915_parse_response
                0x00000ad4       0x84 src/firmware/uart_915_driver.o
 .text.uart915_read_callback
                0x00000b58       0x3c src/firmware/uart_915_driver.o
 .text.configure_915uart_callbacks
                0x00000b94       0x38 src/firmware/uart_915_driver.o
                0x00000b94                configure_915uart_callbacks
 .text.uart915_init
                0x00000bcc       0xc4 src/firmware/uart_915_driver.o
                0x00000bcc                uart915_init
 .text.uart915_write_cmd
                0x00000c90       0x4c src/firmware/uart_915_driver.o
                0x00000c90                uart915_write_cmd
 .text.uart915_get_rssi
                0x00000cdc       0x98 src/firmware/uart_915_driver.o
                0x00000cdc                uart915_get_rssi
 .text.uartfiber_parse_cmd
                0x00000d74       0x74 src/firmware/uart_fiber.o
 .text.uartfiber_read_callback
                0x00000de8       0x28 src/firmware/uart_fiber.o
 .text.configure_uartfiber_callbacks
                0x00000e10       0x38 src/firmware/uart_fiber.o
                0x00000e10                configure_uartfiber_callbacks
 .text.uartfiber_init
                0x00000e48       0xc4 src/firmware/uart_fiber.o
                0x00000e48                uartfiber_init
 .text.uartfiber_init_rssi
                0x00000f0c        0xc src/firmware/uart_fiber.o
                0x00000f0c                uartfiber_init_rssi
 .text.delay_init
                0x00000f18       0x3c src/ASF/common2/services/delay/sam0/systick_counter.o
                0x00000f18                delay_init
 .text.delay_cycles_ms
                0x00000f54       0x30 src/ASF/common2/services/delay/sam0/systick_counter.o
                0x00000f54                delay_cycles_ms
 .text.port_pin_set_config
                0x00000f84       0x24 src/ASF/sam0/drivers/port/port.o
                0x00000f84                port_pin_set_config
 .text.long_division
                0x00000fa8       0xae src/ASF/sam0/drivers/sercom/sercom.o
 .text._sercom_get_sync_baud_val
                0x00001056       0x2a src/ASF/sam0/drivers/sercom/sercom.o
                0x00001056                _sercom_get_sync_baud_val
 .text._sercom_get_async_baud_val
                0x00001080       0x9c src/ASF/sam0/drivers/sercom/sercom.o
                0x00001080                _sercom_get_async_baud_val
 .text.sercom_set_gclk_generator
                0x0000111c       0x4c src/ASF/sam0/drivers/sercom/sercom.o
                0x0000111c                sercom_set_gclk_generator
 .text._sercom_get_default_pad
                0x00001168       0xfc src/ASF/sam0/drivers/sercom/sercom.o
                0x00001168                _sercom_get_default_pad
 .text._sercom_get_sercom_inst_index
                0x00001264       0x34 src/ASF/sam0/drivers/sercom/sercom.o
                0x00001264                _sercom_get_sercom_inst_index
 .text._usart_set_config
                0x00001298      0x1d8 src/ASF/sam0/drivers/sercom/usart/usart.o
 .text.usart_init
                0x00001470      0x144 src/ASF/sam0/drivers/sercom/usart/usart.o
                0x00001470                usart_init
 .text.usart_write_wait
                0x000015b4       0x2a src/ASF/sam0/drivers/sercom/usart/usart.o
                0x000015b4                usart_write_wait
 .text.usart_read_wait
                0x000015de       0x74 src/ASF/sam0/drivers/sercom/usart/usart.o
                0x000015de                usart_read_wait
 *fill*         0x00001652        0x2 
 .text.usart_write_buffer_wait
                0x00001654       0xa8 src/ASF/sam0/drivers/sercom/usart/usart.o
                0x00001654                usart_write_buffer_wait
 .text.usart_read_buffer_wait
                0x000016fc       0x8c src/ASF/sam0/drivers/sercom/usart/usart.o
                0x000016fc                usart_read_buffer_wait
 .text._usart_write_buffer
                0x00001788       0x3c src/ASF/sam0/drivers/sercom/usart/usart_interrupt.o
                0x00001788                _usart_write_buffer
 .text._usart_read_buffer
                0x000017c4       0x54 src/ASF/sam0/drivers/sercom/usart/usart_interrupt.o
                0x000017c4                _usart_read_buffer
 .text.usart_register_callback
                0x00001818       0x18 src/ASF/sam0/drivers/sercom/usart/usart_interrupt.o
                0x00001818                usart_register_callback
 .text.usart_write_buffer_job
                0x00001830       0x20 src/ASF/sam0/drivers/sercom/usart/usart_interrupt.o
                0x00001830                usart_write_buffer_job
 .text.usart_read_buffer_job
                0x00001850       0x20 src/ASF/sam0/drivers/sercom/usart/usart_interrupt.o
                0x00001850                usart_read_buffer_job
 .text._usart_interrupt_handler
                0x00001870      0x1a0 src/ASF/sam0/drivers/sercom/usart/usart_interrupt.o
                0x00001870                _usart_interrupt_handler
 .text._spi_clear_tx_complete_flag
                0x00001a10        0x8 src/ASF/sam0/drivers/sercom/spi/spi.o
 .text._spi_set_config
                0x00001a18      0x14c src/ASF/sam0/drivers/sercom/spi/spi.o
 .text.spi_init
                0x00001b64       0xec src/ASF/sam0/drivers/sercom/spi/spi.o
                0x00001b64                spi_init
 .text.spi_read_buffer_wait
                0x00001c50       0xfc src/ASF/sam0/drivers/sercom/spi/spi.o
                0x00001c50                spi_read_buffer_wait
 .text.spi_select_slave
                0x00001d4c       0xfc src/ASF/sam0/drivers/sercom/spi/spi.o
                0x00001d4c                spi_select_slave
 .text.spi_write_buffer_wait
                0x00001e48      0x1ec src/ASF/sam0/drivers/sercom/spi/spi.o
                0x00001e48                spi_write_buffer_wait
 .text.spi_transceive_buffer_wait
                0x00002034      0x264 src/ASF/sam0/drivers/sercom/spi/spi.o
                0x00002034                spi_transceive_buffer_wait
 .text._spi_write
                0x00002298       0x32 src/ASF/sam0/drivers/sercom/spi/spi_interrupt.o
 *fill*         0x000022ca        0x2 
 .text._spi_write_dummy
                0x000022cc       0x18 src/ASF/sam0/drivers/sercom/spi/spi_interrupt.o
 .text._spi_read_dummy
                0x000022e4        0xe src/ASF/sam0/drivers/sercom/spi/spi_interrupt.o
 .text._spi_read
                0x000022f2       0x30 src/ASF/sam0/drivers/sercom/spi/spi_interrupt.o
 *fill*         0x00002322        0x2 
 .text._spi_interrupt_handler
                0x00002324      0x1c8 src/ASF/sam0/drivers/sercom/spi/spi_interrupt.o
                0x00002324                _spi_interrupt_handler
 .text._sercom_default_handler
                0x000024ec        0x2 src/ASF/sam0/drivers/sercom/sercom_interrupt.o
 *fill*         0x000024ee        0x2 
 .text._sercom_set_handler
                0x000024f0       0x40 src/ASF/sam0/drivers/sercom/sercom_interrupt.o
                0x000024f0                _sercom_set_handler
 .text._sercom_get_interrupt_vector
                0x00002530       0x20 src/ASF/sam0/drivers/sercom/sercom_interrupt.o
                0x00002530                _sercom_get_interrupt_vector
 .text.SERCOM0_Handler
                0x00002550       0x10 src/ASF/sam0/drivers/sercom/sercom_interrupt.o
                0x00002550                SERCOM0_Handler
 .text.SERCOM1_Handler
                0x00002560       0x10 src/ASF/sam0/drivers/sercom/sercom_interrupt.o
                0x00002560                SERCOM1_Handler
 .text.SERCOM2_Handler
                0x00002570       0x10 src/ASF/sam0/drivers/sercom/sercom_interrupt.o
                0x00002570                SERCOM2_Handler
 .text.SERCOM3_Handler
                0x00002580       0x10 src/ASF/sam0/drivers/sercom/sercom_interrupt.o
                0x00002580                SERCOM3_Handler
 .text.system_board_init
                0x00002590        0x2 src/ASF/common2/boards/user_board/init.o
                0x00002590                board_init
                0x00002590                system_board_init
 *fill*         0x00002592        0x2 
 .text.cpu_irq_enter_critical
                0x00002594       0x40 src/ASF/common/utils/interrupt/interrupt_sam_nvic.o
                0x00002594                cpu_irq_enter_critical
 .text.cpu_irq_leave_critical
                0x000025d4       0x30 src/ASF/common/utils/interrupt/interrupt_sam_nvic.o
                0x000025d4                cpu_irq_leave_critical
 .text._switch_peripheral_gclk
                0x00002604       0x24 src/ASF/sam0/drivers/system/clock/clock_samd21_r21_da_ha1/clock.o
 .text.system_clock_source_get_hz
                0x00002628       0x90 src/ASF/sam0/drivers/system/clock/clock_samd21_r21_da_ha1/clock.o
                0x00002628                system_clock_source_get_hz
 .text.system_clock_source_osc8m_set_config
                0x000026b8       0x3c src/ASF/sam0/drivers/system/clock/clock_samd21_r21_da_ha1/clock.o
                0x000026b8                system_clock_source_osc8m_set_config
 .text.system_clock_source_enable
                0x000026f4       0xac src/ASF/sam0/drivers/system/clock/clock_samd21_r21_da_ha1/clock.o
                0x000026f4                system_clock_source_enable
 .text.system_clock_init
                0x000027a0       0x84 src/ASF/sam0/drivers/system/clock/clock_samd21_r21_da_ha1/clock.o
                0x000027a0                system_clock_init
 .text.system_gclk_init
                0x00002824       0x24 src/ASF/sam0/drivers/system/clock/clock_samd21_r21_da_ha1/gclk.o
                0x00002824                system_gclk_init
 .text.system_gclk_gen_set_config
                0x00002848       0xd0 src/ASF/sam0/drivers/system/clock/clock_samd21_r21_da_ha1/gclk.o
                0x00002848                system_gclk_gen_set_config
 .text.system_gclk_gen_enable
                0x00002918       0x58 src/ASF/sam0/drivers/system/clock/clock_samd21_r21_da_ha1/gclk.o
                0x00002918                system_gclk_gen_enable
 .text.system_gclk_gen_get_hz
                0x00002970       0xac src/ASF/sam0/drivers/system/clock/clock_samd21_r21_da_ha1/gclk.o
                0x00002970                system_gclk_gen_get_hz
 .text.system_gclk_chan_enable
                0x00002a1c       0x30 src/ASF/sam0/drivers/system/clock/clock_samd21_r21_da_ha1/gclk.o
                0x00002a1c                system_gclk_chan_enable
 .text.system_gclk_chan_disable
                0x00002a4c       0x58 src/ASF/sam0/drivers/system/clock/clock_samd21_r21_da_ha1/gclk.o
                0x00002a4c                system_gclk_chan_disable
 .text.system_gclk_chan_set_config
                0x00002aa4       0x1c src/ASF/sam0/drivers/system/clock/clock_samd21_r21_da_ha1/gclk.o
                0x00002aa4                system_gclk_chan_set_config
 .text.system_gclk_chan_get_hz
                0x00002ac0       0x34 src/ASF/sam0/drivers/system/clock/clock_samd21_r21_da_ha1/gclk.o
                0x00002ac0                system_gclk_chan_get_hz
 .text._system_pinmux_config
                0x00002af4       0x94 src/ASF/sam0/drivers/system/pinmux/pinmux.o
 .text.system_pinmux_pin_set_config
                0x00002b88       0x30 src/ASF/sam0/drivers/system/pinmux/pinmux.o
                0x00002b88                system_pinmux_pin_set_config
 .text._system_dummy_init
                0x00002bb8        0x2 src/ASF/sam0/drivers/system/system.o
                0x00002bb8                _system_extint_init
                0x00002bb8                _system_events_init
                0x00002bb8                _system_dummy_init
                0x00002bb8                _system_divas_init
 *fill*         0x00002bba        0x2 
 .text.system_init
                0x00002bbc       0x2c src/ASF/sam0/drivers/system/system.o
                0x00002bbc                system_init
 .text.Dummy_Handler
                0x00002be8        0x2 src/ASF/sam0/utils/cmsis/samd21/source/gcc/startup_samd21.o
                0x00002be8                DMAC_Handler
                0x00002be8                HardFault_Handler
                0x00002be8                AC_Handler
                0x00002be8                SysTick_Handler
                0x00002be8                PendSV_Handler
                0x00002be8                NMI_Handler
                0x00002be8                ADC_Handler
                0x00002be8                TCC1_Handler
                0x00002be8                TCC0_Handler
                0x00002be8                RTC_Handler
                0x00002be8                EIC_Handler
                0x00002be8                WDT_Handler
                0x00002be8                TC4_Handler
                0x00002be8                USB_Handler
                0x00002be8                TC3_Handler
                0x00002be8                Dummy_Handler
                0x00002be8                PM_Handler
                0x00002be8                SVC_Handler
                0x00002be8                TCC2_Handler
                0x00002be8                EVSYS_Handler
                0x00002be8                I2S_Handler
                0x00002be8                NVMCTRL_Handler
                0x00002be8                DAC_Handler
                0x00002be8                PTC_Handler
                0x00002be8                TC5_Handler
                0x00002be8                SYSCTRL_Handler
 *fill*         0x00002bea        0x2 
 .text.Reset_Handler
                0x00002bec       0xc4 src/ASF/sam0/utils/cmsis/samd21/source/gcc/startup_samd21.o
                0x00002bec                Reset_Handler
 .text.conf_port_pin
                0x00002cb0       0xb8 src/main.o
                0x00002cb0                conf_port_pin
 .text.clk_osc8m_init
                0x00002d68       0x1c src/main.o
                0x00002d68                clk_osc8m_init
 .text.clk_gclk0_init
                0x00002d84       0x40 src/main.o
                0x00002d84                clk_gclk0_init
 .text.sys_clk_init
                0x00002dc4       0x1c src/main.o
                0x00002dc4                sys_clk_init
 .text.simSysInit
                0x00002de0       0x3c src/main.o
                0x00002de0                simSysInit
 .text.main     0x00002e1c       0x7c src/main.o
                0x00002e1c                main
 .text          0x00002e98      0x114 c:/program files (x86)/atmel/studio/7.0/toolchain/arm/arm-gnu-toolchain/bin/../lib/gcc/arm-none-eabi/6.3.1/thumb/v6-m\libgcc.a(_udivsi3.o)
                0x00002e98                __aeabi_uidiv
                0x00002e98                __udivsi3
                0x00002fa4                __aeabi_uidivmod
 .text          0x00002fac      0x1d4 c:/program files (x86)/atmel/studio/7.0/toolchain/arm/arm-gnu-toolchain/bin/../lib/gcc/arm-none-eabi/6.3.1/thumb/v6-m\libgcc.a(_divsi3.o)
                0x00002fac                __divsi3
                0x00002fac                __aeabi_idiv
                0x00003178                __aeabi_idivmod
 .text          0x00003180        0x4 c:/program files (x86)/atmel/studio/7.0/toolchain/arm/arm-gnu-toolchain/bin/../lib/gcc/arm-none-eabi/6.3.1/thumb/v6-m\libgcc.a(_dvmd_tls.o)
                0x00003180                __aeabi_idiv0
                0x00003180                __aeabi_ldiv0
 .text          0x00003184       0x54 c:/program files (x86)/atmel/studio/7.0/toolchain/arm/arm-gnu-toolchain/bin/../lib/gcc/arm-none-eabi/6.3.1/thumb/v6-m\libgcc.a(_muldi3.o)
                0x00003184                __muldi3
                0x00003184                __aeabi_lmul
 .text          0x000031d8      0x240 c:/program files (x86)/atmel/studio/7.0/toolchain/arm/arm-gnu-toolchain/bin/../lib/gcc/arm-none-eabi/6.3.1/thumb/v6-m\libgcc.a(mulsf3.o)
                0x000031d8                __aeabi_fmul
 .text          0x00003418       0x40 c:/program files (x86)/atmel/studio/7.0/toolchain/arm/arm-gnu-toolchain/bin/../lib/gcc/arm-none-eabi/6.3.1/thumb/v6-m\libgcc.a(fixsfsi.o)
                0x00003418                __aeabi_f2iz
 .text          0x00003458       0x8c c:/program files (x86)/atmel/studio/7.0/toolchain/arm/arm-gnu-toolchain/bin/../lib/gcc/arm-none-eabi/6.3.1/thumb/v6-m\libgcc.a(floatunsisf.o)
                0x00003458                __aeabi_ui2f
 .text          0x000034e4       0x3c c:/program files (x86)/atmel/studio/7.0/toolchain/arm/arm-gnu-toolchain/bin/../lib/gcc/arm-none-eabi/6.3.1/thumb/v6-m\libgcc.a(_clzsi2.o)
                0x000034e4                __clzsi2
 .text.atoi     0x00003520        0xc c:/program files (x86)/atmel/studio/7.0/toolchain/arm/arm-gnu-toolchain/bin/../lib/gcc/arm-none-eabi/6.3.1/../../../../arm-none-eabi/lib/thumb/v6-m\libc_nano.a(lib_a-atoi.o)
                0x00003520                atoi
 .text.__libc_init_array
                0x0000352c       0x48 c:/program files (x86)/atmel/studio/7.0/toolchain/arm/arm-gnu-toolchain/bin/../lib/gcc/arm-none-eabi/6.3.1/../../../../arm-none-eabi/lib/thumb/v6-m\libc_nano.a(lib_a-init.o)
                0x0000352c                __libc_init_array
 .text.__locale_ctype_ptr_l
                0x00003574        0x6 c:/program files (x86)/atmel/studio/7.0/toolchain/arm/arm-gnu-toolchain/bin/../lib/gcc/arm-none-eabi/6.3.1/../../../../arm-none-eabi/lib/thumb/v6-m\libc_nano.a(lib_a-locale.o)
                0x00003574                __locale_ctype_ptr_l
 *fill*         0x0000357a        0x2 
 .text.__locale_ctype_ptr
                0x0000357c       0x1c c:/program files (x86)/atmel/studio/7.0/toolchain/arm/arm-gnu-toolchain/bin/../lib/gcc/arm-none-eabi/6.3.1/../../../../arm-none-eabi/lib/thumb/v6-m\libc_nano.a(lib_a-locale.o)
                0x0000357c                __locale_ctype_ptr
 .text.__ascii_mbtowc
                0x00003598       0x24 c:/program files (x86)/atmel/studio/7.0/toolchain/arm/arm-gnu-toolchain/bin/../lib/gcc/arm-none-eabi/6.3.1/../../../../arm-none-eabi/lib/thumb/v6-m\libc_nano.a(lib_a-mbtowc_r.o)
                0x00003598                __ascii_mbtowc
 .text.memset   0x000035bc       0x10 c:/program files (x86)/atmel/studio/7.0/toolchain/arm/arm-gnu-toolchain/bin/../lib/gcc/arm-none-eabi/6.3.1/../../../../arm-none-eabi/lib/thumb/v6-m\libc_nano.a(lib_a-memset.o)
                0x000035bc                memset
 .text          0x000035cc        0xe c:/program files (x86)/atmel/studio/7.0/toolchain/arm/arm-gnu-toolchain/bin/../lib/gcc/arm-none-eabi/6.3.1/../../../../arm-none-eabi/lib/thumb/v6-m\libc_nano.a(lib_a-strlen.o)
                0x000035cc                strlen
 *fill*         0x000035da        0x2 
 .text._strtol_l.isra.0
                0x000035dc      0x10c c:/program files (x86)/atmel/studio/7.0/toolchain/arm/arm-gnu-toolchain/bin/../lib/gcc/arm-none-eabi/6.3.1/../../../../arm-none-eabi/lib/thumb/v6-m\libc_nano.a(lib_a-strtol.o)
 .text.strtol   0x000036e8       0x28 c:/program files (x86)/atmel/studio/7.0/toolchain/arm/arm-gnu-toolchain/bin/../lib/gcc/arm-none-eabi/6.3.1/../../../../arm-none-eabi/lib/thumb/v6-m\libc_nano.a(lib_a-strtol.o)
                0x000036e8                strtol
 .text.__ascii_wctomb
                0x00003710       0x18 c:/program files (x86)/atmel/studio/7.0/toolchain/arm/arm-gnu-toolchain/bin/../lib/gcc/arm-none-eabi/6.3.1/../../../../arm-none-eabi/lib/thumb/v6-m\libc_nano.a(lib_a-wctomb_r.o)
                0x00003710                __ascii_wctomb
 *(.glue_7t)
 .glue_7t       0x00003728        0x0 linker stubs
 *(.glue_7)
 .glue_7        0x00003728        0x0 linker stubs
 *(.rodata .rodata* .gnu.linkonce.r.*)
 .rodata.uart915_get_rssi.str1.4
                0x00003728       0x18 src/firmware/uart_915_driver.o
                                 0x15 (size before relaxing)
 .rodata        0x00003740       0x10 src/ASF/sam0/drivers/sercom/sercom.o
 .rodata        0x00003750        0x4 src/ASF/sam0/drivers/sercom/sercom_interrupt.o
 .rodata.system_clock_source_get_hz
                0x00003754       0x24 src/ASF/sam0/drivers/system/clock/clock_samd21_r21_da_ha1/clock.o
 .rodata.system_clock_source_enable
                0x00003778       0x24 src/ASF/sam0/drivers/system/clock/clock_samd21_r21_da_ha1/clock.o
 .rodata        0x0000379c        0x6 src/main.o
 *fill*         0x000037a2        0x2 
 .rodata        0x000037a4       0x40 c:/program files (x86)/atmel/studio/7.0/toolchain/arm/arm-gnu-toolchain/bin/../lib/gcc/arm-none-eabi/6.3.1/thumb/v6-m\libgcc.a(mulsf3.o)
 .rodata._setlocale_r.str1.1
                0x000037e4        0x8 c:/program files (x86)/atmel/studio/7.0/toolchain/arm/arm-gnu-toolchain/bin/../lib/gcc/arm-none-eabi/6.3.1/../../../../arm-none-eabi/lib/thumb/v6-m\libc_nano.a(lib_a-locale.o)
                                  0x9 (size before relaxing)
 .rodata.str1.1
                0x000037ec        0x2 c:/program files (x86)/atmel/studio/7.0/toolchain/arm/arm-gnu-toolchain/bin/../lib/gcc/arm-none-eabi/6.3.1/../../../../arm-none-eabi/lib/thumb/v6-m\libc_nano.a(lib_a-locale.o)
 .rodata._ctype_
                0x000037ee      0x101 c:/program files (x86)/atmel/studio/7.0/toolchain/arm/arm-gnu-toolchain/bin/../lib/gcc/arm-none-eabi/6.3.1/../../../../arm-none-eabi/lib/thumb/v6-m\libc_nano.a(lib_a-ctype_.o)
                0x000037ee                _ctype_
 *(.ARM.extab* .gnu.linkonce.armextab.*)
                0x000038f0                . = ALIGN (0x4)
 *fill*         0x000038ef        0x1 
 *(.init)
 .init          0x000038f0        0x4 c:/program files (x86)/atmel/studio/7.0/toolchain/arm/arm-gnu-toolchain/bin/../lib/gcc/arm-none-eabi/6.3.1/thumb/v6-m/crti.o
                0x000038f0                _init
 .init          0x000038f4        0x8 c:/program files (x86)/atmel/studio/7.0/toolchain/arm/arm-gnu-toolchain/bin/../lib/gcc/arm-none-eabi/6.3.1/thumb/v6-m/crtn.o
                0x000038fc                . = ALIGN (0x4)
                0x000038fc                __preinit_array_start = .
 *(.preinit_array)
                0x000038fc                __preinit_array_end = .
                0x000038fc                . = ALIGN (0x4)
                0x000038fc                __init_array_start = .
 *(SORT(.init_array.*))
 *(.init_array)
 .init_array    0x000038fc        0x4 c:/program files (x86)/atmel/studio/7.0/toolchain/arm/arm-gnu-toolchain/bin/../lib/gcc/arm-none-eabi/6.3.1/thumb/v6-m/crtbegin.o
                0x00003900                __init_array_end = .
                0x00003900                . = ALIGN (0x4)
 *crtbegin.o(.ctors)
 *(EXCLUDE_FILE(*crtend.o) .ctors)
 *(SORT(.ctors.*))
 *crtend.o(.ctors)
                0x00003900                . = ALIGN (0x4)
 *(.fini)
 .fini          0x00003900        0x4 c:/program files (x86)/atmel/studio/7.0/toolchain/arm/arm-gnu-toolchain/bin/../lib/gcc/arm-none-eabi/6.3.1/thumb/v6-m/crti.o
                0x00003900                _fini
 .fini          0x00003904        0x8 c:/program files (x86)/atmel/studio/7.0/toolchain/arm/arm-gnu-toolchain/bin/../lib/gcc/arm-none-eabi/6.3.1/thumb/v6-m/crtn.o
                0x0000390c                . = ALIGN (0x4)
                0x0000390c                __fini_array_start = .
 *(.fini_array)
 .fini_array    0x0000390c        0x4 c:/program files (x86)/atmel/studio/7.0/toolchain/arm/arm-gnu-toolchain/bin/../lib/gcc/arm-none-eabi/6.3.1/thumb/v6-m/crtbegin.o
 *(SORT(.fini_array.*))
                0x00003910                __fini_array_end = .
 *crtbegin.o(.dtors)
 *(EXCLUDE_FILE(*crtend.o) .dtors)
 *(SORT(.dtors.*))
 *crtend.o(.dtors)
                0x00003910                . = ALIGN (0x4)
                0x00003910                _efixed = .
                [!provide]                PROVIDE (__exidx_start, .)

.vfp11_veneer   0x00003910        0x0
 .vfp11_veneer  0x00003910        0x0 linker stubs

.v4_bx          0x00003910        0x0
 .v4_bx         0x00003910        0x0 linker stubs

.iplt           0x00003910        0x0
 .iplt          0x00003910        0x0 c:/program files (x86)/atmel/studio/7.0/toolchain/arm/arm-gnu-toolchain/bin/../lib/gcc/arm-none-eabi/6.3.1/thumb/v6-m/crtbegin.o

.eh_frame       0x00003910        0x0
 .eh_frame      0x00003910        0x0 c:/program files (x86)/atmel/studio/7.0/toolchain/arm/arm-gnu-toolchain/bin/../lib/gcc/arm-none-eabi/6.3.1/thumb/v6-m/crtbegin.o

.rel.dyn        0x00003910        0x0
 .rel.iplt      0x00003910        0x0 c:/program files (x86)/atmel/studio/7.0/toolchain/arm/arm-gnu-toolchain/bin/../lib/gcc/arm-none-eabi/6.3.1/thumb/v6-m/crtbegin.o

.jcr            0x00003910        0x0
 .jcr           0x00003910        0x0 c:/program files (x86)/atmel/studio/7.0/toolchain/arm/arm-gnu-toolchain/bin/../lib/gcc/arm-none-eabi/6.3.1/thumb/v6-m/crtbegin.o

.igot.plt       0x00003910        0x0
 .igot.plt      0x00003910        0x0 c:/program files (x86)/atmel/studio/7.0/toolchain/arm/arm-gnu-toolchain/bin/../lib/gcc/arm-none-eabi/6.3.1/thumb/v6-m/crtbegin.o

.ARM.exidx
 *(.ARM.exidx* .gnu.linkonce.armexidx.*)
                [!provide]                PROVIDE (__exidx_end, .)
                0x00003910                . = ALIGN (0x4)
                0x00003910                _etext = .

.relocate       0x20000000      0x1ec load address 0x00003910
                0x20000000                . = ALIGN (0x4)
                0x20000000                _srelocate = .
 *(.ramfunc .ramfunc.*)
 *(.data .data.*)
 .data.uart915_ringbuff
                0x20000000       0x10 src/firmware/uart_915_driver.o
 .data.cycles_per_ms
                0x20000010        0x4 src/ASF/common2/services/delay/sam0/systick_counter.o
 .data.cycles_per_us
                0x20000014        0x4 src/ASF/common2/services/delay/sam0/systick_counter.o
 .data.g_interrupt_enabled
                0x20000018        0x1 src/ASF/common/utils/interrupt/interrupt_sam_nvic.o
                0x20000018                g_interrupt_enabled
 *fill*         0x20000019        0x3 
 .data._impure_ptr
                0x2000001c        0x4 c:/program files (x86)/atmel/studio/7.0/toolchain/arm/arm-gnu-toolchain/bin/../lib/gcc/arm-none-eabi/6.3.1/../../../../arm-none-eabi/lib/thumb/v6-m\libc_nano.a(lib_a-impure.o)
                0x2000001c                _impure_ptr
 .data.impure_data
                0x20000020       0x60 c:/program files (x86)/atmel/studio/7.0/toolchain/arm/arm-gnu-toolchain/bin/../lib/gcc/arm-none-eabi/6.3.1/../../../../arm-none-eabi/lib/thumb/v6-m\libc_nano.a(lib_a-impure.o)
 .data.__global_locale
                0x20000080      0x16c c:/program files (x86)/atmel/studio/7.0/toolchain/arm/arm-gnu-toolchain/bin/../lib/gcc/arm-none-eabi/6.3.1/../../../../arm-none-eabi/lib/thumb/v6-m\libc_nano.a(lib_a-locale.o)
                0x20000080                __global_locale
                0x200001ec                . = ALIGN (0x4)
                0x200001ec                _erelocate = .

.bss            0x200001ec      0x204 load address 0x00003afc
                0x200001ec                . = ALIGN (0x4)
                0x200001ec                _sbss = .
                0x200001ec                _szero = .
 *(.bss .bss.*)
 .bss           0x200001ec       0x1c c:/program files (x86)/atmel/studio/7.0/toolchain/arm/arm-gnu-toolchain/bin/../lib/gcc/arm-none-eabi/6.3.1/thumb/v6-m/crtbegin.o
 .bss.count.12965
                0x20000208        0x1 src/firmware/spi_40_driver.o
 *fill*         0x20000209        0x3 
 .bss.sample_arr.12964
                0x2000020c        0xa src/firmware/spi_40_driver.o
 .bss.spi40InitComp
                0x20000216        0x1 src/firmware/spi_40_driver.o
                0x20000216                spi40InitComp
 *fill*         0x20000217        0x1 
 .bss.spi40_status_bits
                0x20000218        0x2 src/firmware/spi_40_driver.o
 *fill*         0x2000021a        0x2 
 .bss.uart245_inst
                0x2000021c       0x34 src/firmware/uart_245_driver.o
 .bss.uart245_rx_buff
                0x20000250       0x20 src/firmware/uart_245_driver.o
 .bss.flag_ok_received
                0x20000270        0x1 src/firmware/uart_915_driver.o
 .bss.rx_state  0x20000271        0x1 src/firmware/uart_915_driver.o
 *fill*         0x20000272        0x2 
 .bss.uart915_inst
                0x20000274       0x34 src/firmware/uart_915_driver.o
 .bss.uart915_rx_buff
                0x200002a8       0x80 src/firmware/uart_915_driver.o
 .bss.uart915_rx_read
                0x20000328        0x1 src/firmware/uart_915_driver.o
 *fill*         0x20000329        0x3 
 .bss.uartfiber_inst
                0x2000032c       0x34 src/firmware/uart_fiber.o
 .bss.uartfiber_rssi
                0x20000360        0x4 src/firmware/uart_fiber.o
 .bss.uartfiber_rx_read
                0x20000364        0x1 src/firmware/uart_fiber.o
 *fill*         0x20000365        0x3 
 .bss._sercom_config
                0x20000368        0x2 src/ASF/sam0/drivers/sercom/sercom.o
 .bss._handler_table_initialized
                0x2000036a        0x1 src/ASF/sam0/drivers/sercom/sercom_interrupt.o
 *fill*         0x2000036b        0x1 
 .bss._sercom_interrupt_handlers
                0x2000036c       0x10 src/ASF/sam0/drivers/sercom/sercom_interrupt.o
 .bss.cpu_irq_critical_section_counter
                0x2000037c        0x4 src/ASF/common/utils/interrupt/interrupt_sam_nvic.o
 .bss.cpu_irq_prev_interrupt_state
                0x20000380        0x1 src/ASF/common/utils/interrupt/interrupt_sam_nvic.o
 *fill*         0x20000381        0x3 
 .bss._system_clock_inst
                0x20000384       0x18 src/ASF/sam0/drivers/system/clock/clock_samd21_r21_da_ha1/clock.o
 *(COMMON)
 COMMON         0x2000039c       0x3f src/firmware/spi_40_driver.o
                0x2000039c                spi40Master
                0x200003d8                spi40Slave
 *fill*         0x200003db        0x1 
 COMMON         0x200003dc        0x2 src/ASF/sam0/drivers/sercom/spi/spi_interrupt.o
                0x200003dc                dummy_write
 *fill*         0x200003de        0x2 
 COMMON         0x200003e0       0x10 src/ASF/sam0/drivers/sercom/sercom_interrupt.o
                0x200003e0                _sercom_instances
                0x200003f0                . = ALIGN (0x4)
                0x200003f0                _ebss = .
                0x200003f0                _ezero = .

.stack          0x200003f0     0x2000 load address 0x00003d00
                0x200003f0                . = ALIGN (0x8)
                0x200003f0                _sstack = .
                0x200023f0                . = (. + STACK_SIZE)
 *fill*         0x200003f0     0x2000 
                0x200023f0                . = ALIGN (0x8)
                0x200023f0                _estack = .
                0x200023f0                . = ALIGN (0x4)
                0x200023f0                _end = .
OUTPUT(rxboard_ex.elf elf32-littlearm)

.ARM.attributes
                0x00000000       0x28
 .ARM.attributes
                0x00000000       0x1e c:/program files (x86)/atmel/studio/7.0/toolchain/arm/arm-gnu-toolchain/bin/../lib/gcc/arm-none-eabi/6.3.1/thumb/v6-m/crti.o
 .ARM.attributes
                0x0000001e       0x2c c:/program files (x86)/atmel/studio/7.0/toolchain/arm/arm-gnu-toolchain/bin/../lib/gcc/arm-none-eabi/6.3.1/thumb/v6-m/crtbegin.o
 .ARM.attributes
                0x0000004a       0x32 src/firmware/simsys_ringbuff.o
 .ARM.attributes
                0x0000007c       0x32 src/firmware/spi_40_driver.o
 .ARM.attributes
                0x000000ae       0x32 src/firmware/uart_245_driver.o
 .ARM.attributes
                0x000000e0       0x32 src/firmware/uart_915_driver.o
 .ARM.attributes
                0x00000112       0x32 src/firmware/uart_fiber.o
 .ARM.attributes
                0x00000144       0x32 src/ASF/common2/services/delay/sam0/systick_counter.o
 .ARM.attributes
                0x00000176       0x32 src/ASF/sam0/drivers/port/port.o
 .ARM.attributes
                0x000001a8       0x32 src/ASF/sam0/drivers/sercom/sercom.o
 .ARM.attributes
                0x000001da       0x32 src/ASF/sam0/drivers/sercom/usart/usart.o
 .ARM.attributes
                0x0000020c       0x32 src/ASF/sam0/drivers/sercom/usart/usart_interrupt.o
 .ARM.attributes
                0x0000023e       0x32 src/ASF/sam0/drivers/sercom/spi/spi.o
 .ARM.attributes
                0x00000270       0x32 src/ASF/sam0/drivers/sercom/spi/spi_interrupt.o
 .ARM.attributes
                0x000002a2       0x32 src/ASF/sam0/drivers/sercom/sercom_interrupt.o
 .ARM.attributes
                0x000002d4       0x32 src/ASF/common2/boards/user_board/init.o
 .ARM.attributes
                0x00000306       0x32 src/ASF/common/utils/interrupt/interrupt_sam_nvic.o
 .ARM.attributes
                0x00000338       0x32 src/ASF/sam0/drivers/system/clock/clock_samd21_r21_da_ha1/clock.o
 .ARM.attributes
                0x0000036a       0x32 src/ASF/sam0/drivers/system/clock/clock_samd21_r21_da_ha1/gclk.o
 .ARM.attributes
                0x0000039c       0x32 src/ASF/sam0/drivers/system/pinmux/pinmux.o
 .ARM.attributes
                0x000003ce       0x32 src/ASF/sam0/drivers/system/system.o
 .ARM.attributes
                0x00000400       0x32 src/ASF/sam0/utils/cmsis/samd21/source/gcc/startup_samd21.o
 .ARM.attributes
                0x00000432       0x32 src/main.o
 .ARM.attributes
                0x00000464       0x1e c:/program files (x86)/atmel/studio/7.0/toolchain/arm/arm-gnu-toolchain/bin/../lib/gcc/arm-none-eabi/6.3.1/thumb/v6-m\libgcc.a(_udivsi3.o)
 .ARM.attributes
                0x00000482       0x1e c:/program files (x86)/atmel/studio/7.0/toolchain/arm/arm-gnu-toolchain/bin/../lib/gcc/arm-none-eabi/6.3.1/thumb/v6-m\libgcc.a(_divsi3.o)
 .ARM.attributes
                0x000004a0       0x1e c:/program files (x86)/atmel/studio/7.0/toolchain/arm/arm-gnu-toolchain/bin/../lib/gcc/arm-none-eabi/6.3.1/thumb/v6-m\libgcc.a(_dvmd_tls.o)
 .ARM.attributes
                0x000004be       0x2c c:/program files (x86)/atmel/studio/7.0/toolchain/arm/arm-gnu-toolchain/bin/../lib/gcc/arm-none-eabi/6.3.1/thumb/v6-m\libgcc.a(_muldi3.o)
 .ARM.attributes
                0x000004ea       0x2c c:/program files (x86)/atmel/studio/7.0/toolchain/arm/arm-gnu-toolchain/bin/../lib/gcc/arm-none-eabi/6.3.1/thumb/v6-m\libgcc.a(mulsf3.o)
 .ARM.attributes
                0x00000516       0x2c c:/program files (x86)/atmel/studio/7.0/toolchain/arm/arm-gnu-toolchain/bin/../lib/gcc/arm-none-eabi/6.3.1/thumb/v6-m\libgcc.a(fixsfsi.o)
 .ARM.attributes
                0x00000542       0x2c c:/program files (x86)/atmel/studio/7.0/toolchain/arm/arm-gnu-toolchain/bin/../lib/gcc/arm-none-eabi/6.3.1/thumb/v6-m\libgcc.a(floatunsisf.o)
 .ARM.attributes
                0x0000056e       0x1e c:/program files (x86)/atmel/studio/7.0/toolchain/arm/arm-gnu-toolchain/bin/../lib/gcc/arm-none-eabi/6.3.1/thumb/v6-m\libgcc.a(_clzsi2.o)
 .ARM.attributes
                0x0000058c       0x2c c:/program files (x86)/atmel/studio/7.0/toolchain/arm/arm-gnu-toolchain/bin/../lib/gcc/arm-none-eabi/6.3.1/../../../../arm-none-eabi/lib/thumb/v6-m\libc_nano.a(lib_a-atoi.o)
 .ARM.attributes
                0x000005b8       0x2c c:/program files (x86)/atmel/studio/7.0/toolchain/arm/arm-gnu-toolchain/bin/../lib/gcc/arm-none-eabi/6.3.1/../../../../arm-none-eabi/lib/thumb/v6-m\libc_nano.a(lib_a-impure.o)
 .ARM.attributes
                0x000005e4       0x2c c:/program files (x86)/atmel/studio/7.0/toolchain/arm/arm-gnu-toolchain/bin/../lib/gcc/arm-none-eabi/6.3.1/../../../../arm-none-eabi/lib/thumb/v6-m\libc_nano.a(lib_a-init.o)
 .ARM.attributes
                0x00000610       0x2c c:/program files (x86)/atmel/studio/7.0/toolchain/arm/arm-gnu-toolchain/bin/../lib/gcc/arm-none-eabi/6.3.1/../../../../arm-none-eabi/lib/thumb/v6-m\libc_nano.a(lib_a-locale.o)
 .ARM.attributes
                0x0000063c       0x2c c:/program files (x86)/atmel/studio/7.0/toolchain/arm/arm-gnu-toolchain/bin/../lib/gcc/arm-none-eabi/6.3.1/../../../../arm-none-eabi/lib/thumb/v6-m\libc_nano.a(lib_a-mbtowc_r.o)
 .ARM.attributes
                0x00000668       0x2c c:/program files (x86)/atmel/studio/7.0/toolchain/arm/arm-gnu-toolchain/bin/../lib/gcc/arm-none-eabi/6.3.1/../../../../arm-none-eabi/lib/thumb/v6-m\libc_nano.a(lib_a-memset.o)
 .ARM.attributes
                0x00000694       0x1c c:/program files (x86)/atmel/studio/7.0/toolchain/arm/arm-gnu-toolchain/bin/../lib/gcc/arm-none-eabi/6.3.1/../../../../arm-none-eabi/lib/thumb/v6-m\libc_nano.a(lib_a-strlen.o)
 .ARM.attributes
                0x000006b0       0x2c c:/program files (x86)/atmel/studio/7.0/toolchain/arm/arm-gnu-toolchain/bin/../lib/gcc/arm-none-eabi/6.3.1/../../../../arm-none-eabi/lib/thumb/v6-m\libc_nano.a(lib_a-strtol.o)
 .ARM.attributes
                0x000006dc       0x2c c:/program files (x86)/atmel/studio/7.0/toolchain/arm/arm-gnu-toolchain/bin/../lib/gcc/arm-none-eabi/6.3.1/../../../../arm-none-eabi/lib/thumb/v6-m\libc_nano.a(lib_a-wctomb_r.o)
 .ARM.attributes
                0x00000708       0x2c c:/program files (x86)/atmel/studio/7.0/toolchain/arm/arm-gnu-toolchain/bin/../lib/gcc/arm-none-eabi/6.3.1/../../../../arm-none-eabi/lib/thumb/v6-m\libc_nano.a(lib_a-ctype_.o)
 .ARM.attributes
                0x00000734       0x1e c:/program files (x86)/atmel/studio/7.0/toolchain/arm/arm-gnu-toolchain/bin/../lib/gcc/arm-none-eabi/6.3.1/thumb/v6-m/crtn.o

.comment        0x00000000       0x59
 .comment       0x00000000       0x59 src/firmware/simsys_ringbuff.o
                                 0x5a (size before relaxing)
 .comment       0x00000059       0x5a src/firmware/spi_40_driver.o
 .comment       0x00000059       0x5a src/firmware/uart_245_driver.o
 .comment       0x00000059       0x5a src/firmware/uart_915_driver.o
 .comment       0x00000059       0x5a src/firmware/uart_fiber.o
 .comment       0x00000059       0x5a src/ASF/common2/services/delay/sam0/systick_counter.o
 .comment       0x00000059       0x5a src/ASF/sam0/drivers/port/port.o
 .comment       0x00000059       0x5a src/ASF/sam0/drivers/sercom/sercom.o
 .comment       0x00000059       0x5a src/ASF/sam0/drivers/sercom/usart/usart.o
 .comment       0x00000059       0x5a src/ASF/sam0/drivers/sercom/usart/usart_interrupt.o
 .comment       0x00000059       0x5a src/ASF/sam0/drivers/sercom/spi/spi.o
 .comment       0x00000059       0x5a src/ASF/sam0/drivers/sercom/spi/spi_interrupt.o
 .comment       0x00000059       0x5a src/ASF/sam0/drivers/sercom/sercom_interrupt.o
 .comment       0x00000059       0x5a src/ASF/common2/boards/user_board/init.o
 .comment       0x00000059       0x5a src/ASF/common/utils/interrupt/interrupt_sam_nvic.o
 .comment       0x00000059       0x5a src/ASF/sam0/drivers/system/clock/clock_samd21_r21_da_ha1/clock.o
 .comment       0x00000059       0x5a src/ASF/sam0/drivers/system/clock/clock_samd21_r21_da_ha1/gclk.o
 .comment       0x00000059       0x5a src/ASF/sam0/drivers/system/pinmux/pinmux.o
 .comment       0x00000059       0x5a src/ASF/sam0/drivers/system/system.o
 .comment       0x00000059       0x5a src/ASF/sam0/utils/cmsis/samd21/source/gcc/startup_samd21.o
 .comment       0x00000059       0x5a src/main.o

.debug_info     0x00000000    0x38558
 .debug_info    0x00000000      0xcb2 src/firmware/simsys_ringbuff.o
 .debug_info    0x00000cb2     0x5379 src/firmware/spi_40_driver.o
 .debug_info    0x0000602b     0x42e6 src/firmware/uart_245_driver.o
 .debug_info    0x0000a311     0x385f src/firmware/uart_915_driver.o
 .debug_info    0x0000db70     0x3778 src/firmware/uart_fiber.o
 .debug_info    0x000112e8      0xb8b src/ASF/common2/services/delay/sam0/systick_counter.o
 .debug_info    0x00011e73     0x12b6 src/ASF/sam0/drivers/port/port.o
 .debug_info    0x00013129     0x2dca src/ASF/sam0/drivers/sercom/sercom.o
 .debug_info    0x00015ef3     0x4a81 src/ASF/sam0/drivers/sercom/usart/usart.o
 .debug_info    0x0001a974     0x303b src/ASF/sam0/drivers/sercom/usart/usart_interrupt.o
 .debug_info    0x0001d9af     0x6735 src/ASF/sam0/drivers/sercom/spi/spi.o
 .debug_info    0x000240e4     0x3135 src/ASF/sam0/drivers/sercom/spi/spi_interrupt.o
 .debug_info    0x00027219     0x2b72 src/ASF/sam0/drivers/sercom/sercom_interrupt.o
 .debug_info    0x00029d8b      0xa5c src/ASF/common2/boards/user_board/init.o
 .debug_info    0x0002a7e7      0xb07 src/ASF/common/utils/interrupt/interrupt_sam_nvic.o
 .debug_info    0x0002b2ee     0x37a3 src/ASF/sam0/drivers/system/clock/clock_samd21_r21_da_ha1/clock.o
 .debug_info    0x0002ea91     0x1ed5 src/ASF/sam0/drivers/system/clock/clock_samd21_r21_da_ha1/gclk.o
 .debug_info    0x00030966     0x13ec src/ASF/sam0/drivers/system/pinmux/pinmux.o
 .debug_info    0x00031d52      0xa73 src/ASF/sam0/drivers/system/system.o
 .debug_info    0x000327c5     0x3a4d src/ASF/sam0/utils/cmsis/samd21/source/gcc/startup_samd21.o
 .debug_info    0x00036212     0x2346 src/main.o

.debug_abbrev   0x00000000     0x46ea
 .debug_abbrev  0x00000000      0x25b src/firmware/simsys_ringbuff.o
 .debug_abbrev  0x0000025b      0x4c3 src/firmware/spi_40_driver.o
 .debug_abbrev  0x0000071e      0x405 src/firmware/uart_245_driver.o
 .debug_abbrev  0x00000b23      0x415 src/firmware/uart_915_driver.o
 .debug_abbrev  0x00000f38      0x416 src/firmware/uart_fiber.o
 .debug_abbrev  0x0000134e      0x265 src/ASF/common2/services/delay/sam0/systick_counter.o
 .debug_abbrev  0x000015b3      0x298 src/ASF/sam0/drivers/port/port.o
 .debug_abbrev  0x0000184b      0x371 src/ASF/sam0/drivers/sercom/sercom.o
 .debug_abbrev  0x00001bbc      0x468 src/ASF/sam0/drivers/sercom/usart/usart.o
 .debug_abbrev  0x00002024      0x416 src/ASF/sam0/drivers/sercom/usart/usart_interrupt.o
 .debug_abbrev  0x0000243a      0x4f0 src/ASF/sam0/drivers/sercom/spi/spi.o
 .debug_abbrev  0x0000292a      0x3b8 src/ASF/sam0/drivers/sercom/spi/spi_interrupt.o
 .debug_abbrev  0x00002ce2      0x2da src/ASF/sam0/drivers/sercom/sercom_interrupt.o
 .debug_abbrev  0x00002fbc      0x1be src/ASF/common2/boards/user_board/init.o
 .debug_abbrev  0x0000317a      0x22c src/ASF/common/utils/interrupt/interrupt_sam_nvic.o
 .debug_abbrev  0x000033a6      0x471 src/ASF/sam0/drivers/system/clock/clock_samd21_r21_da_ha1/clock.o
 .debug_abbrev  0x00003817      0x3f3 src/ASF/sam0/drivers/system/clock/clock_samd21_r21_da_ha1/gclk.o
 .debug_abbrev  0x00003c0a      0x382 src/ASF/sam0/drivers/system/pinmux/pinmux.o
 .debug_abbrev  0x00003f8c      0x1e1 src/ASF/sam0/drivers/system/system.o
 .debug_abbrev  0x0000416d      0x227 src/ASF/sam0/utils/cmsis/samd21/source/gcc/startup_samd21.o
 .debug_abbrev  0x00004394      0x356 src/main.o

.debug_loc      0x00000000     0x7871
 .debug_loc     0x00000000      0x2b2 src/firmware/simsys_ringbuff.o
 .debug_loc     0x000002b2      0x770 src/firmware/spi_40_driver.o
 .debug_loc     0x00000a22      0x5fd src/firmware/uart_245_driver.o
 .debug_loc     0x0000101f      0x437 src/firmware/uart_915_driver.o
 .debug_loc     0x00001456      0x2ee src/firmware/uart_fiber.o
 .debug_loc     0x00001744       0xc6 src/ASF/common2/services/delay/sam0/systick_counter.o
 .debug_loc     0x0000180a      0x13d src/ASF/sam0/drivers/port/port.o
 .debug_loc     0x00001947      0x909 src/ASF/sam0/drivers/sercom/sercom.o
 .debug_loc     0x00002250      0xc34 src/ASF/sam0/drivers/sercom/usart/usart.o
 .debug_loc     0x00002e84      0x700 src/ASF/sam0/drivers/sercom/usart/usart_interrupt.o
 .debug_loc     0x00003584     0x295b src/ASF/sam0/drivers/sercom/spi/spi.o
 .debug_loc     0x00005edf      0x6da src/ASF/sam0/drivers/sercom/spi/spi_interrupt.o
 .debug_loc     0x000065b9      0x134 src/ASF/sam0/drivers/sercom/sercom_interrupt.o
 .debug_loc     0x000066ed      0x5c1 src/ASF/sam0/drivers/system/clock/clock_samd21_r21_da_ha1/clock.o
 .debug_loc     0x00006cae      0x546 src/ASF/sam0/drivers/system/clock/clock_samd21_r21_da_ha1/gclk.o
 .debug_loc     0x000071f4      0x31e src/ASF/sam0/drivers/system/pinmux/pinmux.o
 .debug_loc     0x00007512       0x20 src/ASF/sam0/drivers/system/system.o
 .debug_loc     0x00007532       0x78 src/ASF/sam0/utils/cmsis/samd21/source/gcc/startup_samd21.o
 .debug_loc     0x000075aa      0x2c7 src/main.o

.debug_aranges  0x00000000      0x6f8
 .debug_aranges
                0x00000000       0x40 src/firmware/simsys_ringbuff.o
 .debug_aranges
                0x00000040       0x98 src/firmware/spi_40_driver.o
 .debug_aranges
                0x000000d8       0xc0 src/firmware/uart_245_driver.o
 .debug_aranges
                0x00000198       0x58 src/firmware/uart_915_driver.o
 .debug_aranges
                0x000001f0       0x50 src/firmware/uart_fiber.o
 .debug_aranges
                0x00000240       0x30 src/ASF/common2/services/delay/sam0/systick_counter.o
 .debug_aranges
                0x00000270       0x28 src/ASF/sam0/drivers/port/port.o
 .debug_aranges
                0x00000298       0x48 src/ASF/sam0/drivers/sercom/sercom.o
 .debug_aranges
                0x000002e0       0x48 src/ASF/sam0/drivers/sercom/usart/usart.o
 .debug_aranges
                0x00000328       0x70 src/ASF/sam0/drivers/sercom/usart/usart_interrupt.o
 .debug_aranges
                0x00000398       0x68 src/ASF/sam0/drivers/sercom/spi/spi.o
 .debug_aranges
                0x00000400       0x88 src/ASF/sam0/drivers/sercom/spi/spi_interrupt.o
 .debug_aranges
                0x00000488       0x50 src/ASF/sam0/drivers/sercom/sercom_interrupt.o
 .debug_aranges
                0x000004d8       0x20 src/ASF/common2/boards/user_board/init.o
 .debug_aranges
                0x000004f8       0x28 src/ASF/common/utils/interrupt/interrupt_sam_nvic.o
 .debug_aranges
                0x00000520       0x80 src/ASF/sam0/drivers/system/clock/clock_samd21_r21_da_ha1/clock.o
 .debug_aranges
                0x000005a0       0x80 src/ASF/sam0/drivers/system/clock/clock_samd21_r21_da_ha1/gclk.o
 .debug_aranges
                0x00000620       0x40 src/ASF/sam0/drivers/system/pinmux/pinmux.o
 .debug_aranges
                0x00000660       0x28 src/ASF/sam0/drivers/system/system.o
 .debug_aranges
                0x00000688       0x28 src/ASF/sam0/utils/cmsis/samd21/source/gcc/startup_samd21.o
 .debug_aranges
                0x000006b0       0x48 src/main.o

.debug_ranges   0x00000000      0x9e0
 .debug_ranges  0x00000000       0x30 src/firmware/simsys_ringbuff.o
 .debug_ranges  0x00000030       0xd0 src/firmware/spi_40_driver.o
 .debug_ranges  0x00000100       0xb0 src/firmware/uart_245_driver.o
 .debug_ranges  0x000001b0       0x48 src/firmware/uart_915_driver.o
 .debug_ranges  0x000001f8       0x40 src/firmware/uart_fiber.o
 .debug_ranges  0x00000238       0x20 src/ASF/common2/services/delay/sam0/systick_counter.o
 .debug_ranges  0x00000258       0x18 src/ASF/sam0/drivers/port/port.o
 .debug_ranges  0x00000270       0x38 src/ASF/sam0/drivers/sercom/sercom.o
 .debug_ranges  0x000002a8       0xd0 src/ASF/sam0/drivers/sercom/usart/usart.o
 .debug_ranges  0x00000378       0x60 src/ASF/sam0/drivers/sercom/usart/usart_interrupt.o
 .debug_ranges  0x000003d8      0x290 src/ASF/sam0/drivers/sercom/spi/spi.o
 .debug_ranges  0x00000668       0x90 src/ASF/sam0/drivers/sercom/spi/spi_interrupt.o
 .debug_ranges  0x000006f8       0x40 src/ASF/sam0/drivers/sercom/sercom_interrupt.o
 .debug_ranges  0x00000738       0x10 src/ASF/common2/boards/user_board/init.o
 .debug_ranges  0x00000748       0x18 src/ASF/common/utils/interrupt/interrupt_sam_nvic.o
 .debug_ranges  0x00000760       0x70 src/ASF/sam0/drivers/system/clock/clock_samd21_r21_da_ha1/clock.o
 .debug_ranges  0x000007d0      0x160 src/ASF/sam0/drivers/system/clock/clock_samd21_r21_da_ha1/gclk.o
 .debug_ranges  0x00000930       0x48 src/ASF/sam0/drivers/system/pinmux/pinmux.o
 .debug_ranges  0x00000978       0x18 src/ASF/sam0/drivers/system/system.o
 .debug_ranges  0x00000990       0x18 src/ASF/sam0/utils/cmsis/samd21/source/gcc/startup_samd21.o
 .debug_ranges  0x000009a8       0x38 src/main.o

.debug_macro    0x00000000     0x81f2
 .debug_macro   0x00000000      0x64e src/firmware/simsys_ringbuff.o
 .debug_macro   0x0000064e       0x16 src/firmware/simsys_ringbuff.o
 .debug_macro   0x00000664      0x65e src/firmware/spi_40_driver.o
 .debug_macro   0x00000cc2      0x83b src/firmware/spi_40_driver.o
 .debug_macro   0x000014fd       0x16 src/firmware/spi_40_driver.o
 .debug_macro   0x00001513      0x653 src/firmware/uart_245_driver.o
 .debug_macro   0x00001b66       0x10 src/firmware/uart_245_driver.o
 .debug_macro   0x00001b76      0x66f src/firmware/uart_915_driver.o
 .debug_macro   0x000021e5      0x111 src/firmware/uart_915_driver.o
 .debug_macro   0x000022f6      0x663 src/firmware/uart_fiber.o
 .debug_macro   0x00002959       0x4c src/firmware/uart_fiber.o
 .debug_macro   0x000029a5       0x10 src/firmware/uart_fiber.o
 .debug_macro   0x000029b5      0x525 src/ASF/common2/services/delay/sam0/systick_counter.o
 .debug_macro   0x00002eda      0x506 src/ASF/sam0/drivers/port/port.o
 .debug_macro   0x000033e0      0x577 src/ASF/sam0/drivers/sercom/sercom.o
 .debug_macro   0x00003957      0x588 src/ASF/sam0/drivers/sercom/usart/usart.o
 .debug_macro   0x00003edf       0x51 src/ASF/sam0/drivers/sercom/usart/usart.o
 .debug_macro   0x00003f30      0x588 src/ASF/sam0/drivers/sercom/usart/usart_interrupt.o
 .debug_macro   0x000044b8      0x5bd src/ASF/sam0/drivers/sercom/spi/spi.o
 .debug_macro   0x00004a75      0x5c7 src/ASF/sam0/drivers/sercom/spi/spi_interrupt.o
 .debug_macro   0x0000503c      0x574 src/ASF/sam0/drivers/sercom/sercom_interrupt.o
 .debug_macro   0x000055b0      0x644 src/ASF/common2/boards/user_board/init.o
 .debug_macro   0x00005bf4      0x4ea src/ASF/common/utils/interrupt/interrupt_sam_nvic.o
 .debug_macro   0x000060de      0x55b src/ASF/sam0/drivers/system/clock/clock_samd21_r21_da_ha1/clock.o
 .debug_macro   0x00006639      0x29d src/ASF/sam0/drivers/system/clock/clock_samd21_r21_da_ha1/clock.o
 .debug_macro   0x000068d6      0x520 src/ASF/sam0/drivers/system/clock/clock_samd21_r21_da_ha1/gclk.o
 .debug_macro   0x00006df6      0x4fa src/ASF/sam0/drivers/system/pinmux/pinmux.o
 .debug_macro   0x000072f0       0x12 src/ASF/sam0/drivers/system/pinmux/pinmux.o
 .debug_macro   0x00007302      0x52d src/ASF/sam0/drivers/system/system.o
 .debug_macro   0x0000782f      0x2d1 src/ASF/sam0/utils/cmsis/samd21/source/gcc/startup_samd21.o
 .debug_macro   0x00007b00       0x3a src/ASF/sam0/utils/cmsis/samd21/source/gcc/startup_samd21.o
 .debug_macro   0x00007b3a      0x6a2 src/main.o
 .debug_macro   0x000081dc       0x16 src/main.o

.debug_line     0x00000000     0xffb3
 .debug_line    0x00000000      0xd4c src/firmware/simsys_ringbuff.o
 .debug_line    0x00000d4c      0xf5d src/firmware/spi_40_driver.o
 .debug_line    0x00001ca9      0xf30 src/firmware/uart_245_driver.o
 .debug_line    0x00002bd9      0xe38 src/firmware/uart_915_driver.o
 .debug_line    0x00003a11      0xdd7 src/firmware/uart_fiber.o
 .debug_line    0x000047e8      0x992 src/ASF/common2/services/delay/sam0/systick_counter.o
 .debug_line    0x0000517a      0x8d8 src/ASF/sam0/drivers/port/port.o
 .debug_line    0x00005a52      0xb9e src/ASF/sam0/drivers/sercom/sercom.o
 .debug_line    0x000065f0      0xd08 src/ASF/sam0/drivers/sercom/usart/usart.o
 .debug_line    0x000072f8      0xca2 src/ASF/sam0/drivers/sercom/usart/usart_interrupt.o
 .debug_line    0x00007f9a     0x12ab src/ASF/sam0/drivers/sercom/spi/spi.o
 .debug_line    0x00009245      0xd49 src/ASF/sam0/drivers/sercom/spi/spi_interrupt.o
 .debug_line    0x00009f8e      0xb38 src/ASF/sam0/drivers/sercom/sercom_interrupt.o
 .debug_line    0x0000aac6      0xc88 src/ASF/common2/boards/user_board/init.o
 .debug_line    0x0000b74e      0x8ac src/ASF/common/utils/interrupt/interrupt_sam_nvic.o
 .debug_line    0x0000bffa      0xc57 src/ASF/sam0/drivers/system/clock/clock_samd21_r21_da_ha1/clock.o
 .debug_line    0x0000cc51      0xc20 src/ASF/sam0/drivers/system/clock/clock_samd21_r21_da_ha1/gclk.o
 .debug_line    0x0000d871      0x931 src/ASF/sam0/drivers/system/pinmux/pinmux.o
 .debug_line    0x0000e1a2      0x9cf src/ASF/sam0/drivers/system/system.o
 .debug_line    0x0000eb71      0x62d src/ASF/sam0/utils/cmsis/samd21/source/gcc/startup_samd21.o
 .debug_line    0x0000f19e      0xe15 src/main.o

.debug_str      0x00000000    0x868f4
 .debug_str     0x00000000    0x7cca6 src/firmware/simsys_ringbuff.o
                              0x7d58e (size before relaxing)
 .debug_str     0x0007cca6     0x39c9 src/firmware/spi_40_driver.o
                              0x80fad (size before relaxing)
 .debug_str     0x0008066f      0x8ce src/firmware/uart_245_driver.o
                              0x7f287 (size before relaxing)
 .debug_str     0x00080f3d      0xa15 src/firmware/uart_915_driver.o
                              0x7f833 (size before relaxing)
 .debug_str     0x00081952      0x274 src/firmware/uart_fiber.o
                              0x7f0b1 (size before relaxing)
 .debug_str     0x00081bc6       0xac src/ASF/common2/services/delay/sam0/systick_counter.o
                              0x7c036 (size before relaxing)
 .debug_str     0x00081c72       0xaa src/ASF/sam0/drivers/port/port.o
                              0x7c23d (size before relaxing)
 .debug_str     0x00081d1c      0x43a src/ASF/sam0/drivers/sercom/sercom.o
                              0x7d375 (size before relaxing)
 .debug_str     0x00082156      0x66a src/ASF/sam0/drivers/sercom/usart/usart.o
                              0x7e15a (size before relaxing)
 .debug_str     0x000827c0      0x145 src/ASF/sam0/drivers/sercom/usart/usart_interrupt.o
                              0x7d3a0 (size before relaxing)
 .debug_str     0x00082905      0x1b6 src/ASF/sam0/drivers/sercom/spi/spi.o
                              0x7e705 (size before relaxing)
 .debug_str     0x00082abb      0x167 src/ASF/sam0/drivers/sercom/spi/spi_interrupt.o
                              0x7d60d (size before relaxing)
 .debug_str     0x00082c22      0x158 src/ASF/sam0/drivers/sercom/sercom_interrupt.o
                              0x7d178 (size before relaxing)
 .debug_str     0x00082d7a       0x3e src/ASF/common2/boards/user_board/init.o
                              0x7d46e (size before relaxing)
 .debug_str     0x00082db8       0x66 src/ASF/common/utils/interrupt/interrupt_sam_nvic.o
                              0x7be26 (size before relaxing)
 .debug_str     0x00082e1e     0x278e src/ASF/sam0/drivers/system/clock/clock_samd21_r21_da_ha1/clock.o
                              0x7efbf (size before relaxing)
 .debug_str     0x000855ac      0x1e3 src/ASF/sam0/drivers/system/clock/clock_samd21_r21_da_ha1/gclk.o
                              0x7cae9 (size before relaxing)
 .debug_str     0x0008578f      0x179 src/ASF/sam0/drivers/system/pinmux/pinmux.o
                              0x7c2c8 (size before relaxing)
 .debug_str     0x00085908       0x47 src/ASF/sam0/drivers/system/system.o
                              0x7bf03 (size before relaxing)
 .debug_str     0x0008594f      0xf1c src/ASF/sam0/utils/cmsis/samd21/source/gcc/startup_samd21.o
                              0x67923 (size before relaxing)
 .debug_str     0x0008686b       0x89 src/main.o
                              0x80688 (size before relaxing)

.debug_frame    0x00000000     0x13cc
 .debug_frame   0x00000000       0x80 src/firmware/simsys_ringbuff.o
 .debug_frame   0x00000080      0x1b0 src/firmware/spi_40_driver.o
 .debug_frame   0x00000230      0x228 src/firmware/uart_245_driver.o
 .debug_frame   0x00000458       0xd4 src/firmware/uart_915_driver.o
 .debug_frame   0x0000052c       0xbc src/firmware/uart_fiber.o
 .debug_frame   0x000005e8       0x48 src/ASF/common2/services/delay/sam0/systick_counter.o
 .debug_frame   0x00000630       0x44 src/ASF/sam0/drivers/port/port.o
 .debug_frame   0x00000674       0xb4 src/ASF/sam0/drivers/sercom/sercom.o
 .debug_frame   0x00000728       0xc0 src/ASF/sam0/drivers/sercom/usart/usart.o
 .debug_frame   0x000007e8      0x114 src/ASF/sam0/drivers/sercom/usart/usart_interrupt.o
 .debug_frame   0x000008fc      0x144 src/ASF/sam0/drivers/sercom/spi/spi.o
 .debug_frame   0x00000a40      0x124 src/ASF/sam0/drivers/sercom/spi/spi_interrupt.o
 .debug_frame   0x00000b64       0xb4 src/ASF/sam0/drivers/sercom/sercom_interrupt.o
 .debug_frame   0x00000c18       0x20 src/ASF/common2/boards/user_board/init.o
 .debug_frame   0x00000c38       0x30 src/ASF/common/utils/interrupt/interrupt_sam_nvic.o
 .debug_frame   0x00000c68      0x154 src/ASF/sam0/drivers/system/clock/clock_samd21_r21_da_ha1/clock.o
 .debug_frame   0x00000dbc      0x158 src/ASF/sam0/drivers/system/clock/clock_samd21_r21_da_ha1/gclk.o
 .debug_frame   0x00000f14       0x90 src/ASF/sam0/drivers/system/pinmux/pinmux.o
 .debug_frame   0x00000fa4       0x38 src/ASF/sam0/drivers/system/system.o
 .debug_frame   0x00000fdc       0x40 src/ASF/sam0/utils/cmsis/samd21/source/gcc/startup_samd21.o
 .debug_frame   0x0000101c       0xb4 src/main.o
 .debug_frame   0x000010d0       0x20 c:/program files (x86)/atmel/studio/7.0/toolchain/arm/arm-gnu-toolchain/bin/../lib/gcc/arm-none-eabi/6.3.1/thumb/v6-m\libgcc.a(_udivsi3.o)
 .debug_frame   0x000010f0       0x20 c:/program files (x86)/atmel/studio/7.0/toolchain/arm/arm-gnu-toolchain/bin/../lib/gcc/arm-none-eabi/6.3.1/thumb/v6-m\libgcc.a(_divsi3.o)
 .debug_frame   0x00001110       0x34 c:/program files (x86)/atmel/studio/7.0/toolchain/arm/arm-gnu-toolchain/bin/../lib/gcc/arm-none-eabi/6.3.1/thumb/v6-m\libgcc.a(_muldi3.o)
 .debug_frame   0x00001144       0x3c c:/program files (x86)/atmel/studio/7.0/toolchain/arm/arm-gnu-toolchain/bin/../lib/gcc/arm-none-eabi/6.3.1/thumb/v6-m\libgcc.a(mulsf3.o)
 .debug_frame   0x00001180       0x20 c:/program files (x86)/atmel/studio/7.0/toolchain/arm/arm-gnu-toolchain/bin/../lib/gcc/arm-none-eabi/6.3.1/thumb/v6-m\libgcc.a(fixsfsi.o)
 .debug_frame   0x000011a0       0x28 c:/program files (x86)/atmel/studio/7.0/toolchain/arm/arm-gnu-toolchain/bin/../lib/gcc/arm-none-eabi/6.3.1/thumb/v6-m\libgcc.a(floatunsisf.o)
 .debug_frame   0x000011c8       0x40 c:/program files (x86)/atmel/studio/7.0/toolchain/arm/arm-gnu-toolchain/bin/../lib/gcc/arm-none-eabi/6.3.1/../../../../arm-none-eabi/lib/thumb/v6-m\libc_nano.a(lib_a-atoi.o)
 .debug_frame   0x00001208       0x2c c:/program files (x86)/atmel/studio/7.0/toolchain/arm/arm-gnu-toolchain/bin/../lib/gcc/arm-none-eabi/6.3.1/../../../../arm-none-eabi/lib/thumb/v6-m\libc_nano.a(lib_a-init.o)
 .debug_frame   0x00001234       0x74 c:/program files (x86)/atmel/studio/7.0/toolchain/arm/arm-gnu-toolchain/bin/../lib/gcc/arm-none-eabi/6.3.1/../../../../arm-none-eabi/lib/thumb/v6-m\libc_nano.a(lib_a-locale.o)
 .debug_frame   0x000012a8       0x44 c:/program files (x86)/atmel/studio/7.0/toolchain/arm/arm-gnu-toolchain/bin/../lib/gcc/arm-none-eabi/6.3.1/../../../../arm-none-eabi/lib/thumb/v6-m\libc_nano.a(lib_a-mbtowc_r.o)
 .debug_frame   0x000012ec       0x20 c:/program files (x86)/atmel/studio/7.0/toolchain/arm/arm-gnu-toolchain/bin/../lib/gcc/arm-none-eabi/6.3.1/../../../../arm-none-eabi/lib/thumb/v6-m\libc_nano.a(lib_a-memset.o)
 .debug_frame   0x0000130c       0x88 c:/program files (x86)/atmel/studio/7.0/toolchain/arm/arm-gnu-toolchain/bin/../lib/gcc/arm-none-eabi/6.3.1/../../../../arm-none-eabi/lib/thumb/v6-m\libc_nano.a(lib_a-strtol.o)
 .debug_frame   0x00001394       0x38 c:/program files (x86)/atmel/studio/7.0/toolchain/arm/arm-gnu-toolchain/bin/../lib/gcc/arm-none-eabi/6.3.1/../../../../arm-none-eabi/lib/thumb/v6-m\libc_nano.a(lib_a-wctomb_r.o)

Cross Reference Table

Symbol                                            File
AC_Handler                                        src/ASF/sam0/utils/cmsis/samd21/source/gcc/startup_samd21.o
ADC_Handler                                       src/ASF/sam0/utils/cmsis/samd21/source/gcc/startup_samd21.o
DAC_Handler                                       src/ASF/sam0/utils/cmsis/samd21/source/gcc/startup_samd21.o
DMAC_Handler                                      src/ASF/sam0/utils/cmsis/samd21/source/gcc/startup_samd21.o
Dummy_Handler                                     src/ASF/sam0/utils/cmsis/samd21/source/gcc/startup_samd21.o
EIC_Handler                                       src/ASF/sam0/utils/cmsis/samd21/source/gcc/startup_samd21.o
EVSYS_Handler                                     src/ASF/sam0/utils/cmsis/samd21/source/gcc/startup_samd21.o
HardFault_Handler                                 src/ASF/sam0/utils/cmsis/samd21/source/gcc/startup_samd21.o
I2S_Handler                                       src/ASF/sam0/utils/cmsis/samd21/source/gcc/startup_samd21.o
NMI_Handler                                       src/ASF/sam0/utils/cmsis/samd21/source/gcc/startup_samd21.o
NVMCTRL_Handler                                   src/ASF/sam0/utils/cmsis/samd21/source/gcc/startup_samd21.o
PM_Handler                                        src/ASF/sam0/utils/cmsis/samd21/source/gcc/startup_samd21.o
PTC_Handler                                       src/ASF/sam0/utils/cmsis/samd21/source/gcc/startup_samd21.o
PendSV_Handler                                    src/ASF/sam0/utils/cmsis/samd21/source/gcc/startup_samd21.o
RTC_Handler                                       src/ASF/sam0/utils/cmsis/samd21/source/gcc/startup_samd21.o
Reset_Handler                                     src/ASF/sam0/utils/cmsis/samd21/source/gcc/startup_samd21.o
SERCOM0_Handler                                   src/ASF/sam0/drivers/sercom/sercom_interrupt.o
SERCOM1_Handler                                   src/ASF/sam0/drivers/sercom/sercom_interrupt.o
SERCOM2_Handler                                   src/ASF/sam0/drivers/sercom/sercom_interrupt.o
SERCOM3_Handler                                   src/ASF/sam0/drivers/sercom/sercom_interrupt.o
SVC_Handler                                       src/ASF/sam0/utils/cmsis/samd21/source/gcc/startup_samd21.o
SYSCTRL_Handler                                   src/ASF/sam0/utils/cmsis/samd21/source/gcc/startup_samd21.o
SysTick_Handler                                   src/ASF/sam0/utils/cmsis/samd21/source/gcc/startup_samd21.o
SystemCoreClock                                   src/ASF/sam0/utils/cmsis/samd21/source/system_samd21.o
SystemCoreClockUpdate                             src/ASF/sam0/utils/cmsis/samd21/source/system_samd21.o
SystemInit                                        src/ASF/sam0/utils/cmsis/samd21/source/system_samd21.o
TC3_Handler                                       src/ASF/sam0/utils/cmsis/samd21/source/gcc/startup_samd21.o
TC4_Handler                                       src/ASF/sam0/utils/cmsis/samd21/source/gcc/startup_samd21.o
TC5_Handler                                       src/ASF/sam0/utils/cmsis/samd21/source/gcc/startup_samd21.o
TCC0_Handler                                      src/ASF/sam0/utils/cmsis/samd21/source/gcc/startup_samd21.o
TCC1_Handler                                      src/ASF/sam0/utils/cmsis/samd21/source/gcc/startup_samd21.o
TCC2_Handler                                      src/ASF/sam0/utils/cmsis/samd21/source/gcc/startup_samd21.o
USB_Handler                                       src/ASF/sam0/utils/cmsis/samd21/source/gcc/startup_samd21.o
WDT_Handler                                       src/ASF/sam0/utils/cmsis/samd21/source/gcc/startup_samd21.o
_Jv_RegisterClasses                               c:/program files (x86)/atmel/studio/7.0/toolchain/arm/arm-gnu-toolchain/bin/../lib/gcc/arm-none-eabi/6.3.1/thumb/v6-m/crtbegin.o
_PathLocale                                       c:/program files (x86)/atmel/studio/7.0/toolchain/arm/arm-gnu-toolchain/bin/../lib/gcc/arm-none-eabi/6.3.1/../../../../arm-none-eabi/lib/thumb/v6-m\libc_nano.a(lib_a-locale.o)
__aeabi_f2iz                                      c:/program files (x86)/atmel/studio/7.0/toolchain/arm/arm-gnu-toolchain/bin/../lib/gcc/arm-none-eabi/6.3.1/thumb/v6-m\libgcc.a(fixsfsi.o)
                                                  src/main.o
                                                  src/firmware/uart_245_driver.o
__aeabi_fmul                                      c:/program files (x86)/atmel/studio/7.0/toolchain/arm/arm-gnu-toolchain/bin/../lib/gcc/arm-none-eabi/6.3.1/thumb/v6-m\libgcc.a(mulsf3.o)
                                                  src/firmware/uart_245_driver.o
__aeabi_fsub                                      c:/program files (x86)/atmel/studio/7.0/toolchain/arm/arm-gnu-toolchain/bin/../lib/gcc/arm-none-eabi/6.3.1/thumb/v6-m\libgcc.a(subsf3.o)
                                                  src/firmware/uart_245_driver.o
__aeabi_i2f                                       c:/program files (x86)/atmel/studio/7.0/toolchain/arm/arm-gnu-toolchain/bin/../lib/gcc/arm-none-eabi/6.3.1/thumb/v6-m\libgcc.a(floatsisf.o)
                                                  src/firmware/uart_245_driver.o
__aeabi_idiv                                      c:/program files (x86)/atmel/studio/7.0/toolchain/arm/arm-gnu-toolchain/bin/../lib/gcc/arm-none-eabi/6.3.1/thumb/v6-m\libgcc.a(_divsi3.o)
__aeabi_idiv0                                     c:/program files (x86)/atmel/studio/7.0/toolchain/arm/arm-gnu-toolchain/bin/../lib/gcc/arm-none-eabi/6.3.1/thumb/v6-m\libgcc.a(_dvmd_tls.o)
                                                  c:/program files (x86)/atmel/studio/7.0/toolchain/arm/arm-gnu-toolchain/bin/../lib/gcc/arm-none-eabi/6.3.1/thumb/v6-m\libgcc.a(_divsi3.o)
                                                  c:/program files (x86)/atmel/studio/7.0/toolchain/arm/arm-gnu-toolchain/bin/../lib/gcc/arm-none-eabi/6.3.1/thumb/v6-m\libgcc.a(_udivsi3.o)
__aeabi_idivmod                                   c:/program files (x86)/atmel/studio/7.0/toolchain/arm/arm-gnu-toolchain/bin/../lib/gcc/arm-none-eabi/6.3.1/thumb/v6-m\libgcc.a(_divsi3.o)
                                                  src/firmware/spi_40_driver.o
__aeabi_ldiv0                                     c:/program files (x86)/atmel/studio/7.0/toolchain/arm/arm-gnu-toolchain/bin/../lib/gcc/arm-none-eabi/6.3.1/thumb/v6-m\libgcc.a(_dvmd_tls.o)
__aeabi_lmul                                      c:/program files (x86)/atmel/studio/7.0/toolchain/arm/arm-gnu-toolchain/bin/../lib/gcc/arm-none-eabi/6.3.1/thumb/v6-m\libgcc.a(_muldi3.o)
                                                  src/ASF/sam0/drivers/sercom/sercom.o
__aeabi_ui2f                                      c:/program files (x86)/atmel/studio/7.0/toolchain/arm/arm-gnu-toolchain/bin/../lib/gcc/arm-none-eabi/6.3.1/thumb/v6-m\libgcc.a(floatunsisf.o)
                                                  src/firmware/uart_245_driver.o
__aeabi_uidiv                                     c:/program files (x86)/atmel/studio/7.0/toolchain/arm/arm-gnu-toolchain/bin/../lib/gcc/arm-none-eabi/6.3.1/thumb/v6-m\libgcc.a(_udivsi3.o)
                                                  c:/program files (x86)/atmel/studio/7.0/toolchain/arm/arm-gnu-toolchain/bin/../lib/gcc/arm-none-eabi/6.3.1/../../../../arm-none-eabi/lib/thumb/v6-m\libc_nano.a(lib_a-nano-vfprintf_i.o)
                                                  c:/program files (x86)/atmel/studio/7.0/toolchain/arm/arm-gnu-toolchain/bin/../lib/gcc/arm-none-eabi/6.3.1/../../../../arm-none-eabi/lib/thumb/v6-m\libc_nano.a(lib_a-strtol.o)
                                                  src/ASF/sam0/drivers/system/clock/clock_samd21_r21_da_ha1/gclk.o
                                                  src/ASF/sam0/drivers/system/clock/clock_samd21_r21_da_ha1/clock.o
                                                  src/ASF/common2/services/delay/sam0/systick_counter.o
                                                  src/firmware/spi_40_driver.o
__aeabi_uidivmod                                  c:/program files (x86)/atmel/studio/7.0/toolchain/arm/arm-gnu-toolchain/bin/../lib/gcc/arm-none-eabi/6.3.1/thumb/v6-m\libgcc.a(_udivsi3.o)
                                                  c:/program files (x86)/atmel/studio/7.0/toolchain/arm/arm-gnu-toolchain/bin/../lib/gcc/arm-none-eabi/6.3.1/../../../../arm-none-eabi/lib/thumb/v6-m\libc_nano.a(lib_a-nano-vfprintf_i.o)
                                                  c:/program files (x86)/atmel/studio/7.0/toolchain/arm/arm-gnu-toolchain/bin/../lib/gcc/arm-none-eabi/6.3.1/../../../../arm-none-eabi/lib/thumb/v6-m\libc_nano.a(lib_a-strtol.o)
                                                  src/firmware/simsys_ringbuff.o
__ascii_mbtowc                                    c:/program files (x86)/atmel/studio/7.0/toolchain/arm/arm-gnu-toolchain/bin/../lib/gcc/arm-none-eabi/6.3.1/../../../../arm-none-eabi/lib/thumb/v6-m\libc_nano.a(lib_a-mbtowc_r.o)
                                                  c:/program files (x86)/atmel/studio/7.0/toolchain/arm/arm-gnu-toolchain/bin/../lib/gcc/arm-none-eabi/6.3.1/../../../../arm-none-eabi/lib/thumb/v6-m\libc_nano.a(lib_a-locale.o)
__ascii_wctomb                                    c:/program files (x86)/atmel/studio/7.0/toolchain/arm/arm-gnu-toolchain/bin/../lib/gcc/arm-none-eabi/6.3.1/../../../../arm-none-eabi/lib/thumb/v6-m\libc_nano.a(lib_a-wctomb_r.o)
                                                  c:/program files (x86)/atmel/studio/7.0/toolchain/arm/arm-gnu-toolchain/bin/../lib/gcc/arm-none-eabi/6.3.1/../../../../arm-none-eabi/lib/thumb/v6-m\libc_nano.a(lib_a-locale.o)
__bss_end__                                       c:/program files (x86)/atmel/studio/7.0/toolchain/arm/arm-gnu-toolchain/bin/../lib/gcc/arm-none-eabi/6.3.1/../../../../arm-none-eabi/lib/thumb/v6-m/crt0.o
__bss_start__                                     c:/program files (x86)/atmel/studio/7.0/toolchain/arm/arm-gnu-toolchain/bin/../lib/gcc/arm-none-eabi/6.3.1/../../../../arm-none-eabi/lib/thumb/v6-m/crt0.o
__call_exitprocs                                  c:/program files (x86)/atmel/studio/7.0/toolchain/arm/arm-gnu-toolchain/bin/../lib/gcc/arm-none-eabi/6.3.1/../../../../arm-none-eabi/lib/thumb/v6-m\libc_nano.a(lib_a-exit.o)
__clzsi2                                          c:/program files (x86)/atmel/studio/7.0/toolchain/arm/arm-gnu-toolchain/bin/../lib/gcc/arm-none-eabi/6.3.1/thumb/v6-m\libgcc.a(_clzsi2.o)
                                                  c:/program files (x86)/atmel/studio/7.0/toolchain/arm/arm-gnu-toolchain/bin/../lib/gcc/arm-none-eabi/6.3.1/thumb/v6-m\libgcc.a(floatunsisf.o)
                                                  c:/program files (x86)/atmel/studio/7.0/toolchain/arm/arm-gnu-toolchain/bin/../lib/gcc/arm-none-eabi/6.3.1/thumb/v6-m\libgcc.a(floatsisf.o)
                                                  c:/program files (x86)/atmel/studio/7.0/toolchain/arm/arm-gnu-toolchain/bin/../lib/gcc/arm-none-eabi/6.3.1/thumb/v6-m\libgcc.a(subsf3.o)
                                                  c:/program files (x86)/atmel/studio/7.0/toolchain/arm/arm-gnu-toolchain/bin/../lib/gcc/arm-none-eabi/6.3.1/thumb/v6-m\libgcc.a(mulsf3.o)
__deregister_frame_info                           c:/program files (x86)/atmel/studio/7.0/toolchain/arm/arm-gnu-toolchain/bin/../lib/gcc/arm-none-eabi/6.3.1/thumb/v6-m/crtbegin.o
__divsi3                                          c:/program files (x86)/atmel/studio/7.0/toolchain/arm/arm-gnu-toolchain/bin/../lib/gcc/arm-none-eabi/6.3.1/thumb/v6-m\libgcc.a(_divsi3.o)
__dso_handle                                      c:/program files (x86)/atmel/studio/7.0/toolchain/arm/arm-gnu-toolchain/bin/../lib/gcc/arm-none-eabi/6.3.1/thumb/v6-m/crtbegin.o
__global_locale                                   c:/program files (x86)/atmel/studio/7.0/toolchain/arm/arm-gnu-toolchain/bin/../lib/gcc/arm-none-eabi/6.3.1/../../../../arm-none-eabi/lib/thumb/v6-m\libc_nano.a(lib_a-locale.o)
                                                  c:/program files (x86)/atmel/studio/7.0/toolchain/arm/arm-gnu-toolchain/bin/../lib/gcc/arm-none-eabi/6.3.1/../../../../arm-none-eabi/lib/thumb/v6-m\libc_nano.a(lib_a-wctomb_r.o)
                                                  c:/program files (x86)/atmel/studio/7.0/toolchain/arm/arm-gnu-toolchain/bin/../lib/gcc/arm-none-eabi/6.3.1/../../../../arm-none-eabi/lib/thumb/v6-m\libc_nano.a(lib_a-strtol.o)
                                                  c:/program files (x86)/atmel/studio/7.0/toolchain/arm/arm-gnu-toolchain/bin/../lib/gcc/arm-none-eabi/6.3.1/../../../../arm-none-eabi/lib/thumb/v6-m\libc_nano.a(lib_a-mbtowc_r.o)
__init_array_end                                  c:/program files (x86)/atmel/studio/7.0/toolchain/arm/arm-gnu-toolchain/bin/../lib/gcc/arm-none-eabi/6.3.1/../../../../arm-none-eabi/lib/thumb/v6-m\libc_nano.a(lib_a-init.o)
__init_array_start                                c:/program files (x86)/atmel/studio/7.0/toolchain/arm/arm-gnu-toolchain/bin/../lib/gcc/arm-none-eabi/6.3.1/../../../../arm-none-eabi/lib/thumb/v6-m\libc_nano.a(lib_a-init.o)
__libc_fini_array                                 c:/program files (x86)/atmel/studio/7.0/toolchain/arm/arm-gnu-toolchain/bin/../lib/gcc/arm-none-eabi/6.3.1/../../../../arm-none-eabi/lib/thumb/v6-m/crt0.o
__libc_init_array                                 c:/program files (x86)/atmel/studio/7.0/toolchain/arm/arm-gnu-toolchain/bin/../lib/gcc/arm-none-eabi/6.3.1/../../../../arm-none-eabi/lib/thumb/v6-m\libc_nano.a(lib_a-init.o)
                                                  src/ASF/sam0/utils/cmsis/samd21/source/gcc/startup_samd21.o
                                                  c:/program files (x86)/atmel/studio/7.0/toolchain/arm/arm-gnu-toolchain/bin/../lib/gcc/arm-none-eabi/6.3.1/../../../../arm-none-eabi/lib/thumb/v6-m/crt0.o
__locale_ctype_ptr                                c:/program files (x86)/atmel/studio/7.0/toolchain/arm/arm-gnu-toolchain/bin/../lib/gcc/arm-none-eabi/6.3.1/../../../../arm-none-eabi/lib/thumb/v6-m\libc_nano.a(lib_a-locale.o)
                                                  src/firmware/uart_915_driver.o
__locale_ctype_ptr_l                              c:/program files (x86)/atmel/studio/7.0/toolchain/arm/arm-gnu-toolchain/bin/../lib/gcc/arm-none-eabi/6.3.1/../../../../arm-none-eabi/lib/thumb/v6-m\libc_nano.a(lib_a-locale.o)
                                                  c:/program files (x86)/atmel/studio/7.0/toolchain/arm/arm-gnu-toolchain/bin/../lib/gcc/arm-none-eabi/6.3.1/../../../../arm-none-eabi/lib/thumb/v6-m\libc_nano.a(lib_a-strtol.o)
__locale_mb_cur_max                               c:/program files (x86)/atmel/studio/7.0/toolchain/arm/arm-gnu-toolchain/bin/../lib/gcc/arm-none-eabi/6.3.1/../../../../arm-none-eabi/lib/thumb/v6-m\libc_nano.a(lib_a-locale.o)
__malloc_free_list                                c:/program files (x86)/atmel/studio/7.0/toolchain/arm/arm-gnu-toolchain/bin/../lib/gcc/arm-none-eabi/6.3.1/../../../../arm-none-eabi/lib/thumb/v6-m\libc_nano.a(lib_a-nano-mallocr.o)
                                                  c:/program files (x86)/atmel/studio/7.0/toolchain/arm/arm-gnu-toolchain/bin/../lib/gcc/arm-none-eabi/6.3.1/../../../../arm-none-eabi/lib/thumb/v6-m\libc_nano.a(lib_a-nano-freer.o)
__malloc_lock                                     c:/program files (x86)/atmel/studio/7.0/toolchain/arm/arm-gnu-toolchain/bin/../lib/gcc/arm-none-eabi/6.3.1/../../../../arm-none-eabi/lib/thumb/v6-m\libc_nano.a(lib_a-mlock.o)
                                                  c:/program files (x86)/atmel/studio/7.0/toolchain/arm/arm-gnu-toolchain/bin/../lib/gcc/arm-none-eabi/6.3.1/../../../../arm-none-eabi/lib/thumb/v6-m\libc_nano.a(lib_a-nano-mallocr.o)
                                                  c:/program files (x86)/atmel/studio/7.0/toolchain/arm/arm-gnu-toolchain/bin/../lib/gcc/arm-none-eabi/6.3.1/../../../../arm-none-eabi/lib/thumb/v6-m\libc_nano.a(lib_a-nano-freer.o)
__malloc_sbrk_start                               c:/program files (x86)/atmel/studio/7.0/toolchain/arm/arm-gnu-toolchain/bin/../lib/gcc/arm-none-eabi/6.3.1/../../../../arm-none-eabi/lib/thumb/v6-m\libc_nano.a(lib_a-nano-mallocr.o)
__malloc_unlock                                   c:/program files (x86)/atmel/studio/7.0/toolchain/arm/arm-gnu-toolchain/bin/../lib/gcc/arm-none-eabi/6.3.1/../../../../arm-none-eabi/lib/thumb/v6-m\libc_nano.a(lib_a-mlock.o)
                                                  c:/program files (x86)/atmel/studio/7.0/toolchain/arm/arm-gnu-toolchain/bin/../lib/gcc/arm-none-eabi/6.3.1/../../../../arm-none-eabi/lib/thumb/v6-m\libc_nano.a(lib_a-nano-mallocr.o)
                                                  c:/program files (x86)/atmel/studio/7.0/toolchain/arm/arm-gnu-toolchain/bin/../lib/gcc/arm-none-eabi/6.3.1/../../../../arm-none-eabi/lib/thumb/v6-m\libc_nano.a(lib_a-nano-freer.o)
__muldi3                                          c:/program files (x86)/atmel/studio/7.0/toolchain/arm/arm-gnu-toolchain/bin/../lib/gcc/arm-none-eabi/6.3.1/thumb/v6-m\libgcc.a(_muldi3.o)
__preinit_array_end                               c:/program files (x86)/atmel/studio/7.0/toolchain/arm/arm-gnu-toolchain/bin/../lib/gcc/arm-none-eabi/6.3.1/../../../../arm-none-eabi/lib/thumb/v6-m\libc_nano.a(lib_a-init.o)
__preinit_array_start                             c:/program files (x86)/atmel/studio/7.0/toolchain/arm/arm-gnu-toolchain/bin/../lib/gcc/arm-none-eabi/6.3.1/../../../../arm-none-eabi/lib/thumb/v6-m\libc_nano.a(lib_a-init.o)
__register_frame_info                             c:/program files (x86)/atmel/studio/7.0/toolchain/arm/arm-gnu-toolchain/bin/../lib/gcc/arm-none-eabi/6.3.1/thumb/v6-m/crtbegin.o
__sf_fake_stderr                                  c:/program files (x86)/atmel/studio/7.0/toolchain/arm/arm-gnu-toolchain/bin/../lib/gcc/arm-none-eabi/6.3.1/../../../../arm-none-eabi/lib/thumb/v6-m\libc_nano.a(lib_a-impure.o)
__sf_fake_stdin                                   c:/program files (x86)/atmel/studio/7.0/toolchain/arm/arm-gnu-toolchain/bin/../lib/gcc/arm-none-eabi/6.3.1/../../../../arm-none-eabi/lib/thumb/v6-m\libc_nano.a(lib_a-impure.o)
__sf_fake_stdout                                  c:/program files (x86)/atmel/studio/7.0/toolchain/arm/arm-gnu-toolchain/bin/../lib/gcc/arm-none-eabi/6.3.1/../../../../arm-none-eabi/lib/thumb/v6-m\libc_nano.a(lib_a-impure.o)
__ssprint_r                                       c:/program files (x86)/atmel/studio/7.0/toolchain/arm/arm-gnu-toolchain/bin/../lib/gcc/arm-none-eabi/6.3.1/../../../../arm-none-eabi/lib/thumb/v6-m\libc_nano.a(lib_a-nano-svfprintf.o)
__ssputs_r                                        c:/program files (x86)/atmel/studio/7.0/toolchain/arm/arm-gnu-toolchain/bin/../lib/gcc/arm-none-eabi/6.3.1/../../../../arm-none-eabi/lib/thumb/v6-m\libc_nano.a(lib_a-nano-svfprintf.o)
__stack                                           c:/program files (x86)/atmel/studio/7.0/toolchain/arm/arm-gnu-toolchain/bin/../lib/gcc/arm-none-eabi/6.3.1/../../../../arm-none-eabi/lib/thumb/v6-m/crt0.o
__udivsi3                                         c:/program files (x86)/atmel/studio/7.0/toolchain/arm/arm-gnu-toolchain/bin/../lib/gcc/arm-none-eabi/6.3.1/thumb/v6-m\libgcc.a(_udivsi3.o)
_atoi_r                                           c:/program files (x86)/atmel/studio/7.0/toolchain/arm/arm-gnu-toolchain/bin/../lib/gcc/arm-none-eabi/6.3.1/../../../../arm-none-eabi/lib/thumb/v6-m\libc_nano.a(lib_a-atoi.o)
_close                                            src/ASF/sam0/utils/syscalls/gcc/syscalls.o
_ctype_                                           c:/program files (x86)/atmel/studio/7.0/toolchain/arm/arm-gnu-toolchain/bin/../lib/gcc/arm-none-eabi/6.3.1/../../../../arm-none-eabi/lib/thumb/v6-m\libc_nano.a(lib_a-ctype_.o)
                                                  c:/program files (x86)/atmel/studio/7.0/toolchain/arm/arm-gnu-toolchain/bin/../lib/gcc/arm-none-eabi/6.3.1/../../../../arm-none-eabi/lib/thumb/v6-m\libc_nano.a(lib_a-locale.o)
_end                                              src/ASF/sam0/utils/syscalls/gcc/syscalls.o
_erelocate                                        src/ASF/sam0/utils/cmsis/samd21/source/gcc/startup_samd21.o
_estack                                           src/ASF/sam0/utils/cmsis/samd21/source/gcc/startup_samd21.o
_etext                                            src/ASF/sam0/utils/cmsis/samd21/source/gcc/startup_samd21.o
_exit                                             src/ASF/sam0/utils/syscalls/gcc/syscalls.o
                                                  c:/program files (x86)/atmel/studio/7.0/toolchain/arm/arm-gnu-toolchain/bin/../lib/gcc/arm-none-eabi/6.3.1/../../../../arm-none-eabi/lib/thumb/v6-m\libc_nano.a(lib_a-exit.o)
_ezero                                            src/ASF/sam0/utils/cmsis/samd21/source/gcc/startup_samd21.o
_fini                                             c:/program files (x86)/atmel/studio/7.0/toolchain/arm/arm-gnu-toolchain/bin/../lib/gcc/arm-none-eabi/6.3.1/thumb/v6-m/crti.o
_free_r                                           c:/program files (x86)/atmel/studio/7.0/toolchain/arm/arm-gnu-toolchain/bin/../lib/gcc/arm-none-eabi/6.3.1/../../../../arm-none-eabi/lib/thumb/v6-m\libc_nano.a(lib_a-nano-freer.o)
                                                  c:/program files (x86)/atmel/studio/7.0/toolchain/arm/arm-gnu-toolchain/bin/../lib/gcc/arm-none-eabi/6.3.1/../../../../arm-none-eabi/lib/thumb/v6-m\libc_nano.a(lib_a-reent.o)
                                                  c:/program files (x86)/atmel/studio/7.0/toolchain/arm/arm-gnu-toolchain/bin/../lib/gcc/arm-none-eabi/6.3.1/../../../../arm-none-eabi/lib/thumb/v6-m\libc_nano.a(lib_a-nano-reallocr.o)
                                                  c:/program files (x86)/atmel/studio/7.0/toolchain/arm/arm-gnu-toolchain/bin/../lib/gcc/arm-none-eabi/6.3.1/../../../../arm-none-eabi/lib/thumb/v6-m\libc_nano.a(lib_a-nano-svfprintf.o)
_fstat                                            src/ASF/sam0/utils/syscalls/gcc/syscalls.o
_getpid                                           src/ASF/sam0/utils/syscalls/gcc/syscalls.o
_global_impure_ptr                                c:/program files (x86)/atmel/studio/7.0/toolchain/arm/arm-gnu-toolchain/bin/../lib/gcc/arm-none-eabi/6.3.1/../../../../arm-none-eabi/lib/thumb/v6-m\libc_nano.a(lib_a-impure.o)
                                                  c:/program files (x86)/atmel/studio/7.0/toolchain/arm/arm-gnu-toolchain/bin/../lib/gcc/arm-none-eabi/6.3.1/../../../../arm-none-eabi/lib/thumb/v6-m\libc_nano.a(lib_a-exit.o)
_impure_ptr                                       c:/program files (x86)/atmel/studio/7.0/toolchain/arm/arm-gnu-toolchain/bin/../lib/gcc/arm-none-eabi/6.3.1/../../../../arm-none-eabi/lib/thumb/v6-m\libc_nano.a(lib_a-impure.o)
                                                  c:/program files (x86)/atmel/studio/7.0/toolchain/arm/arm-gnu-toolchain/bin/../lib/gcc/arm-none-eabi/6.3.1/../../../../arm-none-eabi/lib/thumb/v6-m\libc_nano.a(lib_a-reent.o)
                                                  c:/program files (x86)/atmel/studio/7.0/toolchain/arm/arm-gnu-toolchain/bin/../lib/gcc/arm-none-eabi/6.3.1/../../../../arm-none-eabi/lib/thumb/v6-m\libc_nano.a(lib_a-wctomb_r.o)
                                                  c:/program files (x86)/atmel/studio/7.0/toolchain/arm/arm-gnu-toolchain/bin/../lib/gcc/arm-none-eabi/6.3.1/../../../../arm-none-eabi/lib/thumb/v6-m\libc_nano.a(lib_a-vsnprintf.o)
                                                  c:/program files (x86)/atmel/studio/7.0/toolchain/arm/arm-gnu-toolchain/bin/../lib/gcc/arm-none-eabi/6.3.1/../../../../arm-none-eabi/lib/thumb/v6-m\libc_nano.a(lib_a-strtol.o)
                                                  c:/program files (x86)/atmel/studio/7.0/toolchain/arm/arm-gnu-toolchain/bin/../lib/gcc/arm-none-eabi/6.3.1/../../../../arm-none-eabi/lib/thumb/v6-m\libc_nano.a(lib_a-mbtowc_r.o)
                                                  c:/program files (x86)/atmel/studio/7.0/toolchain/arm/arm-gnu-toolchain/bin/../lib/gcc/arm-none-eabi/6.3.1/../../../../arm-none-eabi/lib/thumb/v6-m\libc_nano.a(lib_a-locale.o)
_init                                             c:/program files (x86)/atmel/studio/7.0/toolchain/arm/arm-gnu-toolchain/bin/../lib/gcc/arm-none-eabi/6.3.1/thumb/v6-m/crti.o
                                                  c:/program files (x86)/atmel/studio/7.0/toolchain/arm/arm-gnu-toolchain/bin/../lib/gcc/arm-none-eabi/6.3.1/../../../../arm-none-eabi/lib/thumb/v6-m\libc_nano.a(lib_a-init.o)
_isatty                                           src/ASF/sam0/utils/syscalls/gcc/syscalls.o
_kill                                             src/ASF/sam0/utils/syscalls/gcc/syscalls.o
_lseek                                            src/ASF/sam0/utils/syscalls/gcc/syscalls.o
_mainCRTStartup                                   c:/program files (x86)/atmel/studio/7.0/toolchain/arm/arm-gnu-toolchain/bin/../lib/gcc/arm-none-eabi/6.3.1/../../../../arm-none-eabi/lib/thumb/v6-m/crt0.o
_malloc_r                                         c:/program files (x86)/atmel/studio/7.0/toolchain/arm/arm-gnu-toolchain/bin/../lib/gcc/arm-none-eabi/6.3.1/../../../../arm-none-eabi/lib/thumb/v6-m\libc_nano.a(lib_a-nano-mallocr.o)
                                                  c:/program files (x86)/atmel/studio/7.0/toolchain/arm/arm-gnu-toolchain/bin/../lib/gcc/arm-none-eabi/6.3.1/../../../../arm-none-eabi/lib/thumb/v6-m\libc_nano.a(lib_a-nano-reallocr.o)
                                                  c:/program files (x86)/atmel/studio/7.0/toolchain/arm/arm-gnu-toolchain/bin/../lib/gcc/arm-none-eabi/6.3.1/../../../../arm-none-eabi/lib/thumb/v6-m\libc_nano.a(lib_a-nano-svfprintf.o)
_malloc_usable_size_r                             c:/program files (x86)/atmel/studio/7.0/toolchain/arm/arm-gnu-toolchain/bin/../lib/gcc/arm-none-eabi/6.3.1/../../../../arm-none-eabi/lib/thumb/v6-m\libc_nano.a(lib_a-nano-msizer.o)
                                                  c:/program files (x86)/atmel/studio/7.0/toolchain/arm/arm-gnu-toolchain/bin/../lib/gcc/arm-none-eabi/6.3.1/../../../../arm-none-eabi/lib/thumb/v6-m\libc_nano.a(lib_a-nano-reallocr.o)
_mbtowc_r                                         c:/program files (x86)/atmel/studio/7.0/toolchain/arm/arm-gnu-toolchain/bin/../lib/gcc/arm-none-eabi/6.3.1/../../../../arm-none-eabi/lib/thumb/v6-m\libc_nano.a(lib_a-mbtowc_r.o)
_printf_common                                    c:/program files (x86)/atmel/studio/7.0/toolchain/arm/arm-gnu-toolchain/bin/../lib/gcc/arm-none-eabi/6.3.1/../../../../arm-none-eabi/lib/thumb/v6-m\libc_nano.a(lib_a-nano-vfprintf_i.o)
_printf_float                                     c:/program files (x86)/atmel/studio/7.0/toolchain/arm/arm-gnu-toolchain/bin/../lib/gcc/arm-none-eabi/6.3.1/../../../../arm-none-eabi/lib/thumb/v6-m\libc_nano.a(lib_a-nano-svfprintf.o)
_printf_i                                         c:/program files (x86)/atmel/studio/7.0/toolchain/arm/arm-gnu-toolchain/bin/../lib/gcc/arm-none-eabi/6.3.1/../../../../arm-none-eabi/lib/thumb/v6-m\libc_nano.a(lib_a-nano-vfprintf_i.o)
                                                  c:/program files (x86)/atmel/studio/7.0/toolchain/arm/arm-gnu-toolchain/bin/../lib/gcc/arm-none-eabi/6.3.1/../../../../arm-none-eabi/lib/thumb/v6-m\libc_nano.a(lib_a-nano-svfprintf.o)
_realloc_r                                        c:/program files (x86)/atmel/studio/7.0/toolchain/arm/arm-gnu-toolchain/bin/../lib/gcc/arm-none-eabi/6.3.1/../../../../arm-none-eabi/lib/thumb/v6-m\libc_nano.a(lib_a-nano-reallocr.o)
                                                  c:/program files (x86)/atmel/studio/7.0/toolchain/arm/arm-gnu-toolchain/bin/../lib/gcc/arm-none-eabi/6.3.1/../../../../arm-none-eabi/lib/thumb/v6-m\libc_nano.a(lib_a-nano-svfprintf.o)
_reclaim_reent                                    c:/program files (x86)/atmel/studio/7.0/toolchain/arm/arm-gnu-toolchain/bin/../lib/gcc/arm-none-eabi/6.3.1/../../../../arm-none-eabi/lib/thumb/v6-m\libc_nano.a(lib_a-reent.o)
_sbrk                                             src/ASF/sam0/utils/syscalls/gcc/syscalls.o
                                                  c:/program files (x86)/atmel/studio/7.0/toolchain/arm/arm-gnu-toolchain/bin/../lib/gcc/arm-none-eabi/6.3.1/../../../../arm-none-eabi/lib/thumb/v6-m\libc_nano.a(lib_a-sbrkr.o)
_sbrk_r                                           c:/program files (x86)/atmel/studio/7.0/toolchain/arm/arm-gnu-toolchain/bin/../lib/gcc/arm-none-eabi/6.3.1/../../../../arm-none-eabi/lib/thumb/v6-m\libc_nano.a(lib_a-sbrkr.o)
                                                  c:/program files (x86)/atmel/studio/7.0/toolchain/arm/arm-gnu-toolchain/bin/../lib/gcc/arm-none-eabi/6.3.1/../../../../arm-none-eabi/lib/thumb/v6-m\libc_nano.a(lib_a-nano-mallocr.o)