Archive member included to satisfy reference by file (symbol)

d:/applications/7.0/toolchain/arm/arm-gnu-toolchain/bin/../lib/gcc/arm-none-eabi/6.3.1/thumb/v6-m\libgcc.a(_udivsi3.o)
                              src/ASF/sam0/drivers/rtc/rtc_sam_d_r_h/rtc_calendar.o (__aeabi_uidiv)
d:/applications/7.0/toolchain/arm/arm-gnu-toolchain/bin/../lib/gcc/arm-none-eabi/6.3.1/thumb/v6-m\libgcc.a(_divsi3.o)
                              src/GLCD_hal/FT_Gpu_Hal.o (__aeabi_idiv)
d:/applications/7.0/toolchain/arm/arm-gnu-toolchain/bin/../lib/gcc/arm-none-eabi/6.3.1/thumb/v6-m\libgcc.a(_dvmd_tls.o)
                              d:/applications/7.0/toolchain/arm/arm-gnu-toolchain/bin/../lib/gcc/arm-none-eabi/6.3.1/thumb/v6-m\libgcc.a(_udivsi3.o) (__aeabi_idiv0)
d:/applications/7.0/toolchain/arm/arm-gnu-toolchain/bin/../lib/gcc/arm-none-eabi/6.3.1/thumb/v6-m\libgcc.a(_arm_cmpdf2.o)
                              src/GLCD_hal/sim_gui.o (__aeabi_dcmpeq)
d:/applications/7.0/toolchain/arm/arm-gnu-toolchain/bin/../lib/gcc/arm-none-eabi/6.3.1/thumb/v6-m\libgcc.a(_muldi3.o)
                              src/ASF/sam0/drivers/sercom/sercom.o (__aeabi_lmul)
d:/applications/7.0/toolchain/arm/arm-gnu-toolchain/bin/../lib/gcc/arm-none-eabi/6.3.1/thumb/v6-m\libgcc.a(eqdf2.o)
                              d:/applications/7.0/toolchain/arm/arm-gnu-toolchain/bin/../lib/gcc/arm-none-eabi/6.3.1/thumb/v6-m\libgcc.a(_arm_cmpdf2.o) (__eqdf2)
d:/applications/7.0/toolchain/arm/arm-gnu-toolchain/bin/../lib/gcc/arm-none-eabi/6.3.1/thumb/v6-m\libgcc.a(gedf2.o)
                              d:/applications/7.0/toolchain/arm/arm-gnu-toolchain/bin/../lib/gcc/arm-none-eabi/6.3.1/thumb/v6-m\libgcc.a(_arm_cmpdf2.o) (__gedf2)
d:/applications/7.0/toolchain/arm/arm-gnu-toolchain/bin/../lib/gcc/arm-none-eabi/6.3.1/thumb/v6-m\libgcc.a(ledf2.o)
                              d:/applications/7.0/toolchain/arm/arm-gnu-toolchain/bin/../lib/gcc/arm-none-eabi/6.3.1/thumb/v6-m\libgcc.a(_arm_cmpdf2.o) (__ledf2)
d:/applications/7.0/toolchain/arm/arm-gnu-toolchain/bin/../lib/gcc/arm-none-eabi/6.3.1/../../../../arm-none-eabi/lib/thumb/v6-m\libc_nano.a(lib_a-exit.o)
                              d:/applications/7.0/toolchain/arm/arm-gnu-toolchain/bin/../lib/gcc/arm-none-eabi/6.3.1/../../../../arm-none-eabi/lib/thumb/v6-m/crt0.o (exit)
d:/applications/7.0/toolchain/arm/arm-gnu-toolchain/bin/../lib/gcc/arm-none-eabi/6.3.1/../../../../arm-none-eabi/lib/thumb/v6-m\libc_nano.a(lib_a-impure.o)
                              d:/applications/7.0/toolchain/arm/arm-gnu-toolchain/bin/../lib/gcc/arm-none-eabi/6.3.1/../../../../arm-none-eabi/lib/thumb/v6-m\libc_nano.a(lib_a-exit.o) (_global_impure_ptr)
d:/applications/7.0/toolchain/arm/arm-gnu-toolchain/bin/../lib/gcc/arm-none-eabi/6.3.1/../../../../arm-none-eabi/lib/thumb/v6-m\libc_nano.a(lib_a-init.o)
                              d:/applications/7.0/toolchain/arm/arm-gnu-toolchain/bin/../lib/gcc/arm-none-eabi/6.3.1/../../../../arm-none-eabi/lib/thumb/v6-m/crt0.o (__libc_init_array)
d:/applications/7.0/toolchain/arm/arm-gnu-toolchain/bin/../lib/gcc/arm-none-eabi/6.3.1/../../../../arm-none-eabi/lib/thumb/v6-m\libc_nano.a(lib_a-memcpy-stub.o)
                              src/GLCD_hal/sim_gui.o (memcpy)
d:/applications/7.0/toolchain/arm/arm-gnu-toolchain/bin/../lib/gcc/arm-none-eabi/6.3.1/../../../../arm-none-eabi/lib/thumb/v6-m\libc_nano.a(lib_a-memset.o)
                              d:/applications/7.0/toolchain/arm/arm-gnu-toolchain/bin/../lib/gcc/arm-none-eabi/6.3.1/../../../../arm-none-eabi/lib/thumb/v6-m/crt0.o (memset)
d:/applications/7.0/toolchain/arm/arm-gnu-toolchain/bin/../lib/gcc/arm-none-eabi/6.3.1/../../../../arm-none-eabi/lib/thumb/v6-m\libc_nano.a(lib_a-snprintf.o)
                              src/firmware/sim_sd_log.o (snprintf)
d:/applications/7.0/toolchain/arm/arm-gnu-toolchain/bin/../lib/gcc/arm-none-eabi/6.3.1/../../../../arm-none-eabi/lib/thumb/v6-m\libc_nano.a(lib_a-strlen.o)
                              src/firmware/sim_sd_log.o (strlen)
d:/applications/7.0/toolchain/arm/arm-gnu-toolchain/bin/../lib/gcc/arm-none-eabi/6.3.1/../../../../arm-none-eabi/lib/thumb/v6-m\libc_nano.a(lib_a-vsnprintf.o)
                              src/GLCD_hal/sim_system_glcd_software.o (vsnprintf)
d:/applications/7.0/toolchain/arm/arm-gnu-toolchain/bin/../lib/gcc/arm-none-eabi/6.3.1/../../../../arm-none-eabi/lib/thumb/v6-m\libc_nano.a(lib_a-nano-svfprintf.o)
                              d:/applications/7.0/toolchain/arm/arm-gnu-toolchain/bin/../lib/gcc/arm-none-eabi/6.3.1/../../../../arm-none-eabi/lib/thumb/v6-m\libc_nano.a(lib_a-snprintf.o) (_svfprintf_r)
d:/applications/7.0/toolchain/arm/arm-gnu-toolchain/bin/../lib/gcc/arm-none-eabi/6.3.1/../../../../arm-none-eabi/lib/thumb/v6-m\libc_nano.a(lib_a-nano-vfprintf_i.o)
                              d:/applications/7.0/toolchain/arm/arm-gnu-toolchain/bin/../lib/gcc/arm-none-eabi/6.3.1/../../../../arm-none-eabi/lib/thumb/v6-m\libc_nano.a(lib_a-nano-svfprintf.o) (_printf_i)
[...]
Memory Configuration

Name             Origin             Length             Attributes
rom              0x00000000         0x00040000         xr
ram              0x20000000         0x00008000         xrw
*default*        0x00000000         0xffffffff

Linker script and memory map

LOAD d:/applications/7.0/toolchain/arm/arm-gnu-toolchain/bin/../lib/gcc/arm-none-eabi/6.3.1/thumb/v6-m/crti.o
LOAD d:/applications/7.0/toolchain/arm/arm-gnu-toolchain/bin/../lib/gcc/arm-none-eabi/6.3.1/thumb/v6-m/crtbegin.o
LOAD d:/applications/7.0/toolchain/arm/arm-gnu-toolchain/bin/../lib/gcc/arm-none-eabi/6.3.1/../../../../arm-none-eabi/lib/thumb/v6-m/crt0.o
LOAD src/ASF/sam0/drivers/extint/extint_callback.o
LOAD src/ASF/sam0/drivers/extint/extint_sam_d_r_h/extint.o
LOAD src/ASF/sam0/drivers/rtc/rtc_sam_d_r_h/rtc_calendar.o
LOAD src/ASF/sam0/drivers/sercom/sercom.o
LOAD src/ASF/sam0/drivers/sercom/sercom_interrupt.o
LOAD src/ASF/sam0/drivers/sercom/usart/usart.o
LOAD src/ASF/sam0/drivers/sercom/usart/usart_interrupt.o
LOAD src/chanlib/diskio.o
LOAD src/chanlib/ff.o
LOAD src/chanlib/ffsystem.o
LOAD src/chanlib/ffunicode.o
LOAD src/firmware/sim_sd_log.o
LOAD src/firmware/uart_fiber.o
LOAD src/firmware/uart_ib.o
LOAD src/GLCD_hal/FT_CoPro_Cmds.o
LOAD src/GLCD_hal/Ft_Esd.o
LOAD src/GLCD_hal/FT_Gpu_Hal.o
LOAD src/GLCD_hal/sim_gui.o
LOAD src/GLCD_hal/sim_system_glcd_firmware.o
LOAD src/GLCD_hal/sim_system_glcd_software.o
LOAD src/ASF/sam0/drivers/sercom/spi/spi.o
LOAD src/ASF/common2/services/delay/sam0/systick_counter.o
LOAD src/ASF/sam0/drivers/port/port.o
LOAD src/ASF/common2/boards/user_board/init.o
LOAD src/ASF/common/utils/interrupt/interrupt_sam_nvic.o
LOAD src/ASF/sam0/drivers/system/clock/clock_samd21_r21_da_ha1/clock.o
LOAD src/ASF/sam0/drivers/system/clock/clock_samd21_r21_da_ha1/gclk.o
LOAD src/ASF/sam0/drivers/system/interrupt/system_interrupt.o
LOAD src/ASF/sam0/drivers/system/pinmux/pinmux.o
LOAD src/ASF/sam0/drivers/system/system.o
LOAD src/ASF/sam0/utils/cmsis/samd21/source/gcc/startup_samd21.o
LOAD src/ASF/sam0/utils/cmsis/samd21/source/system_samd21.o
LOAD src/ASF/sam0/utils/syscalls/gcc/syscalls.o
LOAD src/main.o
START GROUP
LOAD ../src/ASF/thirdparty/CMSIS/Lib/GCC\libarm_cortexM0l_math.a
LOAD d:/applications/7.0/toolchain/arm/arm-gnu-toolchain/bin/../lib/gcc/arm-none-eabi/6.3.1/../../../../arm-none-eabi/lib/thumb/v6-m\libm.a
END GROUP
START GROUP
LOAD d:/applications/7.0/toolchain/arm/arm-gnu-toolchain/bin/../lib/gcc/arm-none-eabi/6.3.1/thumb/v6-m\libgcc.a
LOAD d:/applications/7.0/toolchain/arm/arm-gnu-toolchain/bin/../lib/gcc/arm-none-eabi/6.3.1/../../../../arm-none-eabi/lib/thumb/v6-m\libc_nano.a
END GROUP
START GROUP
LOAD d:/applications/7.0/toolchain/arm/arm-gnu-toolchain/bin/../lib/gcc/arm-none-eabi/6.3.1/thumb/v6-m\libgcc.a
LOAD d:/applications/7.0/toolchain/arm/arm-gnu-toolchain/bin/../lib/gcc/arm-none-eabi/6.3.1/../../../../arm-none-eabi/lib/thumb/v6-m\libc_nano.a
END GROUP
LOAD d:/applications/7.0/toolchain/arm/arm-gnu-toolchain/bin/../lib/gcc/arm-none-eabi/6.3.1/thumb/v6-m/crtend.o
LOAD d:/applications/7.0/toolchain/arm/arm-gnu-toolchain/bin/../lib/gcc/arm-none-eabi/6.3.1/thumb/v6-m/crtn.o
                0x00002000                STACK_SIZE = DEFINED (STACK_SIZE)?STACK_SIZE:DEFINED (__stack_size__)?__stack_size__:0x2000

.text           0x00000000     0x6478
                0x00000000                . = ALIGN (0x4)
                0x00000000                _sfixed = .
 *(.vectors .vectors.*)
 .vectors       0x00000000       0xb4 src/ASF/sam0/utils/cmsis/samd21/source/gcc/startup_samd21.o
                0x00000000                exception_table
 *(.text .text.* .gnu.linkonce.t.*)
 .text          0x000000b4       0x60 d:/applications/7.0/toolchain/arm/arm-gnu-toolchain/bin/../lib/gcc/arm-none-eabi/6.3.1/thumb/v6-m/crtbegin.o
 .text._extint_get_eic_from_channel
                0x00000114       0x4c src/ASF/sam0/drivers/extint/extint_callback.o
 .text.extint_chan_is_detected
                0x00000160       0x44 src/ASF/sam0/drivers/extint/extint_callback.o
 .text.extint_chan_clear_detected
                0x000001a4       0x3c src/ASF/sam0/drivers/extint/extint_callback.o
 .text.extint_register_callback
                0x000001e0       0x64 src/ASF/sam0/drivers/extint/extint_callback.o
                0x000001e0                extint_register_callback
 .text.EIC_Handler
                0x00000244       0x6c src/ASF/sam0/drivers/extint/extint_callback.o
                0x00000244                EIC_Handler
 .text.system_gclk_chan_get_config_defaults
                0x000002b0       0x16 src/ASF/sam0/drivers/extint/extint_sam_d_r_h/extint.o
 *fill*         0x000002c6        0x2 
 .text.system_apb_clock_set_mask
                0x000002c8       0x5c src/ASF/sam0/drivers/extint/extint_sam_d_r_h/extint.o
 .text.system_pinmux_get_config_defaults
                0x00000324       0x28 src/ASF/sam0/drivers/extint/extint_sam_d_r_h/extint.o
 .text.system_interrupt_enable
                0x0000034c       0x2c src/ASF/sam0/drivers/extint/extint_sam_d_r_h/extint.o
 .text._extint_get_eic_from_channel
                0x00000378       0x4c src/ASF/sam0/drivers/extint/extint_sam_d_r_h/extint.o
 .text.extint_is_syncing
                0x000003c4       0x48 src/ASF/sam0/drivers/extint/extint_sam_d_r_h/extint.o
 .text._system_extint_init
                0x0000040c       0xe0 src/ASF/sam0/drivers/extint/extint_sam_d_r_h/extint.o
                0x0000040c                _system_extint_init
 .text._extint_enable
                0x000004ec       0x64 src/ASF/sam0/drivers/extint/extint_sam_d_r_h/extint.o
 .text.extint_chan_set_config
                0x00000550       0xfc src/ASF/sam0/drivers/extint/extint_sam_d_r_h/extint.o
                0x00000550                extint_chan_set_config
 .text.system_gclk_chan_get_config_defaults
                0x0000064c       0x16 src/ASF/sam0/drivers/rtc/rtc_sam_d_r_h/rtc_calendar.o
 *fill*         0x00000662        0x2 
 .text.system_apb_clock_set_mask
                0x00000664       0x5c src/ASF/sam0/drivers/rtc/rtc_sam_d_r_h/rtc_calendar.o
 .text.rtc_calendar_is_syncing
                0x000006c0       0x28 src/ASF/sam0/drivers/rtc/rtc_sam_d_r_h/rtc_calendar.o
 .text.rtc_calendar_enable
                0x000006e8       0x38 src/ASF/sam0/drivers/rtc/rtc_sam_d_r_h/rtc_calendar.o
                0x000006e8                rtc_calendar_enable
 .text.rtc_calendar_disable
                0x00000720       0x44 src/ASF/sam0/drivers/rtc/rtc_sam_d_r_h/rtc_calendar.o
                0x00000720                rtc_calendar_disable
 .text.rtc_calendar_reset
                0x00000764       0x44 src/ASF/sam0/drivers/rtc/rtc_sam_d_r_h/rtc_calendar.o
                0x00000764                rtc_calendar_reset
 .text.rtc_calendar_time_to_register_value
                0x000007a8       0x88 src/ASF/sam0/drivers/rtc/rtc_sam_d_r_h/rtc_calendar.o
                0x000007a8                rtc_calendar_time_to_register_value
 .text._rtc_calendar_set_config
                0x00000830       0xc8 src/ASF/sam0/drivers/rtc/rtc_sam_d_r_h/rtc_calendar.o
 .text.rtc_calendar_init
                0x000008f8       0x94 src/ASF/sam0/drivers/rtc/rtc_sam_d_r_h/rtc_calendar.o
                0x000008f8                rtc_calendar_init
 .text.rtc_calendar_set_time
                0x0000098c       0x44 src/ASF/sam0/drivers/rtc/rtc_sam_d_r_h/rtc_calendar.o
                0x0000098c                rtc_calendar_set_time
 .text.rtc_calendar_set_alarm
                0x000009d0       0x74 src/ASF/sam0/drivers/rtc/rtc_sam_d_r_h/rtc_calendar.o
                0x000009d0                rtc_calendar_set_alarm
 .text.rtc_calendar_frequency_correction
                0x00000a44       0x6c src/ASF/sam0/drivers/rtc/rtc_sam_d_r_h/rtc_calendar.o
                0x00000a44                rtc_calendar_frequency_correction
 .text.system_gclk_chan_get_config_defaults
                0x00000ab0       0x16 src/ASF/sam0/drivers/sercom/sercom.o
 .text.long_division
                0x00000ac6       0xe0 src/ASF/sam0/drivers/sercom/sercom.o
 .text._sercom_get_sync_baud_val
                0x00000ba6       0x7c src/ASF/sam0/drivers/sercom/sercom.o
                0x00000ba6                _sercom_get_sync_baud_val
 *fill*         0x00000c22        0x2 
 .text._sercom_get_async_baud_val
                0x00000c24      0x1c0 src/ASF/sam0/drivers/sercom/sercom.o
                0x00000c24                _sercom_get_async_baud_val
 .text.sercom_set_gclk_generator
                0x00000de4       0x8c src/ASF/sam0/drivers/sercom/sercom.o
                0x00000de4                sercom_set_gclk_generator
 .text._sercom_get_default_pad
                0x00000e70      0x1bc src/ASF/sam0/drivers/sercom/sercom.o
                0x00000e70                _sercom_get_default_pad
 .text._sercom_get_sercom_inst_index
                0x0000102c       0x50 src/ASF/sam0/drivers/sercom/sercom.o
                0x0000102c                _sercom_get_sercom_inst_index
 .text._sercom_default_handler
                0x0000107c       0x14 src/ASF/sam0/drivers/sercom/sercom_interrupt.o
 .text._sercom_set_handler
                0x00001090       0x6c src/ASF/sam0/drivers/sercom/sercom_interrupt.o
                0x00001090                _sercom_set_handler
 .text._sercom_get_interrupt_vector
                0x000010fc       0x44 src/ASF/sam0/drivers/sercom/sercom_interrupt.o
                0x000010fc                _sercom_get_interrupt_vector
 .text.SERCOM0_Handler
                0x00001140       0x18 src/ASF/sam0/drivers/sercom/sercom_interrupt.o
                0x00001140                SERCOM0_Handler
 .text.SERCOM1_Handler
                0x00001158       0x18 src/ASF/sam0/drivers/sercom/sercom_interrupt.o
                0x00001158                SERCOM1_Handler
 .text.SERCOM2_Handler
                0x00001170       0x18 src/ASF/sam0/drivers/sercom/sercom_interrupt.o
                0x00001170                SERCOM2_Handler
 .text.SERCOM3_Handler
                0x00001188       0x18 src/ASF/sam0/drivers/sercom/sercom_interrupt.o
                0x00001188                SERCOM3_Handler
 .text.SERCOM4_Handler
                0x000011a0       0x18 src/ASF/sam0/drivers/sercom/sercom_interrupt.o
                0x000011a0                SERCOM4_Handler
 .text.SERCOM5_Handler
                0x000011b8       0x18 src/ASF/sam0/drivers/sercom/sercom_interrupt.o
                0x000011b8                SERCOM5_Handler
 .text.system_gclk_chan_get_config_defaults
                0x000011d0       0x16 src/ASF/sam0/drivers/sercom/usart/usart.o
 *fill*         0x000011e6        0x2 
 .text.system_apb_clock_set_mask
                0x000011e8       0x5c src/ASF/sam0/drivers/sercom/usart/usart.o
 .text.system_pinmux_get_config_defaults
                0x00001244       0x28 src/ASF/sam0/drivers/sercom/usart/usart.o
 .text.system_is_debugger_present
                0x0000126c       0x20 src/ASF/sam0/drivers/sercom/usart/usart.o
 .text.usart_is_syncing
                0x0000128c       0x20 src/ASF/sam0/drivers/sercom/usart/usart.o
 .text._usart_wait_for_sync
                0x000012ac       0x24 src/ASF/sam0/drivers/sercom/usart/usart.o
 .text._usart_set_config
                0x000012d0      0x2dc src/ASF/sam0/drivers/sercom/usart/usart.o
 .text.usart_init
                0x000015ac      0x274 src/ASF/sam0/drivers/sercom/usart/usart.o
                0x000015ac                usart_init
 .text.usart_is_syncing
                0x00001820       0x20 src/ASF/sam0/drivers/sercom/usart/usart_interrupt.o
 .text._usart_wait_for_sync
                0x00001840       0x24 src/ASF/sam0/drivers/sercom/usart/usart_interrupt.o
 .text._usart_interrupt_handler
                0x00001864      0x340 src/ASF/sam0/drivers/sercom/usart/usart_interrupt.o
                0x00001864                _usart_interrupt_handler
 .text.system_interrupt_enable
                0x00001ba4       0x2c src/firmware/uart_fiber.o
 .text.usart_is_syncing
                0x00001bd0       0x20 src/firmware/uart_fiber.o
 .text._usart_wait_for_sync
                0x00001bf0       0x24 src/firmware/uart_fiber.o
 .text.usart_get_config_defaults
                0x00001c14       0xbe src/firmware/uart_fiber.o
 *fill*         0x00001cd2        0x2 
 .text.usart_enable
                0x00001cd4       0x48 src/firmware/uart_fiber.o
 .text.uartfiber_init
                0x00001d1c       0x88 src/firmware/uart_fiber.o
                0x00001d1c                uartfiber_init
 .text.system_interrupt_enable
                0x00001da4       0x2c src/firmware/uart_ib.o
 .text.usart_is_syncing
                0x00001dd0       0x20 src/firmware/uart_ib.o
 .text._usart_wait_for_sync
                0x00001df0       0x24 src/firmware/uart_ib.o
 .text.usart_get_config_defaults
                0x00001e14       0xbe src/firmware/uart_ib.o
 *fill*         0x00001ed2        0x2 
 .text.usart_enable
                0x00001ed4       0x48 src/firmware/uart_ib.o
 .text.uartib_init
                0x00001f1c       0x88 src/firmware/uart_ib.o
                0x00001f1c                uartib_init
 .text.Ft_Gpu_CoCmd_Text
                0x00001fa4       0xd4 src/GLCD_hal/FT_CoPro_Cmds.o
                0x00001fa4                Ft_Gpu_CoCmd_Text
 .text.Ft_Gpu_CoCmd_Swap
                0x00002078       0x40 src/GLCD_hal/FT_CoPro_Cmds.o
                0x00002078                Ft_Gpu_CoCmd_Swap
 .text.Ft_Gpu_CoCmd_Dlstart
                0x000020b8       0x40 src/GLCD_hal/FT_CoPro_Cmds.o
                0x000020b8                Ft_Gpu_CoCmd_Dlstart
 .text.Ft_Gpu_Copro_SendCmd
                0x000020f8       0x24 src/GLCD_hal/FT_CoPro_Cmds.o
                0x000020f8                Ft_Gpu_Copro_SendCmd
 .text.Ft_Gpu_CoCmd_SendStr
                0x0000211c       0x24 src/GLCD_hal/FT_CoPro_Cmds.o
                0x0000211c                Ft_Gpu_CoCmd_SendStr
 .text.Ft_Gpu_CoCmd_StartFunc
                0x00002140       0x3c src/GLCD_hal/FT_CoPro_Cmds.o
                0x00002140                Ft_Gpu_CoCmd_StartFunc
 .text.Ft_Gpu_CoCmd_EndFunc
                0x0000217c       0x34 src/GLCD_hal/FT_CoPro_Cmds.o
                0x0000217c                Ft_Gpu_CoCmd_EndFunc
 .text.Ft_Gpu_Hal_Open
                0x000021b0       0x40 src/GLCD_hal/FT_Gpu_Hal.o
                0x000021b0                Ft_Gpu_Hal_Open
 .text.Ft_Gpu_Hal_StartTransfer
                0x000021f0       0x4c src/GLCD_hal/FT_Gpu_Hal.o
                0x000021f0                Ft_Gpu_Hal_StartTransfer
 .text.Ft_Gpu_Hal_StartCmdTransfer
                0x0000223c       0x3c src/GLCD_hal/FT_Gpu_Hal.o
                0x0000223c                Ft_Gpu_Hal_StartCmdTransfer
 .text.Ft_Gpu_Hal_TransferString
                0x00002278       0x60 src/GLCD_hal/FT_Gpu_Hal.o
                0x00002278                Ft_Gpu_Hal_TransferString
 .text.Ft_Gpu_Hal_Transfer8
                0x000022d8       0x4c src/GLCD_hal/FT_Gpu_Hal.o
                0x000022d8                Ft_Gpu_Hal_Transfer8
 .text.Ft_Gpu_Hal_Transfer16
                0x00002324       0x8c src/GLCD_hal/FT_Gpu_Hal.o
                0x00002324                Ft_Gpu_Hal_Transfer16
 .text.Ft_Gpu_Hal_Transfer32
                0x000023b0       0x68 src/GLCD_hal/FT_Gpu_Hal.o
                0x000023b0                Ft_Gpu_Hal_Transfer32
 .text.Ft_Gpu_Hal_EndTransfer
                0x00002418       0x20 src/GLCD_hal/FT_Gpu_Hal.o
                0x00002418                Ft_Gpu_Hal_EndTransfer
 .text.Ft_Gpu_Hal_Rd16
                0x00002438       0x4c src/GLCD_hal/FT_Gpu_Hal.o
                0x00002438                Ft_Gpu_Hal_Rd16
 .text.Ft_Gpu_Hal_Wr8
                0x00002484       0x44 src/GLCD_hal/FT_Gpu_Hal.o
                0x00002484                Ft_Gpu_Hal_Wr8
 .text.Ft_Gpu_Hal_Wr16
                0x000024c8       0x44 src/GLCD_hal/FT_Gpu_Hal.o
                0x000024c8                Ft_Gpu_Hal_Wr16
 .text.Ft_Gpu_Hal_Wr32
                0x0000250c       0x40 src/GLCD_hal/FT_Gpu_Hal.o
                0x0000250c                Ft_Gpu_Hal_Wr32
 .text.Ft_Gpu_Hal_Updatecmdfifo
                0x0000254c       0x54 src/GLCD_hal/FT_Gpu_Hal.o
                0x0000254c                Ft_Gpu_Hal_Updatecmdfifo
 .text.Ft_Gpu_Cmdfifo_Freespace
                0x000025a0       0x54 src/GLCD_hal/FT_Gpu_Hal.o
                0x000025a0                Ft_Gpu_Cmdfifo_Freespace
 .text.Ft_Gpu_Hal_CheckCmdBuffer
                0x000025f4       0x34 src/GLCD_hal/FT_Gpu_Hal.o
                0x000025f4                Ft_Gpu_Hal_CheckCmdBuffer
 .text.Ft_Gpu_Hal_WaitCmdfifo_empty
                0x00002628       0x54 src/GLCD_hal/FT_Gpu_Hal.o
                0x00002628                Ft_Gpu_Hal_WaitCmdfifo_empty
 .text.Ft_Gpu_Hal_WrCmd32
                0x0000267c       0x48 src/GLCD_hal/FT_Gpu_Hal.o
                0x0000267c                Ft_Gpu_Hal_WrCmd32
 .text.system_clock_source_osc32k_get_config_defaults
                0x000026c4       0x34 src/GLCD_hal/sim_gui.o
 .text.rtc_calendar_get_time_defaults
                0x000026f8       0x3c src/GLCD_hal/sim_gui.o
 .text.rtc_calendar_get_config_defaults
                0x00002734       0xa4 src/GLCD_hal/sim_gui.o
 .text.appAttn  0x000027d8      0x108 src/GLCD_hal/sim_gui.o
                0x000027d8                appAttn
 .text.appRssi  0x000028e0       0xd8 src/GLCD_hal/sim_gui.o
                0x000028e0                appRssi
 .text.appHist  0x000029b8       0xd8 src/GLCD_hal/sim_gui.o
                0x000029b8                appHist
 .text.drawRect
                0x00002a90      0x2bc src/GLCD_hal/sim_gui.o
                0x00002a90                drawRect
 .text.drawRssi
                0x00002d4c      0x1d8 src/GLCD_hal/sim_gui.o
                0x00002d4c                drawRssi
 .text.drawHist
                0x00002f24       0xa4 src/GLCD_hal/sim_gui.o
                0x00002f24                drawHist
 .text.disStart
                0x00002fc8       0x44 src/GLCD_hal/sim_gui.o
                0x00002fc8                disStart
 .text.disEnd   0x0000300c       0x3c src/GLCD_hal/sim_gui.o
                0x0000300c                disEnd
 .text.configure_ext_ints
                0x00003048       0x40 src/GLCD_hal/sim_gui.o
                0x00003048                configure_ext_ints
 .text.configure_ext_int_callback
                0x00003088       0x20 src/GLCD_hal/sim_gui.o
                0x00003088                configure_ext_int_callback
 .text.configure_rtc_calendar
                0x000030a8       0x90 src/GLCD_hal/sim_gui.o
                0x000030a8                configure_rtc_calendar
 .text.clock_osc32k_init
                0x00003138       0x4c src/GLCD_hal/sim_gui.o
                0x00003138                clock_osc32k_init
 .text.clock_gclk2_init
                0x00003184       0x4c src/GLCD_hal/sim_gui.o
                0x00003184                clock_gclk2_init
 .text.system_pinmux_get_group_from_gpio_pin
                0x000031d0       0x60 src/GLCD_hal/sim_system_glcd_firmware.o
 .text.port_get_group_from_gpio_pin
                0x00003230       0x24 src/GLCD_hal/sim_system_glcd_firmware.o
 .text.port_get_config_defaults
                0x00003254       0x22 src/GLCD_hal/sim_system_glcd_firmware.o
 *fill*         0x00003276        0x2 
 .text.port_pin_set_output_level
                0x00003278       0x54 src/GLCD_hal/sim_system_glcd_firmware.o
 .text.spi_is_syncing
                0x000032cc       0x20 src/GLCD_hal/sim_system_glcd_firmware.o
 .text.spi_get_config_defaults
                0x000032ec       0x84 src/GLCD_hal/sim_system_glcd_firmware.o
 .text.spi_slave_inst_get_config_defaults
                0x00003370       0x22 src/GLCD_hal/sim_system_glcd_firmware.o
 *fill*         0x00003392        0x2 
 .text.spi_attach_slave
                0x00003394       0x64 src/GLCD_hal/sim_system_glcd_firmware.o
 .text.spi_enable
                0x000033f8       0x34 src/GLCD_hal/sim_system_glcd_firmware.o
 .text.lcd_spi_init
                0x0000342c       0xcc src/GLCD_hal/sim_system_glcd_firmware.o
                0x0000342c                lcd_spi_init
 .text.lcd_start_xfer
                0x000034f8      0x13c src/GLCD_hal/sim_system_glcd_firmware.o
                0x000034f8                lcd_start_xfer
 .text.lcd_stop_xfer
                0x00003634       0x24 src/GLCD_hal/sim_system_glcd_firmware.o
                0x00003634                lcd_stop_xfer
 .text.lcd_host_read
                0x00003658       0x3c src/GLCD_hal/sim_system_glcd_firmware.o
                0x00003658                lcd_host_read
 .text.lcd_rd8  0x00003694       0x44 src/GLCD_hal/sim_system_glcd_firmware.o
                0x00003694                lcd_rd8
 .text.lcd_rd16
                0x000036d8       0x44 src/GLCD_hal/sim_system_glcd_firmware.o
                0x000036d8                lcd_rd16
 .text.lcd_host_write
                0x0000371c       0x3c src/GLCD_hal/sim_system_glcd_firmware.o
                0x0000371c                lcd_host_write
 .text.lcd_wr8  0x00003758       0x48 src/GLCD_hal/sim_system_glcd_firmware.o
                0x00003758                lcd_wr8
 .text.lcd_wr16
                0x000037a0       0x48 src/GLCD_hal/sim_system_glcd_firmware.o
                0x000037a0                lcd_wr16
 .text.lcd_wr32
                0x000037e8       0x44 src/GLCD_hal/sim_system_glcd_firmware.o
                0x000037e8                lcd_wr32
 .text.lcd_host_cmd
                0x0000382c       0xa8 src/GLCD_hal/sim_system_glcd_firmware.o
                0x0000382c                lcd_host_cmd
 .text.lcd_powerdown
                0x000038d4       0x18 src/GLCD_hal/sim_system_glcd_firmware.o
                0x000038d4                lcd_powerdown
 .text.lcd_powerup
                0x000038ec       0x18 src/GLCD_hal/sim_system_glcd_firmware.o
                0x000038ec                lcd_powerup
 .text.lcd_init_seq
                0x00003904      0x1d4 src/GLCD_hal/sim_system_glcd_software.o
                0x00003904                lcd_init_seq
 .text.lcd_set_ft_host_ptr
                0x00003ad8       0x1c src/GLCD_hal/sim_system_glcd_software.o
                0x00003ad8                lcd_set_ft_host_ptr
 .text.lcd_interrupt_callback
                0x00003af4       0x28 src/GLCD_hal/sim_system_glcd_software.o
                0x00003af4                lcd_interrupt_callback
 .text.system_pinmux_get_config_defaults
                0x00003b1c       0x28 src/ASF/sam0/drivers/sercom/spi/spi.o
 .text.system_pinmux_get_group_from_gpio_pin
                0x00003b44       0x60 src/ASF/sam0/drivers/sercom/spi/spi.o
 .text.system_pinmux_pin_get_mux_position
                0x00003ba4       0x7c src/ASF/sam0/drivers/sercom/spi/spi.o
 .text.port_get_group_from_gpio_pin
                0x00003c20       0x24 src/ASF/sam0/drivers/sercom/spi/spi.o
 .text.port_pin_set_output_level
                0x00003c44       0x54 src/ASF/sam0/drivers/sercom/spi/spi.o
 .text.system_gclk_chan_get_config_defaults
                0x00003c98       0x16 src/ASF/sam0/drivers/sercom/spi/spi.o
 *fill*         0x00003cae        0x2 
 .text.system_apb_clock_set_mask
                0x00003cb0       0x5c src/ASF/sam0/drivers/sercom/spi/spi.o
 .text.system_is_debugger_present
                0x00003d0c       0x20 src/ASF/sam0/drivers/sercom/spi/spi.o
 .text.spi_is_write_complete
                0x00003d2c       0x28 src/ASF/sam0/drivers/sercom/spi/spi.o
 .text.spi_is_ready_to_write
                0x00003d54       0x28 src/ASF/sam0/drivers/sercom/spi/spi.o
 .text.spi_is_ready_to_read
                0x00003d7c       0x28 src/ASF/sam0/drivers/sercom/spi/spi.o
 .text.spi_write
                0x00003da4       0x48 src/ASF/sam0/drivers/sercom/spi/spi.o
 .text.spi_read
                0x00003dec       0x88 src/ASF/sam0/drivers/sercom/spi/spi.o
 .text._spi_clear_tx_complete_flag
                0x00003e74       0x1c src/ASF/sam0/drivers/sercom/spi/spi.o
 .text._spi_set_config
                0x00003e90      0x250 src/ASF/sam0/drivers/sercom/spi/spi.o
 .text._spi_check_config
                0x000040e0      0x234 src/ASF/sam0/drivers/sercom/spi/spi.o
 .text.spi_init
                0x00004314      0x108 src/ASF/sam0/drivers/sercom/spi/spi.o
                0x00004314                spi_init
 .text.spi_read_buffer_wait
                0x0000441c      0x1ac src/ASF/sam0/drivers/sercom/spi/spi.o
                0x0000441c                spi_read_buffer_wait
 .text.spi_select_slave
                0x000045c8       0xf0 src/ASF/sam0/drivers/sercom/spi/spi.o
                0x000045c8                spi_select_slave
 .text.spi_write_buffer_wait
                0x000046b8      0x314 src/ASF/sam0/drivers/sercom/spi/spi.o
                0x000046b8                spi_write_buffer_wait
 .text.delay_cycles
                0x000049cc       0x34 src/ASF/common2/services/delay/sam0/systick_counter.o
 .text.delay_init
                0x00004a00       0x58 src/ASF/common2/services/delay/sam0/systick_counter.o
                0x00004a00                delay_init
 .text.delay_cycles_ms
                0x00004a58       0x30 src/ASF/common2/services/delay/sam0/systick_counter.o
                0x00004a58                delay_cycles_ms
 .text.system_pinmux_get_config_defaults
                0x00004a88       0x28 src/ASF/sam0/drivers/port/port.o
 .text.port_pin_set_config
                0x00004ab0       0x60 src/ASF/sam0/drivers/port/port.o
                0x00004ab0                port_pin_set_config
 .text.system_board_init
                0x00004b10        0xa src/ASF/common2/boards/user_board/init.o
                0x00004b10                board_init
                0x00004b10                system_board_init
 *fill*         0x00004b1a        0x2 
 .text.cpu_irq_enter_critical
                0x00004b1c       0x54 src/ASF/common/utils/interrupt/interrupt_sam_nvic.o
                0x00004b1c                cpu_irq_enter_critical
 .text.cpu_irq_leave_critical
                0x00004b70       0x40 src/ASF/common/utils/interrupt/interrupt_sam_nvic.o
                0x00004b70                cpu_irq_leave_critical
 .text.system_gclk_gen_get_config_defaults
                0x00004bb0       0x2e src/ASF/sam0/drivers/system/clock/clock_samd21_r21_da_ha1/clock.o
 .text.system_clock_source_osc32k_get_config_defaults
                0x00004bde       0x34 src/ASF/sam0/drivers/system/clock/clock_samd21_r21_da_ha1/clock.o
 .text.system_clock_source_osc8m_get_config_defaults
                0x00004c12       0x22 src/ASF/sam0/drivers/system/clock/clock_samd21_r21_da_ha1/clock.o
 .text.system_cpu_clock_set_divider
                0x00004c34       0x20 src/ASF/sam0/drivers/system/clock/clock_samd21_r21_da_ha1/clock.o
 .text.system_apb_clock_set_divider
                0x00004c54       0x54 src/ASF/sam0/drivers/system/clock/clock_samd21_r21_da_ha1/clock.o
 .text.system_flash_set_waitstates
                0x00004ca8       0x34 src/ASF/sam0/drivers/system/clock/clock_samd21_r21_da_ha1/clock.o
 .text._system_dfll_wait_for_sync
                0x00004cdc       0x1c src/ASF/sam0/drivers/system/clock/clock_samd21_r21_da_ha1/clock.o
 .text._system_clock_source_dfll_set_config_errata_9905
                0x00004cf8       0x44 src/ASF/sam0/drivers/system/clock/clock_samd21_r21_da_ha1/clock.o
 .text.system_clock_source_get_hz
                0x00004d3c       0xbc src/ASF/sam0/drivers/system/clock/clock_samd21_r21_da_ha1/clock.o
                0x00004d3c                system_clock_source_get_hz
 .text.system_clock_source_osc8m_set_config
                0x00004df8       0x78 src/ASF/sam0/drivers/system/clock/clock_samd21_r21_da_ha1/clock.o
                0x00004df8                system_clock_source_osc8m_set_config
 .text.system_clock_source_osc32k_set_config
                0x00004e70       0xcc src/ASF/sam0/drivers/system/clock/clock_samd21_r21_da_ha1/clock.o
                0x00004e70                system_clock_source_osc32k_set_config
 .text.system_clock_source_enable
                0x00004f3c       0xac src/ASF/sam0/drivers/system/clock/clock_samd21_r21_da_ha1/clock.o
                0x00004f3c                system_clock_source_enable
 .text._switch_peripheral_gclk
                0x00004fe8       0x38 src/ASF/sam0/drivers/system/clock/clock_samd21_r21_da_ha1/clock.o
 .text.system_clock_init
                0x00005020      0x184 src/ASF/sam0/drivers/system/clock/clock_samd21_r21_da_ha1/clock.o
                0x00005020                system_clock_init
 .text.system_apb_clock_set_mask
                0x000051a4       0x5c src/ASF/sam0/drivers/system/clock/clock_samd21_r21_da_ha1/gclk.o
 .text.system_interrupt_enter_critical_section
                0x00005200       0x14 src/ASF/sam0/drivers/system/clock/clock_samd21_r21_da_ha1/gclk.o
 .text.system_interrupt_leave_critical_section
                0x00005214       0x14 src/ASF/sam0/drivers/system/clock/clock_samd21_r21_da_ha1/gclk.o
 .text.system_gclk_is_syncing
                0x00005228       0x20 src/ASF/sam0/drivers/system/clock/clock_samd21_r21_da_ha1/gclk.o
 .text.system_gclk_init
                0x00005248       0x30 src/ASF/sam0/drivers/system/clock/clock_samd21_r21_da_ha1/gclk.o
                0x00005248                system_gclk_init
 .text.system_gclk_gen_set_config
                0x00005278      0x124 src/ASF/sam0/drivers/system/clock/clock_samd21_r21_da_ha1/gclk.o
                0x00005278                system_gclk_gen_set_config
 .text.system_gclk_gen_enable
                0x0000539c       0x5c src/ASF/sam0/drivers/system/clock/clock_samd21_r21_da_ha1/gclk.o
                0x0000539c                system_gclk_gen_enable
 .text.system_gclk_gen_get_hz
                0x000053f8       0xd8 src/ASF/sam0/drivers/system/clock/clock_samd21_r21_da_ha1/gclk.o
                0x000053f8                system_gclk_gen_get_hz
 .text.system_gclk_chan_set_config
                0x000054d0       0x44 src/ASF/sam0/drivers/system/clock/clock_samd21_r21_da_ha1/gclk.o
                0x000054d0                system_gclk_chan_set_config
 .text.system_gclk_chan_enable
                0x00005514       0x48 src/ASF/sam0/drivers/system/clock/clock_samd21_r21_da_ha1/gclk.o
                0x00005514                system_gclk_chan_enable
 .text.system_gclk_chan_disable
                0x0000555c       0x98 src/ASF/sam0/drivers/system/clock/clock_samd21_r21_da_ha1/gclk.o
                0x0000555c                system_gclk_chan_disable
 .text.system_gclk_chan_get_hz
                0x000055f4       0x58 src/ASF/sam0/drivers/system/clock/clock_samd21_r21_da_ha1/gclk.o
                0x000055f4                system_gclk_chan_get_hz
 .text.system_pinmux_get_group_from_gpio_pin
                0x0000564c       0x60 src/ASF/sam0/drivers/system/pinmux/pinmux.o
 .text._system_pinmux_config
                0x000056ac      0x110 src/ASF/sam0/drivers/system/pinmux/pinmux.o
 .text.system_pinmux_pin_set_config
                0x000057bc       0x48 src/ASF/sam0/drivers/system/pinmux/pinmux.o
                0x000057bc                system_pinmux_pin_set_config
 .text._system_dummy_init
                0x00005804        0xa src/ASF/sam0/drivers/system/system.o
                0x00005804                _system_events_init
                0x00005804                _system_dummy_init
                0x00005804                _system_divas_init
 *fill*         0x0000580e        0x2 
 .text.system_init
                0x00005810       0x34 src/ASF/sam0/drivers/system/system.o
                0x00005810                system_init
 .text.Reset_Handler
                0x00005844       0xf8 src/ASF/sam0/utils/cmsis/samd21/source/gcc/startup_samd21.o
                0x00005844                Reset_Handler
 .text.Dummy_Handler
                0x0000593c        0x6 src/ASF/sam0/utils/cmsis/samd21/source/gcc/startup_samd21.o
                0x0000593c                DMAC_Handler
                0x0000593c                HardFault_Handler
                0x0000593c                AC_Handler
                0x0000593c                SysTick_Handler
                0x0000593c                PendSV_Handler
                0x0000593c                NMI_Handler
                0x0000593c                TC7_Handler
                0x0000593c                ADC_Handler
                0x0000593c                TCC1_Handler
                0x0000593c                TCC0_Handler
                0x0000593c                RTC_Handler
                0x0000593c                TC6_Handler
                0x0000593c                WDT_Handler
                0x0000593c                TC4_Handler
                0x0000593c                USB_Handler
                0x0000593c                TC3_Handler
                0x0000593c                Dummy_Handler
                0x0000593c                PM_Handler
                0x0000593c                SVC_Handler
                0x0000593c                TCC2_Handler
                0x0000593c                EVSYS_Handler
                0x0000593c                I2S_Handler
                0x0000593c                NVMCTRL_Handler
                0x0000593c                DAC_Handler
                0x0000593c                PTC_Handler
                0x0000593c                TC5_Handler
                0x0000593c                SYSCTRL_Handler
 *fill*         0x00005942        0x2 
 .text.system_cpu_clock_set_divider
                0x00005944       0x20 src/main.o
 .text.system_pinmux_get_group_from_gpio_pin
                0x00005964       0x60 src/main.o
 .text.port_get_group_from_gpio_pin
                0x000059c4       0x24 src/main.o
 .text.port_get_config_defaults
                0x000059e8       0x22 src/main.o
 *fill*         0x00005a0a        0x2 
 .text.port_pin_set_output_level
                0x00005a0c       0x54 src/main.o
 .text.system_interrupt_enable_global
                0x00005a60       0x1c src/main.o
 .text.main     0x00005a7c      0x194 src/main.o
                0x00005a7c                main
 .text.sim_system_init
                0x00005c10       0x74 src/main.o
                0x00005c10                sim_system_init
 .text.sys_clock_init
                0x00005c84       0x34 src/main.o
                0x00005c84                sys_clock_init
 .text.clock_osc8m_init
                0x00005cb8       0x2c src/main.o
                0x00005cb8                clock_osc8m_init
 .text.clock_gclk0_init
                0x00005ce4       0x58 src/main.o
                0x00005ce4                clock_gclk0_init
 .text.configure_port_pins
                0x00005d3c       0x40 src/main.o
                0x00005d3c                configure_port_pins
 .text          0x00005d7c      0x114 d:/applications/7.0/toolchain/arm/arm-gnu-toolchain/bin/../lib/gcc/arm-none-eabi/6.3.1/thumb/v6-m\libgcc.a(_udivsi3.o)
                0x00005d7c                __aeabi_uidiv
                0x00005d7c                __udivsi3
                0x00005e88                __aeabi_uidivmod
 .text          0x00005e90        0x4 d:/applications/7.0/toolchain/arm/arm-gnu-toolchain/bin/../lib/gcc/arm-none-eabi/6.3.1/thumb/v6-m\libgcc.a(_dvmd_tls.o)
                0x00005e90                __aeabi_idiv0
                0x00005e90                __aeabi_ldiv0
 .text          0x00005e94       0x7c d:/applications/7.0/toolchain/arm/arm-gnu-toolchain/bin/../lib/gcc/arm-none-eabi/6.3.1/thumb/v6-m\libgcc.a(_arm_cmpdf2.o)
                0x00005e94                __aeabi_cdrcmple
                0x00005ea4                __aeabi_cdcmple
                0x00005ea4                __aeabi_cdcmpeq
                0x00005eb4                __aeabi_dcmpeq
                0x00005ec0                __aeabi_dcmplt
                0x00005ed4                __aeabi_dcmple
                0x00005ee8                __aeabi_dcmpgt
                0x00005efc                __aeabi_dcmpge
 .text          0x00005f10       0x54 d:/applications/7.0/toolchain/arm/arm-gnu-toolchain/bin/../lib/gcc/arm-none-eabi/6.3.1/thumb/v6-m\libgcc.a(_muldi3.o)
                0x00005f10                __muldi3
                0x00005f10                __aeabi_lmul
 .text          0x00005f64       0x74 d:/applications/7.0/toolchain/arm/arm-gnu-toolchain/bin/../lib/gcc/arm-none-eabi/6.3.1/thumb/v6-m\libgcc.a(eqdf2.o)
                0x00005f64                __nedf2
                0x00005f64                __eqdf2
 .text          0x00005fd8       0xc8 d:/applications/7.0/toolchain/arm/arm-gnu-toolchain/bin/../lib/gcc/arm-none-eabi/6.3.1/thumb/v6-m\libgcc.a(gedf2.o)
                0x00005fd8                __gedf2
                0x00005fd8                __gtdf2
 .text          0x000060a0       0xc4 d:/applications/7.0/toolchain/arm/arm-gnu-toolchain/bin/../lib/gcc/arm-none-eabi/6.3.1/thumb/v6-m\libgcc.a(ledf2.o)
                0x000060a0                __ledf2
                0x000060a0                __ltdf2
 .text.__libc_init_array
                0x00006164       0x48 d:/applications/7.0/toolchain/arm/arm-gnu-toolchain/bin/../lib/gcc/arm-none-eabi/6.3.1/../../../../arm-none-eabi/lib/thumb/v6-m\libc_nano.a(lib_a-init.o)
                0x00006164                __libc_init_array
 .text.memcpy   0x000061ac       0x12 d:/applications/7.0/toolchain/arm/arm-gnu-toolchain/bin/../lib/gcc/arm-none-eabi/6.3.1/../../../../arm-none-eabi/lib/thumb/v6-m\libc_nano.a(lib_a-memcpy-stub.o)
                0x000061ac                memcpy
 .text.memset   0x000061be       0x10 d:/applications/7.0/toolchain/arm/arm-gnu-toolchain/bin/../lib/gcc/arm-none-eabi/6.3.1/../../../../arm-none-eabi/lib/thumb/v6-m\libc_nano.a(lib_a-memset.o)
                0x000061be                memset
 .text          0x000061ce        0xe d:/applications/7.0/toolchain/arm/arm-gnu-toolchain/bin/../lib/gcc/arm-none-eabi/6.3.1/../../../../arm-none-eabi/lib/thumb/v6-m\libc_nano.a(lib_a-strlen.o)
                0x000061ce                strlen
 *(.glue_7t)
 .glue_7t       0x000061dc        0x0 linker stubs
 *(.glue_7)
 .glue_7        0x000061dc        0x0 linker stubs
 *(.rodata .rodata* .gnu.linkonce.r.*)
 .rodata        0x000061dc       0x18 src/ASF/sam0/drivers/sercom/sercom.o
 .rodata        0x000061f4        0x6 src/ASF/sam0/drivers/sercom/sercom_interrupt.o
 *fill*         0x000061fa        0x2 
 .rodata        0x000061fc      0x213 src/GLCD_hal/sim_gui.o
 *fill*         0x0000640f        0x1 
 .rodata.system_clock_source_get_hz
                0x00006410       0x24 src/ASF/sam0/drivers/system/clock/clock_samd21_r21_da_ha1/clock.o
 .rodata.system_clock_source_enable
                0x00006434       0x24 src/ASF/sam0/drivers/system/clock/clock_samd21_r21_da_ha1/clock.o
 *(.ARM.extab* .gnu.linkonce.armextab.*)
                0x00006458                . = ALIGN (0x4)
 *(.init)
 .init          0x00006458        0x4 d:/applications/7.0/toolchain/arm/arm-gnu-toolchain/bin/../lib/gcc/arm-none-eabi/6.3.1/thumb/v6-m/crti.o
                0x00006458                _init
 .init          0x0000645c        0x8 d:/applications/7.0/toolchain/arm/arm-gnu-toolchain/bin/../lib/gcc/arm-none-eabi/6.3.1/thumb/v6-m/crtn.o
                0x00006464                . = ALIGN (0x4)
                0x00006464                __preinit_array_start = .
 *(.preinit_array)
                0x00006464                __preinit_array_end = .
                0x00006464                . = ALIGN (0x4)
                0x00006464                __init_array_start = .
 *(SORT(.init_array.*))
 *(.init_array)
 .init_array    0x00006464        0x4 d:/applications/7.0/toolchain/arm/arm-gnu-toolchain/bin/../lib/gcc/arm-none-eabi/6.3.1/thumb/v6-m/crtbegin.o
                0x00006468                __init_array_end = .
                0x00006468                . = ALIGN (0x4)
 *crtbegin.o(.ctors)
 *(EXCLUDE_FILE(*crtend.o) .ctors)
 *(SORT(.ctors.*))
 *crtend.o(.ctors)
                0x00006468                . = ALIGN (0x4)
 *(.fini)
 .fini          0x00006468        0x4 d:/applications/7.0/toolchain/arm/arm-gnu-toolchain/bin/../lib/gcc/arm-none-eabi/6.3.1/thumb/v6-m/crti.o
                0x00006468                _fini
 .fini          0x0000646c        0x8 d:/applications/7.0/toolchain/arm/arm-gnu-toolchain/bin/../lib/gcc/arm-none-eabi/6.3.1/thumb/v6-m/crtn.o
                0x00006474                . = ALIGN (0x4)
                0x00006474                __fini_array_start = .
 *(.fini_array)
 .fini_array    0x00006474        0x4 d:/applications/7.0/toolchain/arm/arm-gnu-toolchain/bin/../lib/gcc/arm-none-eabi/6.3.1/thumb/v6-m/crtbegin.o
 *(SORT(.fini_array.*))
                0x00006478                __fini_array_end = .
 *crtbegin.o(.dtors)
 *(EXCLUDE_FILE(*crtend.o) .dtors)
 *(SORT(.dtors.*))
 *crtend.o(.dtors)
                0x00006478                . = ALIGN (0x4)
                0x00006478                _efixed = .
                [!provide]                PROVIDE (__exidx_start, .)

.vfp11_veneer   0x00006478        0x0
 .vfp11_veneer  0x00006478        0x0 linker stubs

.v4_bx          0x00006478        0x0
 .v4_bx         0x00006478        0x0 linker stubs

.iplt           0x00006478        0x0
 .iplt          0x00006478        0x0 d:/applications/7.0/toolchain/arm/arm-gnu-toolchain/bin/../lib/gcc/arm-none-eabi/6.3.1/thumb/v6-m/crtbegin.o

.eh_frame       0x00006478        0x0
 .eh_frame      0x00006478        0x0 d:/applications/7.0/toolchain/arm/arm-gnu-toolchain/bin/../lib/gcc/arm-none-eabi/6.3.1/thumb/v6-m/crtbegin.o

.rel.dyn        0x00006478        0x0
 .rel.iplt      0x00006478        0x0 d:/applications/7.0/toolchain/arm/arm-gnu-toolchain/bin/../lib/gcc/arm-none-eabi/6.3.1/thumb/v6-m/crtbegin.o

.jcr            0x00006478        0x0
 .jcr           0x00006478        0x0 d:/applications/7.0/toolchain/arm/arm-gnu-toolchain/bin/../lib/gcc/arm-none-eabi/6.3.1/thumb/v6-m/crtbegin.o

.igot.plt       0x00006478        0x0
 .igot.plt      0x00006478        0x0 d:/applications/7.0/toolchain/arm/arm-gnu-toolchain/bin/../lib/gcc/arm-none-eabi/6.3.1/thumb/v6-m/crtbegin.o

.ARM.exidx
 *(.ARM.exidx* .gnu.linkonce.armexidx.*)
                [!provide]                PROVIDE (__exidx_end, .)
                0x00006478                . = ALIGN (0x4)
                0x00006478                _etext = .

.relocate       0x20000000       0x10 load address 0x00006478
                0x20000000                . = ALIGN (0x4)
                0x20000000                _srelocate = .
 *(.ramfunc .ramfunc.*)
 *(.data .data.*)
 .data.lcd_int_flags
                0x20000000        0x1 src/GLCD_hal/sim_system_glcd_software.o
 *fill*         0x20000001        0x3 
 .data.cycles_per_ms
                0x20000004        0x4 src/ASF/common2/services/delay/sam0/systick_counter.o
 .data.cycles_per_us
                0x20000008        0x4 src/ASF/common2/services/delay/sam0/systick_counter.o
 .data.g_interrupt_enabled
                0x2000000c        0x1 src/ASF/common/utils/interrupt/interrupt_sam_nvic.o
                0x2000000c                g_interrupt_enabled
                0x20000010                . = ALIGN (0x4)
 *fill*         0x2000000d        0x3 
                0x20000010                _erelocate = .

.bss            0x20000010      0x69c load address 0x00006488
                0x20000010                . = ALIGN (0x4)
                0x20000010                _sbss = .
                0x20000010                _szero = .
 *(.bss .bss.*)
 .bss           0x20000010       0x1c d:/applications/7.0/toolchain/arm/arm-gnu-toolchain/bin/../lib/gcc/arm-none-eabi/6.3.1/thumb/v6-m/crtbegin.o
 .bss._sercom_config
                0x2000002c        0x2 src/ASF/sam0/drivers/sercom/sercom.o
 .bss._handler_table_initialized
                0x2000002e        0x1 src/ASF/sam0/drivers/sercom/sercom_interrupt.o
 *fill*         0x2000002f        0x1 
 .bss._sercom_interrupt_handlers
                0x20000030       0x18 src/ASF/sam0/drivers/sercom/sercom_interrupt.o
 .bss.uartfiber_inst
                0x20000048       0x34 src/firmware/uart_fiber.o
 .bss.uartib_inst
                0x2000007c       0x34 src/firmware/uart_ib.o
 .bss.attnStart
                0x200000b0        0x4 src/GLCD_hal/sim_gui.o
                0x200000b0                attnStart
 .bss.attnEnd   0x200000b4        0x4 src/GLCD_hal/sim_gui.o
                0x200000b4                attnEnd
 .bss.rssiStart
                0x200000b8        0x4 src/GLCD_hal/sim_gui.o
                0x200000b8                rssiStart
 .bss.rssiEnd   0x200000bc        0x4 src/GLCD_hal/sim_gui.o
                0x200000bc                rssiEnd
 .bss.histStart
                0x200000c0        0x4 src/GLCD_hal/sim_gui.o
                0x200000c0                histStart
 .bss.histEnd   0x200000c4        0x4 src/GLCD_hal/sim_gui.o
                0x200000c4                histEnd
 .bss.lcd_init_complete
                0x200000c8        0x1 src/GLCD_hal/sim_system_glcd_firmware.o
                0x200000c8                lcd_init_complete
 *fill*         0x200000c9        0x3 
 .bss.lcd_firmware_phost
                0x200000cc        0x4 src/GLCD_hal/sim_system_glcd_software.o
 .bss.cpu_irq_critical_section_counter
                0x200000d0        0x4 src/ASF/common/utils/interrupt/interrupt_sam_nvic.o
 .bss.cpu_irq_prev_interrupt_state
                0x200000d4        0x1 src/ASF/common/utils/interrupt/interrupt_sam_nvic.o
 *fill*         0x200000d5        0x3 
 .bss._system_clock_inst
                0x200000d8       0x18 src/ASF/sam0/drivers/system/clock/clock_samd21_r21_da_ha1/clock.o
 *(COMMON)
 COMMON         0x200000f0        0x1 src/ASF/sam0/drivers/extint/extint_callback.o
                0x200000f0                _current_channel
 *fill*         0x200000f1        0x3 
 COMMON         0x200000f4       0x40 src/ASF/sam0/drivers/extint/extint_sam_d_r_h/extint.o
                0x200000f4                _extint_dev
 COMMON         0x20000134        0x4 src/ASF/sam0/drivers/rtc/rtc_sam_d_r_h/rtc_calendar.o
                0x20000134                _rtc_instance
 COMMON         0x20000138       0x18 src/ASF/sam0/drivers/sercom/sercom_interrupt.o
                0x20000138                _sercom_instances
 COMMON         0x20000150      0x54c src/GLCD_hal/sim_gui.o
                0x20000150                rtc_instance
                0x20000158                host
                0x20000170                fatFs
                0x200003a0                history
                0x20000468                time
                0x20000470                phost
                0x20000474                fil
 COMMON         0x2000069c       0x10 src/GLCD_hal/sim_system_glcd_firmware.o
                0x2000069c                lcd_slave
                0x200006a0                lcd_master
                0x200006ac                . = ALIGN (0x4)
                0x200006ac                _ebss = .
                0x200006ac                _ezero = .

.stack          0x200006ac     0x2004 load address 0x00006b24
                0x200006b0                . = ALIGN (0x8)
 *fill*         0x200006ac        0x4 
                0x200006b0                _sstack = .
                0x200026b0                . = (. + STACK_SIZE)
 *fill*         0x200006b0     0x2000 
                0x200026b0                . = ALIGN (0x8)
                0x200026b0                _estack = .
                0x200026b0                . = ALIGN (0x4)
                0x200026b0                _end = .
OUTPUT(display_pcb_code_v1.elf elf32-littlearm)

.ARM.attributes
                0x00000000       0x28
 .ARM.attributes
                0x00000000       0x1e d:/applications/7.0/toolchain/arm/arm-gnu-toolchain/bin/../lib/gcc/arm-none-eabi/6.3.1/thumb/v6-m/crti.o
 .ARM.attributes
                0x0000001e       0x2c d:/applications/7.0/toolchain/arm/arm-gnu-toolchain/bin/../lib/gcc/arm-none-eabi/6.3.1/thumb/v6-m/crtbegin.o
 .ARM.attributes
                0x0000004a       0x32 src/ASF/sam0/drivers/extint/extint_callback.o
 .ARM.attributes
                0x0000007c       0x32 src/ASF/sam0/drivers/extint/extint_sam_d_r_h/extint.o
 .ARM.attributes
                0x000000ae       0x32 src/ASF/sam0/drivers/rtc/rtc_sam_d_r_h/rtc_calendar.o
 .ARM.attributes
                0x000000e0       0x32 src/ASF/sam0/drivers/sercom/sercom.o
 .ARM.attributes
                0x00000112       0x32 src/ASF/sam0/drivers/sercom/sercom_interrupt.o
 .ARM.attributes
                0x00000144       0x32 src/ASF/sam0/drivers/sercom/usart/usart.o
 .ARM.attributes
                0x00000176       0x32 src/ASF/sam0/drivers/sercom/usart/usart_interrupt.o
 .ARM.attributes
                0x000001a8       0x32 src/firmware/uart_fiber.o
 .ARM.attributes
                0x000001da       0x32 src/firmware/uart_ib.o
 .ARM.attributes
                0x0000020c       0x32 src/GLCD_hal/FT_CoPro_Cmds.o
 .ARM.attributes
                0x0000023e       0x32 src/GLCD_hal/FT_Gpu_Hal.o
 .ARM.attributes
                0x00000270       0x32 src/GLCD_hal/sim_gui.o
 .ARM.attributes
                0x000002a2       0x32 src/GLCD_hal/sim_system_glcd_firmware.o
 .ARM.attributes
                0x000002d4       0x32 src/GLCD_hal/sim_system_glcd_software.o
 .ARM.attributes
                0x00000306       0x32 src/ASF/sam0/drivers/sercom/spi/spi.o
 .ARM.attributes
                0x00000338       0x32 src/ASF/common2/services/delay/sam0/systick_counter.o
 .ARM.attributes
                0x0000036a       0x32 src/ASF/sam0/drivers/port/port.o
 .ARM.attributes
                0x0000039c       0x32 src/ASF/common2/boards/user_board/init.o
 .ARM.attributes
                0x000003ce       0x32 src/ASF/common/utils/interrupt/interrupt_sam_nvic.o
 .ARM.attributes
                0x00000400       0x32 src/ASF/sam0/drivers/system/clock/clock_samd21_r21_da_ha1/clock.o
 .ARM.attributes
                0x00000432       0x32 src/ASF/sam0/drivers/system/clock/clock_samd21_r21_da_ha1/gclk.o
 .ARM.attributes
                0x00000464       0x32 src/ASF/sam0/drivers/system/pinmux/pinmux.o
 .ARM.attributes
                0x00000496       0x32 src/ASF/sam0/drivers/system/system.o
 .ARM.attributes
                0x000004c8       0x32 src/ASF/sam0/utils/cmsis/samd21/source/gcc/startup_samd21.o
 .ARM.attributes
                0x000004fa       0x32 src/main.o
 .ARM.attributes
                0x0000052c       0x1e d:/applications/7.0/toolchain/arm/arm-gnu-toolchain/bin/../lib/gcc/arm-none-eabi/6.3.1/thumb/v6-m\libgcc.a(_udivsi3.o)
 .ARM.attributes
                0x0000054a       0x1e d:/applications/7.0/toolchain/arm/arm-gnu-toolchain/bin/../lib/gcc/arm-none-eabi/6.3.1/thumb/v6-m\libgcc.a(_dvmd_tls.o)
 .ARM.attributes
                0x00000568       0x1e d:/applications/7.0/toolchain/arm/arm-gnu-toolchain/bin/../lib/gcc/arm-none-eabi/6.3.1/thumb/v6-m\libgcc.a(_arm_cmpdf2.o)
 .ARM.attributes
                0x00000586       0x2c d:/applications/7.0/toolchain/arm/arm-gnu-toolchain/bin/../lib/gcc/arm-none-eabi/6.3.1/thumb/v6-m\libgcc.a(_muldi3.o)
 .ARM.attributes
                0x000005b2       0x2c d:/applications/7.0/toolchain/arm/arm-gnu-toolchain/bin/../lib/gcc/arm-none-eabi/6.3.1/thumb/v6-m\libgcc.a(eqdf2.o)
 .ARM.attributes
                0x000005de       0x2c d:/applications/7.0/toolchain/arm/arm-gnu-toolchain/bin/../lib/gcc/arm-none-eabi/6.3.1/thumb/v6-m\libgcc.a(gedf2.o)
 .ARM.attributes
                0x0000060a       0x2c d:/applications/7.0/toolchain/arm/arm-gnu-toolchain/bin/../lib/gcc/arm-none-eabi/6.3.1/thumb/v6-m\libgcc.a(ledf2.o)
 .ARM.attributes
                0x00000636       0x2c d:/applications/7.0/toolchain/arm/arm-gnu-toolchain/bin/../lib/gcc/arm-none-eabi/6.3.1/../../../../arm-none-eabi/lib/thumb/v6-m\libc_nano.a(lib_a-init.o)
 .ARM.attributes
                0x00000662       0x2c d:/applications/7.0/toolchain/arm/arm-gnu-toolchain/bin/../lib/gcc/arm-none-eabi/6.3.1/../../../../arm-none-eabi/lib/thumb/v6-m\libc_nano.a(lib_a-memcpy-stub.o)
 .ARM.attributes
                0x0000068e       0x2c d:/applications/7.0/toolchain/arm/arm-gnu-toolchain/bin/../lib/gcc/arm-none-eabi/6.3.1/../../../../arm-none-eabi/lib/thumb/v6-m\libc_nano.a(lib_a-memset.o)
 .ARM.attributes
                0x000006ba       0x1c d:/applications/7.0/toolchain/arm/arm-gnu-toolchain/bin/../lib/gcc/arm-none-eabi/6.3.1/../../../../arm-none-eabi/lib/thumb/v6-m\libc_nano.a(lib_a-strlen.o)
 .ARM.attributes
                0x000006d6       0x1e d:/applications/7.0/toolchain/arm/arm-gnu-toolchain/bin/../lib/gcc/arm-none-eabi/6.3.1/thumb/v6-m/crtn.o

.comment        0x00000000       0x59
 .comment       0x00000000       0x59 src/ASF/sam0/drivers/extint/extint_callback.o
                                 0x5a (size before relaxing)
 .comment       0x00000059       0x5a src/ASF/sam0/drivers/extint/extint_sam_d_r_h/extint.o
 .comment       0x00000059       0x5a src/ASF/sam0/drivers/rtc/rtc_sam_d_r_h/rtc_calendar.o
 .comment       0x00000059       0x5a src/ASF/sam0/drivers/sercom/sercom.o
 .comment       0x00000059       0x5a src/ASF/sam0/drivers/sercom/sercom_interrupt.o
 .comment       0x00000059       0x5a src/ASF/sam0/drivers/sercom/usart/usart.o
 .comment       0x00000059       0x5a src/ASF/sam0/drivers/sercom/usart/usart_interrupt.o
 .comment       0x00000059       0x5a src/firmware/uart_fiber.o
 .comment       0x00000059       0x5a src/firmware/uart_ib.o
 .comment       0x00000059       0x5a src/GLCD_hal/FT_CoPro_Cmds.o
 .comment       0x00000059       0x5a src/GLCD_hal/FT_Gpu_Hal.o
 .comment       0x00000059       0x5a src/GLCD_hal/sim_gui.o
 .comment       0x00000059       0x5a src/GLCD_hal/sim_system_glcd_firmware.o
 .comment       0x00000059       0x5a src/GLCD_hal/sim_system_glcd_software.o
 .comment       0x00000059       0x5a src/ASF/sam0/drivers/sercom/spi/spi.o
 .comment       0x00000059       0x5a src/ASF/common2/services/delay/sam0/systick_counter.o
 .comment       0x00000059       0x5a src/ASF/sam0/drivers/port/port.o
 .comment       0x00000059       0x5a src/ASF/common2/boards/user_board/init.o
 .comment       0x00000059       0x5a src/ASF/common/utils/interrupt/interrupt_sam_nvic.o
 .comment       0x00000059       0x5a src/ASF/sam0/drivers/system/clock/clock_samd21_r21_da_ha1/clock.o
 .comment       0x00000059       0x5a src/ASF/sam0/drivers/system/clock/clock_samd21_r21_da_ha1/gclk.o
 .comment       0x00000059       0x5a src/ASF/sam0/drivers/system/pinmux/pinmux.o
 .comment       0x00000059       0x5a src/ASF/sam0/drivers/system/system.o
 .comment       0x00000059       0x5a src/ASF/sam0/utils/cmsis/samd21/source/gcc/startup_samd21.o
 .comment       0x00000059       0x5a src/main.o

.debug_info     0x00000000    0x3fa62
 .debug_info    0x00000000     0x1919 src/ASF/sam0/drivers/extint/extint_callback.o
 .debug_info    0x00001919     0x29e4 src/ASF/sam0/drivers/extint/extint_sam_d_r_h/extint.o
 .debug_info    0x000042fd     0x310b src/ASF/sam0/drivers/rtc/rtc_sam_d_r_h/rtc_calendar.o
 .debug_info    0x00007408     0x2d9e src/ASF/sam0/drivers/sercom/sercom.o
 .debug_info    0x0000a1a6     0x2b81 src/ASF/sam0/drivers/sercom/sercom_interrupt.o
 .debug_info    0x0000cd27     0x487f src/ASF/sam0/drivers/sercom/usart/usart.o
 .debug_info    0x000115a6     0x2f5a src/ASF/sam0/drivers/sercom/usart/usart_interrupt.o
 .debug_info    0x00014500     0x34d7 src/firmware/uart_fiber.o
 .debug_info    0x000179d7     0x34b3 src/firmware/uart_ib.o
 .debug_info    0x0001ae8a     0x2dc8 src/GLCD_hal/FT_CoPro_Cmds.o
 .debug_info    0x0001dc52     0x2317 src/GLCD_hal/FT_Gpu_Hal.o
 .debug_info    0x0001ff69     0x3bd3 src/GLCD_hal/sim_gui.o
 .debug_info    0x00023b3c     0x3daf src/GLCD_hal/sim_system_glcd_firmware.o
 .debug_info    0x000278eb     0x12a3 src/GLCD_hal/sim_system_glcd_software.o
 .debug_info    0x00028b8e     0x5651 src/ASF/sam0/drivers/sercom/spi/spi.o
 .debug_info    0x0002e1df      0xb5c src/ASF/common2/services/delay/sam0/systick_counter.o
 .debug_info    0x0002ed3b     0x1278 src/ASF/sam0/drivers/port/port.o
 .debug_info    0x0002ffb3      0xa59 src/ASF/common2/boards/user_board/init.o
 .debug_info    0x00030a0c      0xb08 src/ASF/common/utils/interrupt/interrupt_sam_nvic.o
 .debug_info    0x00031514     0x376f src/ASF/sam0/drivers/system/clock/clock_samd21_r21_da_ha1/clock.o
 .debug_info    0x00034c83     0x1d11 src/ASF/sam0/drivers/system/clock/clock_samd21_r21_da_ha1/gclk.o
 .debug_info    0x00036994     0x13bc src/ASF/sam0/drivers/system/pinmux/pinmux.o
 .debug_info    0x00037d50      0xa70 src/ASF/sam0/drivers/system/system.o
 .debug_info    0x000387c0     0x3a48 src/ASF/sam0/utils/cmsis/samd21/source/gcc/startup_samd21.o
 .debug_info    0x0003c208     0x385a src/main.o

.debug_abbrev   0x00000000     0x4a58
 .debug_abbrev  0x00000000      0x2ec src/ASF/sam0/drivers/extint/extint_callback.o
 .debug_abbrev  0x000002ec      0x3a4 src/ASF/sam0/drivers/extint/extint_sam_d_r_h/extint.o
 .debug_abbrev  0x00000690      0x391 src/ASF/sam0/drivers/rtc/rtc_sam_d_r_h/rtc_calendar.o
 .debug_abbrev  0x00000a21      0x30b src/ASF/sam0/drivers/sercom/sercom.o
 .debug_abbrev  0x00000d2c      0x2bc src/ASF/sam0/drivers/sercom/sercom_interrupt.o
 .debug_abbrev  0x00000fe8      0x374 src/ASF/sam0/drivers/sercom/usart/usart.o
 .debug_abbrev  0x0000135c      0x341 src/ASF/sam0/drivers/sercom/usart/usart_interrupt.o
 .debug_abbrev  0x0000169d      0x308 src/firmware/uart_fiber.o
 .debug_abbrev  0x000019a5      0x308 src/firmware/uart_ib.o
 .debug_abbrev  0x00001cad      0x271 src/GLCD_hal/FT_CoPro_Cmds.o
 .debug_abbrev  0x00001f1e      0x306 src/GLCD_hal/FT_Gpu_Hal.o
 .debug_abbrev  0x00002224      0x403 src/GLCD_hal/sim_gui.o
 .debug_abbrev  0x00002627      0x38e src/GLCD_hal/sim_system_glcd_firmware.o
 .debug_abbrev  0x000029b5      0x2ca src/GLCD_hal/sim_system_glcd_software.o
 .debug_abbrev  0x00002c7f      0x3d1 src/ASF/sam0/drivers/sercom/spi/spi.o
 .debug_abbrev  0x00003050      0x22a src/ASF/common2/services/delay/sam0/systick_counter.o
 .debug_abbrev  0x0000327a      0x278 src/ASF/sam0/drivers/port/port.o
 .debug_abbrev  0x000034f2      0x1bb src/ASF/common2/boards/user_board/init.o
 .debug_abbrev  0x000036ad      0x22b src/ASF/common/utils/interrupt/interrupt_sam_nvic.o
 .debug_abbrev  0x000038d8      0x3a8 src/ASF/sam0/drivers/system/clock/clock_samd21_r21_da_ha1/clock.o
 .debug_abbrev  0x00003c80      0x35b src/ASF/sam0/drivers/system/clock/clock_samd21_r21_da_ha1/gclk.o
 .debug_abbrev  0x00003fdb      0x2ee src/ASF/sam0/drivers/system/pinmux/pinmux.o
 .debug_abbrev  0x000042c9      0x1de src/ASF/sam0/drivers/system/system.o
 .debug_abbrev  0x000044a7      0x224 src/ASF/sam0/utils/cmsis/samd21/source/gcc/startup_samd21.o
 .debug_abbrev  0x000046cb      0x38d src/main.o

.debug_loc      0x00000000     0x5344
 .debug_loc     0x00000000      0x1e0 src/ASF/sam0/drivers/extint/extint_callback.o
 .debug_loc     0x000001e0      0x310 src/ASF/sam0/drivers/extint/extint_sam_d_r_h/extint.o
 .debug_loc     0x000004f0      0x380 src/ASF/sam0/drivers/rtc/rtc_sam_d_r_h/rtc_calendar.o
 .debug_loc     0x00000870      0x18c src/ASF/sam0/drivers/sercom/sercom.o
 .debug_loc     0x000009fc      0x1b0 src/ASF/sam0/drivers/sercom/sercom_interrupt.o
 .debug_loc     0x00000bac      0x297 src/ASF/sam0/drivers/sercom/usart/usart.o
 .debug_loc     0x00000e43      0x330 src/ASF/sam0/drivers/sercom/usart/usart_interrupt.o
 .debug_loc     0x00001173      0x2c2 src/firmware/uart_fiber.o
 .debug_loc     0x00001435      0x296 src/firmware/uart_ib.o
 .debug_loc     0x000016cb      0xe38 src/GLCD_hal/FT_CoPro_Cmds.o
 .debug_loc     0x00002503      0xbc4 src/GLCD_hal/FT_Gpu_Hal.o
 .debug_loc     0x000030c7      0x6c9 src/GLCD_hal/sim_gui.o
 .debug_loc     0x00003790      0x54a src/GLCD_hal/sim_system_glcd_firmware.o
 .debug_loc     0x00003cda      0x1ca src/GLCD_hal/sim_system_glcd_software.o
 .debug_loc     0x00003ea4      0x5e2 src/ASF/sam0/drivers/sercom/spi/spi.o
 .debug_loc     0x00004486       0xd4 src/ASF/common2/services/delay/sam0/systick_counter.o
 .debug_loc     0x0000455a       0xa8 src/ASF/sam0/drivers/port/port.o
 .debug_loc     0x00004602       0x2c src/ASF/common2/boards/user_board/init.o
 .debug_loc     0x0000462e       0x64 src/ASF/common/utils/interrupt/interrupt_sam_nvic.o
 .debug_loc     0x00004692      0x4ae src/ASF/sam0/drivers/system/clock/clock_samd21_r21_da_ha1/clock.o
 .debug_loc     0x00004b40      0x388 src/ASF/sam0/drivers/system/clock/clock_samd21_r21_da_ha1/gclk.o
 .debug_loc     0x00004ec8      0x150 src/ASF/sam0/drivers/system/pinmux/pinmux.o
 .debug_loc     0x00005018       0x58 src/ASF/sam0/drivers/system/system.o
 .debug_loc     0x00005070       0x64 src/ASF/sam0/utils/cmsis/samd21/source/gcc/startup_samd21.o
 .debug_loc     0x000050d4      0x270 src/main.o

.debug_aranges  0x00000000      0xe88
 .debug_aranges
                0x00000000       0x60 src/ASF/sam0/drivers/extint/extint_callback.o
 .debug_aranges
                0x00000060       0x88 src/ASF/sam0/drivers/extint/extint_sam_d_r_h/extint.o
 .debug_aranges
                0x000000e8       0x98 src/ASF/sam0/drivers/rtc/rtc_sam_d_r_h/rtc_calendar.o
 .debug_aranges
                0x00000180       0x50 src/ASF/sam0/drivers/sercom/sercom.o
 .debug_aranges
                0x000001d0       0x60 src/ASF/sam0/drivers/sercom/sercom_interrupt.o
 .debug_aranges
                0x00000230       0x78 src/ASF/sam0/drivers/sercom/usart/usart.o
 .debug_aranges
                0x000002a8       0x90 src/ASF/sam0/drivers/sercom/usart/usart_interrupt.o
 .debug_aranges
                0x00000338       0x80 src/firmware/uart_fiber.o
 .debug_aranges
                0x000003b8       0x78 src/firmware/uart_ib.o
 .debug_aranges
                0x00000430      0x220 src/GLCD_hal/FT_CoPro_Cmds.o
 .debug_aranges
                0x00000650      0x1c8 src/GLCD_hal/FT_Gpu_Hal.o
 .debug_aranges
                0x00000818      0x118 src/GLCD_hal/sim_gui.o
 .debug_aranges
                0x00000930       0xe0 src/GLCD_hal/sim_system_glcd_firmware.o
 .debug_aranges
                0x00000a10       0x60 src/GLCD_hal/sim_system_glcd_software.o
 .debug_aranges
                0x00000a70       0xf0 src/ASF/sam0/drivers/sercom/spi/spi.o
 .debug_aranges
                0x00000b60       0x38 src/ASF/common2/services/delay/sam0/systick_counter.o
 .debug_aranges
                0x00000b98       0x30 src/ASF/sam0/drivers/port/port.o
 .debug_aranges
                0x00000bc8       0x20 src/ASF/common2/boards/user_board/init.o
 .debug_aranges
                0x00000be8       0x28 src/ASF/common/utils/interrupt/interrupt_sam_nvic.o
 .debug_aranges
                0x00000c10       0xc8 src/ASF/sam0/drivers/system/clock/clock_samd21_r21_da_ha1/clock.o
 .debug_aranges
                0x00000cd8       0xa0 src/ASF/sam0/drivers/system/clock/clock_samd21_r21_da_ha1/gclk.o
 .debug_aranges
                0x00000d78       0x48 src/ASF/sam0/drivers/system/pinmux/pinmux.o
 .debug_aranges
                0x00000dc0       0x28 src/ASF/sam0/drivers/system/system.o
 .debug_aranges
                0x00000de8       0x28 src/ASF/sam0/utils/cmsis/samd21/source/gcc/startup_samd21.o
 .debug_aranges
                0x00000e10       0x78 src/main.o

.debug_ranges   0x00000000      0xcf8
 .debug_ranges  0x00000000       0x50 src/ASF/sam0/drivers/extint/extint_callback.o
 .debug_ranges  0x00000050       0x78 src/ASF/sam0/drivers/extint/extint_sam_d_r_h/extint.o
 .debug_ranges  0x000000c8       0x88 src/ASF/sam0/drivers/rtc/rtc_sam_d_r_h/rtc_calendar.o
 .debug_ranges  0x00000150       0x40 src/ASF/sam0/drivers/sercom/sercom.o
 .debug_ranges  0x00000190       0x50 src/ASF/sam0/drivers/sercom/sercom_interrupt.o
 .debug_ranges  0x000001e0       0x68 src/ASF/sam0/drivers/sercom/usart/usart.o
 .debug_ranges  0x00000248       0x80 src/ASF/sam0/drivers/sercom/usart/usart_interrupt.o
 .debug_ranges  0x000002c8       0x70 src/firmware/uart_fiber.o
 .debug_ranges  0x00000338       0x68 src/firmware/uart_ib.o
 .debug_ranges  0x000003a0      0x210 src/GLCD_hal/FT_CoPro_Cmds.o
 .debug_ranges  0x000005b0      0x1b8 src/GLCD_hal/FT_Gpu_Hal.o
 .debug_ranges  0x00000768      0x108 src/GLCD_hal/sim_gui.o
 .debug_ranges  0x00000870       0xd0 src/GLCD_hal/sim_system_glcd_firmware.o
 .debug_ranges  0x00000940       0x50 src/GLCD_hal/sim_system_glcd_software.o
 .debug_ranges  0x00000990       0xe0 src/ASF/sam0/drivers/sercom/spi/spi.o
 .debug_ranges  0x00000a70       0x28 src/ASF/common2/services/delay/sam0/systick_counter.o
 .debug_ranges  0x00000a98       0x20 src/ASF/sam0/drivers/port/port.o
 .debug_ranges  0x00000ab8       0x10 src/ASF/common2/boards/user_board/init.o
 .debug_ranges  0x00000ac8       0x18 src/ASF/common/utils/interrupt/interrupt_sam_nvic.o
 .debug_ranges  0x00000ae0       0xb8 src/ASF/sam0/drivers/system/clock/clock_samd21_r21_da_ha1/clock.o
 .debug_ranges  0x00000b98       0x90 src/ASF/sam0/drivers/system/clock/clock_samd21_r21_da_ha1/gclk.o
 .debug_ranges  0x00000c28       0x38 src/ASF/sam0/drivers/system/pinmux/pinmux.o
 .debug_ranges  0x00000c60       0x18 src/ASF/sam0/drivers/system/system.o
 .debug_ranges  0x00000c78       0x18 src/ASF/sam0/utils/cmsis/samd21/source/gcc/startup_samd21.o
 .debug_ranges  0x00000c90       0x68 src/main.o

.debug_line     0x00000000     0x8dd8
 .debug_line    0x00000000      0x3ff src/ASF/sam0/drivers/extint/extint_callback.o
 .debug_line    0x000003ff      0x6e7 src/ASF/sam0/drivers/extint/extint_sam_d_r_h/extint.o
 .debug_line    0x00000ae6      0x5fc src/ASF/sam0/drivers/rtc/rtc_sam_d_r_h/rtc_calendar.o
 .debug_line    0x000010e2      0x4ad src/ASF/sam0/drivers/sercom/sercom.o
 .debug_line    0x0000158f      0x440 src/ASF/sam0/drivers/sercom/sercom_interrupt.o
 .debug_line    0x000019cf      0x696 src/ASF/sam0/drivers/sercom/usart/usart.o
 .debug_line    0x00002065      0x546 src/ASF/sam0/drivers/sercom/usart/usart_interrupt.o
 .debug_line    0x000025ab      0x5e3 src/firmware/uart_fiber.o
 .debug_line    0x00002b8e      0x5cc src/firmware/uart_ib.o
 .debug_line    0x0000315a      0x7cd src/GLCD_hal/FT_CoPro_Cmds.o
 .debug_line    0x00003927      0x868 src/GLCD_hal/FT_Gpu_Hal.o
 .debug_line    0x0000418f      0xda7 src/GLCD_hal/sim_gui.o
 .debug_line    0x00004f36      0x6d6 src/GLCD_hal/sim_system_glcd_firmware.o
 .debug_line    0x0000560c      0x507 src/GLCD_hal/sim_system_glcd_software.o
 .debug_line    0x00005b13      0x971 src/ASF/sam0/drivers/sercom/spi/spi.o
 .debug_line    0x00006484      0x36c src/ASF/common2/services/delay/sam0/systick_counter.o
 .debug_line    0x000067f0      0x37b src/ASF/sam0/drivers/port/port.o
 .debug_line    0x00006b6b      0x2cc src/ASF/common2/boards/user_board/init.o
 .debug_line    0x00006e37      0x316 src/ASF/common/utils/interrupt/interrupt_sam_nvic.o
 .debug_line    0x0000714d      0x651 src/ASF/sam0/drivers/system/clock/clock_samd21_r21_da_ha1/clock.o
 .debug_line    0x0000779e      0x5bd src/ASF/sam0/drivers/system/clock/clock_samd21_r21_da_ha1/gclk.o
 .debug_line    0x00007d5b      0x3ed src/ASF/sam0/drivers/system/pinmux/pinmux.o
 .debug_line    0x00008148      0x2aa src/ASF/sam0/drivers/system/system.o
 .debug_line    0x000083f2      0x273 src/ASF/sam0/utils/cmsis/samd21/source/gcc/startup_samd21.o
 .debug_line    0x00008665      0x773 src/main.o

.debug_str      0x00000000     0x89d0
 .debug_str     0x00000000      0xddd src/ASF/sam0/drivers/extint/extint_callback.o
                                0xedb (size before relaxing)
 .debug_str     0x00000ddd      0xd5e src/ASF/sam0/drivers/extint/extint_sam_d_r_h/extint.o
                               0x1b51 (size before relaxing)
 .debug_str     0x00001b3b      0x846 src/ASF/sam0/drivers/rtc/rtc_sam_d_r_h/rtc_calendar.o
                               0x1696 (size before relaxing)
 .debug_str     0x00002381      0x897 src/ASF/sam0/drivers/sercom/sercom.o
                               0x158e (size before relaxing)
 .debug_str     0x00002c18       0xf6 src/ASF/sam0/drivers/sercom/sercom_interrupt.o
                               0x1482 (size before relaxing)
 .debug_str     0x00002d0e      0xb1f src/ASF/sam0/drivers/sercom/usart/usart.o
                               0x22e2 (size before relaxing)
 .debug_str     0x0000382d      0x208 src/ASF/sam0/drivers/sercom/usart/usart_interrupt.o
                               0x1528 (size before relaxing)
 .debug_str     0x00003a35      0x14c src/firmware/uart_fiber.o
                               0x20e3 (size before relaxing)
 .debug_str     0x00003b81       0x7c src/firmware/uart_ib.o
                               0x20bf (size before relaxing)
 .debug_str     0x00003bfd      0x892 src/GLCD_hal/FT_CoPro_Cmds.o
                                0xf2b (size before relaxing)
 .debug_str     0x0000448f      0x9c5 src/GLCD_hal/FT_Gpu_Hal.o
                               0x141a (size before relaxing)
 .debug_str     0x00004e54      0x74b src/GLCD_hal/sim_gui.o
                               0x1f05 (size before relaxing)
 .debug_str     0x0000559f      0x92b src/GLCD_hal/sim_system_glcd_firmware.o
                               0x1f0e (size before relaxing)
 .debug_str     0x00005eca      0x185 src/GLCD_hal/sim_system_glcd_software.o
                                0xe69 (size before relaxing)
 .debug_str     0x0000604f      0x231 src/ASF/sam0/drivers/sercom/spi/spi.o
                               0x22cf (size before relaxing)
 .debug_str     0x00006280       0x9c src/ASF/common2/services/delay/sam0/systick_counter.o
                                0x784 (size before relaxing)
 .debug_str     0x0000631c       0x59 src/ASF/sam0/drivers/port/port.o
                                0xafa (size before relaxing)
 .debug_str     0x00006375       0x3e src/ASF/common2/boards/user_board/init.o
                                0x713 (size before relaxing)
 .debug_str     0x000063b3       0x66 src/ASF/common/utils/interrupt/interrupt_sam_nvic.o
                                0x75e (size before relaxing)
 .debug_str     0x00006419     0x1284 src/ASF/sam0/drivers/system/clock/clock_samd21_r21_da_ha1/clock.o
                               0x2470 (size before relaxing)
 .debug_str     0x0000769d      0x1c2 src/ASF/sam0/drivers/system/clock/clock_samd21_r21_da_ha1/gclk.o
                               0x1229 (size before relaxing)
 .debug_str     0x0000785f      0x179 src/ASF/sam0/drivers/system/pinmux/pinmux.o
                                0xbab (size before relaxing)
 .debug_str     0x000079d8       0x3b src/ASF/sam0/drivers/system/system.o
                                0x70a (size before relaxing)
 .debug_str     0x00007a13      0xf12 src/ASF/sam0/utils/cmsis/samd21/source/gcc/startup_samd21.o
                               0x13ea (size before relaxing)
 .debug_str     0x00008925       0xab src/main.o
                               0x1969 (size before relaxing)

.debug_frame    0x00000000     0x3334
 .debug_frame   0x00000000      0x128 src/ASF/sam0/drivers/extint/extint_callback.o
 .debug_frame   0x00000128      0x1d0 src/ASF/sam0/drivers/extint/extint_sam_d_r_h/extint.o
 .debug_frame   0x000002f8      0x210 src/ASF/sam0/drivers/rtc/rtc_sam_d_r_h/rtc_calendar.o
 .debug_frame   0x00000508       0xf8 src/ASF/sam0/drivers/sercom/sercom.o
 .debug_frame   0x00000600      0x118 src/ASF/sam0/drivers/sercom/sercom_interrupt.o
 .debug_frame   0x00000718      0x190 src/ASF/sam0/drivers/sercom/usart/usart.o
 .debug_frame   0x000008a8      0x1e8 src/ASF/sam0/drivers/sercom/usart/usart_interrupt.o
 .debug_frame   0x00000a90      0x1a8 src/firmware/uart_fiber.o
 .debug_frame   0x00000c38      0x18c src/firmware/uart_ib.o
 .debug_frame   0x00000dc4      0x830 src/GLCD_hal/FT_CoPro_Cmds.o
 .debug_frame   0x000015f4      0x6cc src/GLCD_hal/FT_Gpu_Hal.o
 .debug_frame   0x00001cc0      0x418 src/GLCD_hal/sim_gui.o
 .debug_frame   0x000020d8      0x324 src/GLCD_hal/sim_system_glcd_firmware.o
 .debug_frame   0x000023fc      0x120 src/GLCD_hal/sim_system_glcd_software.o
 .debug_frame   0x0000251c      0x36c src/ASF/sam0/drivers/sercom/spi/spi.o
 .debug_frame   0x00002888       0x8c src/ASF/common2/services/delay/sam0/systick_counter.o
 .debug_frame   0x00002914       0x70 src/ASF/sam0/drivers/port/port.o
 .debug_frame   0x00002984       0x2c src/ASF/common2/boards/user_board/init.o
 .debug_frame   0x000029b0       0x4c src/ASF/common/utils/interrupt/interrupt_sam_nvic.o
 .debug_frame   0x000029fc      0x2c4 src/ASF/sam0/drivers/system/clock/clock_samd21_r21_da_ha1/clock.o
 .debug_frame   0x00002cc0      0x220 src/ASF/sam0/drivers/system/clock/clock_samd21_r21_da_ha1/gclk.o
 .debug_frame   0x00002ee0       0xd0 src/ASF/sam0/drivers/system/pinmux/pinmux.o
 .debug_frame   0x00002fb0       0x48 src/ASF/sam0/drivers/system/system.o
 .debug_frame   0x00002ff8       0x4c src/ASF/sam0/utils/cmsis/samd21/source/gcc/startup_samd21.o
 .debug_frame   0x00003044      0x180 src/main.o
 .debug_frame   0x000031c4       0x20 d:/applications/7.0/toolchain/arm/arm-gnu-toolchain/bin/../lib/gcc/arm-none-eabi/6.3.1/thumb/v6-m\libgcc.a(_udivsi3.o)
 .debug_frame   0x000031e4       0x34 d:/applications/7.0/toolchain/arm/arm-gnu-toolchain/bin/../lib/gcc/arm-none-eabi/6.3.1/thumb/v6-m\libgcc.a(_muldi3.o)
 .debug_frame   0x00003218       0x38 d:/applications/7.0/toolchain/arm/arm-gnu-toolchain/bin/../lib/gcc/arm-none-eabi/6.3.1/thumb/v6-m\libgcc.a(eqdf2.o)
 .debug_frame   0x00003250       0x38 d:/applications/7.0/toolchain/arm/arm-gnu-toolchain/bin/../lib/gcc/arm-none-eabi/6.3.1/thumb/v6-m\libgcc.a(gedf2.o)
 .debug_frame   0x00003288       0x38 d:/applications/7.0/toolchain/arm/arm-gnu-toolchain/bin/../lib/gcc/arm-none-eabi/6.3.1/thumb/v6-m\libgcc.a(ledf2.o)
 .debug_frame   0x000032c0       0x2c d:/applications/7.0/toolchain/arm/arm-gnu-toolchain/bin/../lib/gcc/arm-none-eabi/6.3.1/../../../../arm-none-eabi/lib/thumb/v6-m\libc_nano.a(lib_a-init.o)
 .debug_frame   0x000032ec       0x28 d:/applications/7.0/toolchain/arm/arm-gnu-toolchain/bin/../lib/gcc/arm-none-eabi/6.3.1/../../../../arm-none-eabi/lib/thumb/v6-m\libc_nano.a(lib_a-memcpy-stub.o)
 .debug_frame   0x00003314       0x20 d:/applications/7.0/toolchain/arm/arm-gnu-toolchain/bin/../lib/gcc/arm-none-eabi/6.3.1/../../../../arm-none-eabi/lib/thumb/v6-m\libc_nano.a(lib_a-memset.o)

Cross Reference Table

Symbol                                            File
AC_Handler                                        src/ASF/sam0/utils/cmsis/samd21/source/gcc/startup_samd21.o
ADC_Handler                                       src/ASF/sam0/utils/cmsis/samd21/source/gcc/startup_samd21.o
DAC_Handler                                       src/ASF/sam0/utils/cmsis/samd21/source/gcc/startup_samd21.o
DMAC_Handler                                      src/ASF/sam0/utils/cmsis/samd21/source/gcc/startup_samd21.o
Dummy_Handler                                     src/ASF/sam0/utils/cmsis/samd21/source/gcc/startup_samd21.o
EIC_Handler                                       src/ASF/sam0/drivers/extint/extint_callback.o
EVSYS_Handler                                     src/ASF/sam0/utils/cmsis/samd21/source/gcc/startup_samd21.o
Ft_Esd_Noop                                       src/GLCD_hal/Ft_Esd.o
Ft_Fifo_GetFreeSpace                              src/GLCD_hal/FT_Gpu_Hal.o
Ft_Fifo_Init                                      src/GLCD_hal/FT_Gpu_Hal.o
Ft_Fifo_Update                                    src/GLCD_hal/FT_Gpu_Hal.o
Ft_Fifo_Write                                     src/GLCD_hal/FT_Gpu_Hal.o
Ft_Fifo_Write32                                   src/GLCD_hal/FT_Gpu_Hal.o
Ft_Fifo_WriteWait                                 src/GLCD_hal/FT_Gpu_Hal.o
Ft_GPU_81X_PadDriveStrength                       src/GLCD_hal/FT_Gpu_Hal.o
Ft_GPU_81X_PowerOffComponents                     src/GLCD_hal/FT_Gpu_Hal.o
Ft_Gpu_81X_ResetActive                            src/GLCD_hal/FT_Gpu_Hal.o
Ft_Gpu_81X_ResetRemoval                           src/GLCD_hal/FT_Gpu_Hal.o
Ft_Gpu_81X_SelectSysCLK                           src/GLCD_hal/FT_Gpu_Hal.o
Ft_Gpu_ClockSelect                                src/GLCD_hal/FT_Gpu_Hal.o
Ft_Gpu_ClockTrimming                              src/GLCD_hal/FT_Gpu_Hal.o
Ft_Gpu_Cmdfifo_Freespace                          src/GLCD_hal/FT_Gpu_Hal.o
Ft_Gpu_CoCmd_Append                               src/GLCD_hal/FT_CoPro_Cmds.o
                                                  src/GLCD_hal/sim_system_glcd_software.o
                                                  src/GLCD_hal/sim_gui.o
Ft_Gpu_CoCmd_BgColor                              src/GLCD_hal/FT_CoPro_Cmds.o
Ft_Gpu_CoCmd_BitmapTransform                      src/GLCD_hal/FT_CoPro_Cmds.o
Ft_Gpu_CoCmd_Button                               src/GLCD_hal/FT_CoPro_Cmds.o
                                                  src/GLCD_hal/sim_gui.o
Ft_Gpu_CoCmd_Calibrate                            src/GLCD_hal/FT_CoPro_Cmds.o
                                                  src/GLCD_hal/sim_gui.o
Ft_Gpu_CoCmd_Clock                                src/GLCD_hal/FT_CoPro_Cmds.o
Ft_Gpu_CoCmd_ColdStart                            src/GLCD_hal/FT_CoPro_Cmds.o
Ft_Gpu_CoCmd_Dial                                 src/GLCD_hal/FT_CoPro_Cmds.o
Ft_Gpu_CoCmd_Dlstart                              src/GLCD_hal/FT_CoPro_Cmds.o
                                                  src/GLCD_hal/sim_system_glcd_software.o
                                                  src/GLCD_hal/sim_gui.o
Ft_Gpu_CoCmd_EndFunc                              src/GLCD_hal/FT_CoPro_Cmds.o
Ft_Gpu_CoCmd_FgColor                              src/GLCD_hal/FT_CoPro_Cmds.o
Ft_Gpu_CoCmd_Gauge                                src/GLCD_hal/FT_CoPro_Cmds.o
Ft_Gpu_CoCmd_GetMatrix                            src/GLCD_hal/FT_CoPro_Cmds.o
Ft_Gpu_CoCmd_GetProps                             src/GLCD_hal/FT_CoPro_Cmds.o
Ft_Gpu_CoCmd_GetPtr                               src/GLCD_hal/FT_CoPro_Cmds.o
Ft_Gpu_CoCmd_GradColor                            src/GLCD_hal/FT_CoPro_Cmds.o
Ft_Gpu_CoCmd_Gradient                             src/GLCD_hal/FT_CoPro_Cmds.o
                                                  src/GLCD_hal/sim_gui.o
Ft_Gpu_CoCmd_Inflate                              src/GLCD_hal/FT_CoPro_Cmds.o
Ft_Gpu_CoCmd_Int_RAMShared                        src/GLCD_hal/FT_CoPro_Cmds.o
Ft_Gpu_CoCmd_Int_SWLoadImage                      src/GLCD_hal/FT_CoPro_Cmds.o
Ft_Gpu_CoCmd_Interrupt                            src/GLCD_hal/FT_CoPro_Cmds.o
Ft_Gpu_CoCmd_Keys                                 src/GLCD_hal/FT_CoPro_Cmds.o
                                                  src/GLCD_hal/sim_gui.o
Ft_Gpu_CoCmd_LoadIdentity                         src/GLCD_hal/FT_CoPro_Cmds.o
Ft_Gpu_CoCmd_LoadImage                            src/GLCD_hal/FT_CoPro_Cmds.o
Ft_Gpu_CoCmd_Logo                                 src/GLCD_hal/FT_CoPro_Cmds.o
Ft_Gpu_CoCmd_MediaFifo                            src/GLCD_hal/FT_CoPro_Cmds.o
Ft_Gpu_CoCmd_MemSet                               src/GLCD_hal/FT_CoPro_Cmds.o
Ft_Gpu_CoCmd_MemWrite                             src/GLCD_hal/FT_CoPro_Cmds.o
Ft_Gpu_CoCmd_MemZero                              src/GLCD_hal/FT_CoPro_Cmds.o
Ft_Gpu_CoCmd_Memcpy                               src/GLCD_hal/FT_CoPro_Cmds.o
Ft_Gpu_CoCmd_Memcrc                               src/GLCD_hal/FT_CoPro_Cmds.o
Ft_Gpu_CoCmd_Number                               src/GLCD_hal/FT_CoPro_Cmds.o
                                                  src/GLCD_hal/sim_gui.o
Ft_Gpu_CoCmd_PlayVideo                            src/GLCD_hal/FT_CoPro_Cmds.o
Ft_Gpu_CoCmd_Progress                             src/GLCD_hal/FT_CoPro_Cmds.o
Ft_Gpu_CoCmd_RegRead                              src/GLCD_hal/FT_CoPro_Cmds.o
Ft_Gpu_CoCmd_RomFont                              src/GLCD_hal/FT_CoPro_Cmds.o
Ft_Gpu_CoCmd_Rotate                               src/GLCD_hal/FT_CoPro_Cmds.o
Ft_Gpu_CoCmd_Scale                                src/GLCD_hal/FT_CoPro_Cmds.o
Ft_Gpu_CoCmd_ScreenSaver                          src/GLCD_hal/FT_CoPro_Cmds.o
Ft_Gpu_CoCmd_Scrollbar                            src/GLCD_hal/FT_CoPro_Cmds.o
Ft_Gpu_CoCmd_SendStr                              src/GLCD_hal/FT_CoPro_Cmds.o
Ft_Gpu_CoCmd_SetBase                              src/GLCD_hal/FT_CoPro_Cmds.o
Ft_Gpu_CoCmd_SetBitmap                            src/GLCD_hal/FT_CoPro_Cmds.o
Ft_Gpu_CoCmd_SetFont                              src/GLCD_hal/FT_CoPro_Cmds.o
Ft_Gpu_CoCmd_SetFont2                             src/GLCD_hal/FT_CoPro_Cmds.o
Ft_Gpu_CoCmd_SetMatrix                            src/GLCD_hal/FT_CoPro_Cmds.o
Ft_Gpu_CoCmd_SetRotate                            src/GLCD_hal/FT_CoPro_Cmds.o
Ft_Gpu_CoCmd_SetScratch                           src/GLCD_hal/FT_CoPro_Cmds.o
Ft_Gpu_CoCmd_Sketch                               src/GLCD_hal/FT_CoPro_Cmds.o
Ft_Gpu_CoCmd_Slider                               src/GLCD_hal/FT_CoPro_Cmds.o
Ft_Gpu_CoCmd_Snapshot                             src/GLCD_hal/FT_CoPro_Cmds.o
Ft_Gpu_CoCmd_Snapshot2                            src/GLCD_hal/FT_CoPro_Cmds.o
Ft_Gpu_CoCmd_Spinner                              src/GLCD_hal/FT_CoPro_Cmds.o
Ft_Gpu_CoCmd_StartFunc                            src/GLCD_hal/FT_CoPro_Cmds.o
Ft_Gpu_CoCmd_Stop                                 src/GLCD_hal/FT_CoPro_Cmds.o
Ft_Gpu_CoCmd_Swap                                 src/GLCD_hal/FT_CoPro_Cmds.o
                                                  src/GLCD_hal/sim_system_glcd_software.o
                                                  src/GLCD_hal/sim_gui.o
Ft_Gpu_CoCmd_Sync                                 src/GLCD_hal/FT_CoPro_Cmds.o
Ft_Gpu_CoCmd_Text                                 src/GLCD_hal/FT_CoPro_Cmds.o
                                                  src/GLCD_hal/sim_gui.o
Ft_Gpu_CoCmd_Toggle                               src/GLCD_hal/FT_CoPro_Cmds.o
Ft_Gpu_CoCmd_TouchTransform                       src/GLCD_hal/FT_CoPro_Cmds.o
Ft_Gpu_CoCmd_Track                                src/GLCD_hal/FT_CoPro_Cmds.o
Ft_Gpu_CoCmd_Translate                            src/GLCD_hal/FT_CoPro_Cmds.o
Ft_Gpu_CoCmd_VideoFrame                           src/GLCD_hal/FT_CoPro_Cmds.o
Ft_Gpu_CoCmd_VideoStart                           src/GLCD_hal/FT_CoPro_Cmds.o
Ft_Gpu_Copro_SendCmd                              src/GLCD_hal/FT_CoPro_Cmds.o
Ft_Gpu_CoreReset                                  src/GLCD_hal/FT_Gpu_Hal.o
Ft_Gpu_CurrentFrequency                           src/GLCD_hal/FT_Gpu_Hal.o
Ft_Gpu_Hal_CheckCmdBuffer                         src/GLCD_hal/FT_Gpu_Hal.o
                                                  src/GLCD_hal/FT_CoPro_Cmds.o
Ft_Gpu_Hal_Close                                  src/GLCD_hal/FT_Gpu_Hal.o
Ft_Gpu_Hal_DeInit                                 src/GLCD_hal/FT_Gpu_Hal.o
Ft_Gpu_Hal_Dec2Ascii                              src/GLCD_hal/FT_Gpu_Hal.o
Ft_Gpu_Hal_EndTransfer                            src/GLCD_hal/FT_Gpu_Hal.o
                                                  src/GLCD_hal/FT_CoPro_Cmds.o
Ft_Gpu_Hal_Init                                   src/GLCD_hal/FT_Gpu_Hal.o
Ft_Gpu_Hal_Open                                   src/GLCD_hal/FT_Gpu_Hal.o
                                                  src/main.o
Ft_Gpu_Hal_Powercycle                             src/GLCD_hal/FT_Gpu_Hal.o
Ft_Gpu_Hal_Rd16                                   src/GLCD_hal/FT_Gpu_Hal.o
                                                  src/GLCD_hal/sim_gui.o
Ft_Gpu_Hal_Rd32                                   src/GLCD_hal/FT_Gpu_Hal.o
Ft_Gpu_Hal_Rd8                                    src/GLCD_hal/FT_Gpu_Hal.o
                                                  src/GLCD_hal/sim_gui.o
Ft_Gpu_Hal_RdMem                                  src/GLCD_hal/FT_Gpu_Hal.o
Ft_Gpu_Hal_ResetCmdFifo                           src/GLCD_hal/FT_Gpu_Hal.o
Ft_Gpu_Hal_ResetDLBuffer                          src/GLCD_hal/FT_Gpu_Hal.o
Ft_Gpu_Hal_SetSPI                                 src/GLCD_hal/FT_Gpu_Hal.o
Ft_Gpu_Hal_Sleep                                  src/GLCD_hal/FT_Gpu_Hal.o
Ft_Gpu_Hal_StartCmdTransfer                       src/GLCD_hal/FT_Gpu_Hal.o
                                                  src/GLCD_hal/FT_CoPro_Cmds.o
Ft_Gpu_Hal_StartTransfer                          src/GLCD_hal/FT_Gpu_Hal.o
Ft_Gpu_Hal_Transfer16                             src/GLCD_hal/FT_Gpu_Hal.o
Ft_Gpu_Hal_Transfer32                             src/GLCD_hal/FT_Gpu_Hal.o
                                                  src/GLCD_hal/FT_CoPro_Cmds.o
Ft_Gpu_Hal_Transfer8                              src/GLCD_hal/FT_Gpu_Hal.o
Ft_Gpu_Hal_TransferString                         src/GLCD_hal/FT_Gpu_Hal.o
                                                  src/GLCD_hal/FT_CoPro_Cmds.o
Ft_Gpu_Hal_Updatecmdfifo                          src/GLCD_hal/FT_Gpu_Hal.o
                                                  src/GLCD_hal/FT_CoPro_Cmds.o
Ft_Gpu_Hal_WaitCmdfifo_empty                      src/GLCD_hal/FT_Gpu_Hal.o
                                                  src/GLCD_hal/sim_system_glcd_software.o
                                                  src/GLCD_hal/sim_gui.o
                                                  src/GLCD_hal/FT_CoPro_Cmds.o
Ft_Gpu_Hal_WaitCmdfifo_empty_status               src/GLCD_hal/FT_Gpu_Hal.o
Ft_Gpu_Hal_WaitLogo_Finish                        src/GLCD_hal/FT_Gpu_Hal.o
Ft_Gpu_Hal_Wr16                                   src/GLCD_hal/FT_Gpu_Hal.o
                                                  src/GLCD_hal/sim_gui.o
Ft_Gpu_Hal_Wr32                                   src/GLCD_hal/FT_Gpu_Hal.o
Ft_Gpu_Hal_Wr8                                    src/GLCD_hal/FT_Gpu_Hal.o
                                                  src/main.o
                                                  src/GLCD_hal/sim_gui.o
Ft_Gpu_Hal_WrCmd32                                src/GLCD_hal/FT_Gpu_Hal.o
                                                  src/GLCD_hal/sim_system_glcd_software.o
                                                  src/GLCD_hal/sim_gui.o
Ft_Gpu_Hal_WrCmdBuf                               src/GLCD_hal/FT_Gpu_Hal.o
Ft_Gpu_Hal_WrCmdBuf_nowait                        src/GLCD_hal/FT_Gpu_Hal.o
Ft_Gpu_Hal_WrMem                                  src/GLCD_hal/FT_Gpu_Hal.o
Ft_Gpu_Hal_WrMemFromFlash                         src/GLCD_hal/FT_Gpu_Hal.o
Ft_Gpu_HostCommand                                src/GLCD_hal/FT_Gpu_Hal.o
Ft_Gpu_HostCommand_Ext3                           src/GLCD_hal/FT_Gpu_Hal.o
Ft_Gpu_PLL_FreqSelect                             src/GLCD_hal/FT_Gpu_Hal.o
Ft_Gpu_PowerModeSwitch                            src/GLCD_hal/FT_Gpu_Hal.o
HardFault_Handler                                 src/ASF/sam0/utils/cmsis/samd21/source/gcc/startup_samd21.o
I2S_Handler                                       src/ASF/sam0/utils/cmsis/samd21/source/gcc/startup_samd21.o
NMI_Handler                                       src/ASF/sam0/utils/cmsis/samd21/source/gcc/startup_samd21.o
NVMCTRL_Handler                                   src/ASF/sam0/utils/cmsis/samd21/source/gcc/startup_samd21.o
PM_Handler                                        src/ASF/sam0/utils/cmsis/samd21/source/gcc/startup_samd21.o
PTC_Handler                                       src/ASF/sam0/utils/cmsis/samd21/source/gcc/startup_samd21.o
PendSV_Handler                                    src/ASF/sam0/utils/cmsis/samd21/source/gcc/startup_samd21.o
RTC_Handler                                       src/ASF/sam0/utils/cmsis/samd21/source/gcc/startup_samd21.o
Reset_Handler                                     src/ASF/sam0/utils/cmsis/samd21/source/gcc/startup_samd21.o
SERCOM0_Handler                                   src/ASF/sam0/drivers/sercom/sercom_interrupt.o
SERCOM1_Handler                                   src/ASF/sam0/drivers/sercom/sercom_interrupt.o
SERCOM2_Handler                                   src/ASF/sam0/drivers/sercom/sercom_interrupt.o
SERCOM3_Handler                                   src/ASF/sam0/drivers/sercom/sercom_interrupt.o
SERCOM4_Handler                                   src/ASF/sam0/drivers/sercom/sercom_interrupt.o
SERCOM5_Handler                                   src/ASF/sam0/drivers/sercom/sercom_interrupt.o
SVC_Handler                                       src/ASF/sam0/utils/cmsis/samd21/source/gcc/startup_samd21.o
SYSCTRL_Handler                                   src/ASF/sam0/utils/cmsis/samd21/source/gcc/startup_samd21.o
SysTick_Handler                                   src/ASF/sam0/utils/cmsis/samd21/source/gcc/startup_samd21.o
SystemCoreClock                                   src/ASF/sam0/utils/cmsis/samd21/source/system_samd21.o
SystemCoreClockUpdate                             src/ASF/sam0/utils/cmsis/samd21/source/system_samd21.o
SystemInit                                        src/ASF/sam0/utils/cmsis/samd21/source/system_samd21.o
TC3_Handler                                       src/ASF/sam0/utils/cmsis/samd21/source/gcc/startup_samd21.o
TC4_Handler                                       src/ASF/sam0/utils/cmsis/samd21/source/gcc/startup_samd21.o
TC5_Handler                                       src/ASF/sam0/utils/cmsis/samd21/source/gcc/startup_samd21.o
TC6_Handler                                       src/ASF/sam0/utils/cmsis/samd21/source/gcc/startup_samd21.o
TC7_Handler                                       src/ASF/sam0/utils/cmsis/samd21/source/gcc/startup_samd21.o
TCC0_Handler                                      src/ASF/sam0/utils/cmsis/samd21/source/gcc/startup_samd21.o
TCC1_Handler                                      src/ASF/sam0/utils/cmsis/samd21/source/gcc/startup_samd21.o
TCC2_Handler                                      src/ASF/sam0/utils/cmsis/samd21/source/gcc/startup_samd21.o
USB_Handler                                       src/ASF/sam0/utils/cmsis/samd21/source/gcc/startup_samd21.o
WDT_Handler                                       src/ASF/sam0/utils/cmsis/samd21/source/gcc/startup_samd21.o
_Jv_RegisterClasses                               d:/applications/7.0/toolchain/arm/arm-gnu-toolchain/bin/../lib/gcc/arm-none-eabi/6.3.1/thumb/v6-m/crtbegin.o
__aeabi_cdcmpeq                                   d:/applications/7.0/toolchain/arm/arm-gnu-toolchain/bin/../lib/gcc/arm-none-eabi/6.3.1/thumb/v6-m\libgcc.a(_arm_cmpdf2.o)
__aeabi_cdcmple                                   d:/applications/7.0/toolchain/arm/arm-gnu-toolchain/bin/../lib/gcc/arm-none-eabi/6.3.1/thumb/v6-m\libgcc.a(_arm_cmpdf2.o)
__aeabi_cdrcmple                                  d:/applications/7.0/toolchain/arm/arm-gnu-toolchain/bin/../lib/gcc/arm-none-eabi/6.3.1/thumb/v6-m\libgcc.a(_arm_cmpdf2.o)
__aeabi_dcmpeq                                    d:/applications/7.0/toolchain/arm/arm-gnu-toolchain/bin/../lib/gcc/arm-none-eabi/6.3.1/thumb/v6-m\libgcc.a(_arm_cmpdf2.o)
                                                  src/GLCD_hal/sim_gui.o
__aeabi_dcmpge                                    d:/applications/7.0/toolchain/arm/arm-gnu-toolchain/bin/../lib/gcc/arm-none-eabi/6.3.1/thumb/v6-m\libgcc.a(_arm_cmpdf2.o)
__aeabi_dcmpgt                                    d:/applications/7.0/toolchain/arm/arm-gnu-toolchain/bin/../lib/gcc/arm-none-eabi/6.3.1/thumb/v6-m\libgcc.a(_arm_cmpdf2.o)
__aeabi_dcmple                                    d:/applications/7.0/toolchain/arm/arm-gnu-toolchain/bin/../lib/gcc/arm-none-eabi/6.3.1/thumb/v6-m\libgcc.a(_arm_cmpdf2.o)
__aeabi_dcmplt                                    d:/applications/7.0/toolchain/arm/arm-gnu-toolchain/bin/../lib/gcc/arm-none-eabi/6.3.1/thumb/v6-m\libgcc.a(_arm_cmpdf2.o)
__aeabi_idiv                                      d:/applications/7.0/toolchain/arm/arm-gnu-toolchain/bin/../lib/gcc/arm-none-eabi/6.3.1/thumb/v6-m\libgcc.a(_divsi3.o)
                                                  src/GLCD_hal/FT_Gpu_Hal.o
__aeabi_idiv0                                     d:/applications/7.0/toolchain/arm/arm-gnu-toolchain/bin/../lib/gcc/arm-none-eabi/6.3.1/thumb/v6-m\libgcc.a(_dvmd_tls.o)
                                                  d:/applications/7.0/toolchain/arm/arm-gnu-toolchain/bin/../lib/gcc/arm-none-eabi/6.3.1/thumb/v6-m\libgcc.a(_divsi3.o)
                                                  d:/applications/7.0/toolchain/arm/arm-gnu-toolchain/bin/../lib/gcc/arm-none-eabi/6.3.1/thumb/v6-m\libgcc.a(_udivsi3.o)
__aeabi_idivmod                                   d:/applications/7.0/toolchain/arm/arm-gnu-toolchain/bin/../lib/gcc/arm-none-eabi/6.3.1/thumb/v6-m\libgcc.a(_divsi3.o)
__aeabi_ldiv0                                     d:/applications/7.0/toolchain/arm/arm-gnu-toolchain/bin/../lib/gcc/arm-none-eabi/6.3.1/thumb/v6-m\libgcc.a(_dvmd_tls.o)
__aeabi_lmul                                      d:/applications/7.0/toolchain/arm/arm-gnu-toolchain/bin/../lib/gcc/arm-none-eabi/6.3.1/thumb/v6-m\libgcc.a(_muldi3.o)
                                                  src/ASF/sam0/drivers/sercom/sercom.o
__aeabi_uidiv                                     d:/applications/7.0/toolchain/arm/arm-gnu-toolchain/bin/../lib/gcc/arm-none-eabi/6.3.1/thumb/v6-m\libgcc.a(_udivsi3.o)
                                                  d:/applications/7.0/toolchain/arm/arm-gnu-toolchain/bin/../lib/gcc/arm-none-eabi/6.3.1/../../../../arm-none-eabi/lib/thumb/v6-m\libc_nano.a(lib_a-nano-vfprintf_i.o)
                                                  src/ASF/sam0/drivers/system/clock/clock_samd21_r21_da_ha1/gclk.o
                                                  src/ASF/sam0/drivers/system/clock/clock_samd21_r21_da_ha1/clock.o
                                                  src/ASF/common2/services/delay/sam0/systick_counter.o
                                                  src/chanlib/ff.o
                                                  src/ASF/sam0/drivers/rtc/rtc_sam_d_r_h/rtc_calendar.o
__aeabi_uidivmod                                  d:/applications/7.0/toolchain/arm/arm-gnu-toolchain/bin/../lib/gcc/arm-none-eabi/6.3.1/thumb/v6-m\libgcc.a(_udivsi3.o)
                                                  d:/applications/7.0/toolchain/arm/arm-gnu-toolchain/bin/../lib/gcc/arm-none-eabi/6.3.1/../../../../arm-none-eabi/lib/thumb/v6-m\libc_nano.a(lib_a-nano-vfprintf_i.o)
                                                  src/GLCD_hal/sim_gui.o
                                                  src/ASF/sam0/drivers/rtc/rtc_sam_d_r_h/rtc_calendar.o
__bss_end__                                       d:/applications/7.0/toolchain/arm/arm-gnu-toolchain/bin/../lib/gcc/arm-none-eabi/6.3.1/../../../../arm-none-eabi/lib/thumb/v6-m/crt0.o
__bss_start__                                     d:/applications/7.0/toolchain/arm/arm-gnu-toolchain/bin/../lib/gcc/arm-none-eabi/6.3.1/../../../../arm-none-eabi/lib/thumb/v6-m/crt0.o
__call_exitprocs                                  d:/applications/7.0/toolchain/arm/arm-gnu-toolchain/bin/../lib/gcc/arm-none-eabi/6.3.1/../../../../arm-none-eabi/lib/thumb/v6-m\libc_nano.a(lib_a-exit.o)
__deregister_frame_info                           d:/applications/7.0/toolchain/arm/arm-gnu-toolchain/bin/../lib/gcc/arm-none-eabi/6.3.1/thumb/v6-m/crtbegin.o