Archive member included to satisfy reference by file (symbol)

c:/program files (x86)/atmel/studio/7.0/toolchain/arm/arm-gnu-toolchain/bin/../lib/gcc/arm-none-eabi/6.3.1/thumb/v6-m\libgcc.a(_thumb1_case_uqi.o)
                              src/ASF/common2/components/memory/sd_mmc/sd_mmc.o (__gnu_thumb1_case_uqi)
c:/program files (x86)/atmel/studio/7.0/toolchain/arm/arm-gnu-toolchain/bin/../lib/gcc/arm-none-eabi/6.3.1/thumb/v6-m\libgcc.a(_udivsi3.o)
                              src/ASF/common2/components/memory/sd_mmc/sd_mmc.o (__aeabi_uidiv)
c:/program files (x86)/atmel/studio/7.0/toolchain/arm/arm-gnu-toolchain/bin/../lib/gcc/arm-none-eabi/6.3.1/thumb/v6-m\libgcc.a(_divsi3.o)
                              src/GLCD_hal/FT_Gpu_Hal.o (__aeabi_idiv)
c:/program files (x86)/atmel/studio/7.0/toolchain/arm/arm-gnu-toolchain/bin/../lib/gcc/arm-none-eabi/6.3.1/thumb/v6-m\libgcc.a(_dvmd_tls.o)
                              c:/program files (x86)/atmel/studio/7.0/toolchain/arm/arm-gnu-toolchain/bin/../lib/gcc/arm-none-eabi/6.3.1/thumb/v6-m\libgcc.a(_udivsi3.o) (__aeabi_idiv0)
c:/program files (x86)/atmel/studio/7.0/toolchain/arm/arm-gnu-toolchain/bin/../lib/gcc/arm-none-eabi/6.3.1/thumb/v6-m\libgcc.a(_ashldi3.o)
                              src/ASF/sam0/drivers/sercom/sercom.o (__aeabi_llsl)
c:/program files (x86)/atmel/studio/7.0/toolchain/arm/arm-gnu-toolchain/bin/../lib/gcc/arm-none-eabi/6.3.1/thumb/v6-m\libgcc.a(_arm_cmpdf2.o)
                              src/GLCD_hal/sim_gui.o (__aeabi_dcmpeq)
c:/program files (x86)/atmel/studio/7.0/toolchain/arm/arm-gnu-toolchain/bin/../lib/gcc/arm-none-eabi/6.3.1/thumb/v6-m\libgcc.a(_muldi3.o)
                              src/ASF/sam0/drivers/sercom/sercom.o (__aeabi_lmul)
c:/program files (x86)/atmel/studio/7.0/toolchain/arm/arm-gnu-toolchain/bin/../lib/gcc/arm-none-eabi/6.3.1/thumb/v6-m\libgcc.a(eqdf2.o)
                              c:/program files (x86)/atmel/studio/7.0/toolchain/arm/arm-gnu-toolchain/bin/../lib/gcc/arm-none-eabi/6.3.1/thumb/v6-m\libgcc.a(_arm_cmpdf2.o) (__eqdf2)
c:/program files (x86)/atmel/studio/7.0/toolchain/arm/arm-gnu-toolchain/bin/../lib/gcc/arm-none-eabi/6.3.1/thumb/v6-m\libgcc.a(gedf2.o)
                              c:/program files (x86)/atmel/studio/7.0/toolchain/arm/arm-gnu-toolchain/bin/../lib/gcc/arm-none-eabi/6.3.1/thumb/v6-m\libgcc.a(_arm_cmpdf2.o) (__gedf2)
c:/program files (x86)/atmel/studio/7.0/toolchain/arm/arm-gnu-toolchain/bin/../lib/gcc/arm-none-eabi/6.3.1/thumb/v6-m\libgcc.a(ledf2.o)
                              c:/program files (x86)/atmel/studio/7.0/toolchain/arm/arm-gnu-toolchain/bin/../lib/gcc/arm-none-eabi/6.3.1/thumb/v6-m\libgcc.a(_arm_cmpdf2.o) (__ledf2)
c:/program files (x86)/atmel/studio/7.0/toolchain/arm/arm-gnu-toolchain/bin/../lib/gcc/arm-none-eabi/6.3.1/../../../../arm-none-eabi/lib/thumb/v6-m\libc_nano.a(lib_a-exit.o)
                              c:/program files (x86)/atmel/studio/7.0/toolchain/arm/arm-gnu-toolchain/bin/../lib/gcc/arm-none-eabi/6.3.1/../../../../arm-none-eabi/lib/thumb/v6-m/crt0.o (exit)
c:/program files (x86)/atmel/studio/7.0/toolchain/arm/arm-gnu-toolchain/bin/../lib/gcc/arm-none-eabi/6.3.1/../../../../arm-none-eabi/lib/thumb/v6-m\libc_nano.a(lib_a-impure.o)
                              c:/program files (x86)/atmel/studio/7.0/toolchain/arm/arm-gnu-toolchain/bin/../lib/gcc/arm-none-eabi/6.3.1/../../../../arm-none-eabi/lib/thumb/v6-m\libc_nano.a(lib_a-exit.o) (_global_impure_ptr)
c:/program files (x86)/atmel/studio/7.0/toolchain/arm/arm-gnu-toolchain/bin/../lib/gcc/arm-none-eabi/6.3.1/../../../../arm-none-eabi/lib/thumb/v6-m\libc_nano.a(lib_a-init.o)
                              c:/program files (x86)/atmel/studio/7.0/toolchain/arm/arm-gnu-toolchain/bin/../lib/gcc/arm-none-eabi/6.3.1/../../../../arm-none-eabi/lib/thumb/v6-m/crt0.o (__libc_init_array)
c:/program files (x86)/atmel/studio/7.0/toolchain/arm/arm-gnu-toolchain/bin/../lib/gcc/arm-none-eabi/6.3.1/../../../../arm-none-eabi/lib/thumb/v6-m\libc_nano.a(lib_a-memset.o)
                              c:/program files (x86)/atmel/studio/7.0/toolchain/arm/arm-gnu-toolchain/bin/../lib/gcc/arm-none-eabi/6.3.1/../../../../arm-none-eabi/lib/thumb/v6-m/crt0.o (memset)
c:/program files (x86)/atmel/studio/7.0/toolchain/arm/arm-gnu-toolchain/bin/../lib/gcc/arm-none-eabi/6.3.1/../../../../arm-none-eabi/lib/thumb/v6-m\libc_nano.a(lib_a-snprintf.o)
                              src/firmware/sim_sd_log.o (snprintf)
c:/program files (x86)/atmel/studio/7.0/toolchain/arm/arm-gnu-toolchain/bin/../lib/gcc/arm-none-eabi/6.3.1/../../../../arm-none-eabi/lib/thumb/v6-m\libc_nano.a(lib_a-strlen.o)
                              src/firmware/sim_sd_log.o (strlen)
c:/program files (x86)/atmel/studio/7.0/toolchain/arm/arm-gnu-toolchain/bin/../lib/gcc/arm-none-eabi/6.3.1/../../../../arm-none-eabi/lib/thumb/v6-m\libc_nano.a(lib_a-vsnprintf.o)
                              src/GLCD_hal/sim_system_glcd_software.o (vsnprintf)
[...]
Memory Configuration

Name             Origin             Length             Attributes
rom              0x00000000         0x00040000         xr
ram              0x20000000         0x00008000         xrw
*default*        0x00000000         0xffffffff

Linker script and memory map

LOAD c:/program files (x86)/atmel/studio/7.0/toolchain/arm/arm-gnu-toolchain/bin/../lib/gcc/arm-none-eabi/6.3.1/thumb/v6-m/crti.o
LOAD c:/program files (x86)/atmel/studio/7.0/toolchain/arm/arm-gnu-toolchain/bin/../lib/gcc/arm-none-eabi/6.3.1/thumb/v6-m/crtbegin.o
LOAD c:/program files (x86)/atmel/studio/7.0/toolchain/arm/arm-gnu-toolchain/bin/../lib/gcc/arm-none-eabi/6.3.1/../../../../arm-none-eabi/lib/thumb/v6-m/crt0.o
LOAD src/ASF/common2/components/memory/sd_mmc/sd_mmc.o
LOAD src/ASF/sam0/drivers/extint/extint_callback.o
LOAD src/ASF/sam0/drivers/extint/extint_sam_d_r_h/extint.o
LOAD src/ASF/sam0/drivers/rtc/rtc_sam_d_r_h/rtc_calendar.o
LOAD src/ASF/sam0/drivers/sercom/sercom.o
LOAD src/ASF/sam0/drivers/sercom/sercom_interrupt.o
LOAD src/ASF/sam0/drivers/sercom/usart/usart.o
LOAD src/ASF/sam0/drivers/sercom/usart/usart_interrupt.o
LOAD src/chanlib/diskio.o
LOAD src/chanlib/ff.o
LOAD src/chanlib/ffsystem.o
LOAD src/chanlib/ffunicode.o
LOAD src/firmware/sim_sd_log.o
LOAD src/firmware/uart_fiber.o
LOAD src/firmware/uart_ib.o
LOAD src/GLCD_hal/FT_CoPro_Cmds.o
LOAD src/GLCD_hal/Ft_Esd.o
LOAD src/GLCD_hal/FT_Gpu_Hal.o
LOAD src/GLCD_hal/sim_gui.o
LOAD src/GLCD_hal/sim_system_glcd_firmware.o
LOAD src/GLCD_hal/sim_system_glcd_software.o
LOAD src/ASF/sam0/drivers/sercom/spi/spi.o
LOAD src/ASF/common2/services/delay/sam0/systick_counter.o
LOAD src/ASF/common2/components/memory/sd_mmc/sd_mmc_spi.o
LOAD src/ASF/sam0/drivers/port/port.o
LOAD src/ASF/common2/boards/user_board/init.o
LOAD src/ASF/common/utils/interrupt/interrupt_sam_nvic.o
LOAD src/ASF/sam0/drivers/system/clock/clock_samd21_r21_da_ha1/clock.o
LOAD src/ASF/sam0/drivers/system/clock/clock_samd21_r21_da_ha1/gclk.o
LOAD src/ASF/sam0/drivers/system/interrupt/system_interrupt.o
LOAD src/ASF/sam0/drivers/system/pinmux/pinmux.o
LOAD src/ASF/sam0/drivers/system/system.o
LOAD src/ASF/sam0/utils/cmsis/samd21/source/gcc/startup_samd21.o
LOAD src/ASF/sam0/utils/cmsis/samd21/source/system_samd21.o
LOAD src/ASF/sam0/utils/syscalls/gcc/syscalls.o
LOAD src/main.o
START GROUP
LOAD ../src/ASF/thirdparty/CMSIS/Lib/GCC\libarm_cortexM0l_math.a
LOAD c:/program files (x86)/atmel/studio/7.0/toolchain/arm/arm-gnu-toolchain/bin/../lib/gcc/arm-none-eabi/6.3.1/../../../../arm-none-eabi/lib/thumb/v6-m\libm.a
END GROUP
START GROUP
LOAD c:/program files (x86)/atmel/studio/7.0/toolchain/arm/arm-gnu-toolchain/bin/../lib/gcc/arm-none-eabi/6.3.1/thumb/v6-m\libgcc.a
LOAD c:/program files (x86)/atmel/studio/7.0/toolchain/arm/arm-gnu-toolchain/bin/../lib/gcc/arm-none-eabi/6.3.1/../../../../arm-none-eabi/lib/thumb/v6-m\libc_nano.a
END GROUP
START GROUP
LOAD c:/program files (x86)/atmel/studio/7.0/toolchain/arm/arm-gnu-toolchain/bin/../lib/gcc/arm-none-eabi/6.3.1/thumb/v6-m\libgcc.a
LOAD c:/program files (x86)/atmel/studio/7.0/toolchain/arm/arm-gnu-toolchain/bin/../lib/gcc/arm-none-eabi/6.3.1/../../../../arm-none-eabi/lib/thumb/v6-m\libc_nano.a
END GROUP
LOAD c:/program files (x86)/atmel/studio/7.0/toolchain/arm/arm-gnu-toolchain/bin/../lib/gcc/arm-none-eabi/6.3.1/thumb/v6-m/crtend.o
LOAD c:/program files (x86)/atmel/studio/7.0/toolchain/arm/arm-gnu-toolchain/bin/../lib/gcc/arm-none-eabi/6.3.1/thumb/v6-m/crtn.o
                0x00002000                STACK_SIZE = DEFINED (STACK_SIZE)?STACK_SIZE:DEFINED (__stack_size__)?__stack_size__:0x2000

.text           0x00000000     0x7c9c
                0x00000000                . = ALIGN (0x4)
                0x00000000                _sfixed = .
 *(.vectors .vectors.*)
 .vectors       0x00000000       0xb4 src/ASF/sam0/utils/cmsis/samd21/source/gcc/startup_samd21.o
                0x00000000                exception_table
 *(.text .text.* .gnu.linkonce.t.*)
 .text          0x000000b4       0x60 c:/program files (x86)/atmel/studio/7.0/toolchain/arm/arm-gnu-toolchain/bin/../lib/gcc/arm-none-eabi/6.3.1/thumb/v6-m/crtbegin.o
 .text.SDMMC_UNSTUFF_BITS
                0x00000114       0x46 src/ASF/common2/components/memory/sd_mmc/sd_mmc.o
 *fill*         0x0000015a        0x2 
 .text.sd_mmc_configure_slot
                0x0000015c       0x2c src/ASF/common2/components/memory/sd_mmc/sd_mmc.o
 .text.sd_mmc_deselect_slot
                0x00000188       0x18 src/ASF/common2/components/memory/sd_mmc/sd_mmc.o
 .text.sd_mmc_select_slot
                0x000001a0       0xf8 src/ASF/common2/components/memory/sd_mmc/sd_mmc.o
 .text.sd_mmc_cmd13
                0x00000298       0x4c src/ASF/common2/components/memory/sd_mmc/sd_mmc.o
 .text.sd_mmc_cmd9_spi
                0x000002e4       0x48 src/ASF/common2/components/memory/sd_mmc/sd_mmc.o
 .text.sd_mmc_init
                0x0000032c       0x20 src/ASF/common2/components/memory/sd_mmc/sd_mmc.o
                0x0000032c                sd_mmc_init
 .text.sd_mmc_check
                0x0000034c      0x4bc src/ASF/common2/components/memory/sd_mmc/sd_mmc.o
                0x0000034c                sd_mmc_check
 .text.sd_mmc_is_write_protected
                0x00000808       0x3c src/ASF/common2/components/memory/sd_mmc/sd_mmc.o
                0x00000808                sd_mmc_is_write_protected
 .text.sd_mmc_init_read_blocks
                0x00000844       0x78 src/ASF/common2/components/memory/sd_mmc/sd_mmc.o
                0x00000844                sd_mmc_init_read_blocks
 .text.sd_mmc_start_read_blocks
                0x000008bc       0x28 src/ASF/common2/components/memory/sd_mmc/sd_mmc.o
                0x000008bc                sd_mmc_start_read_blocks
 .text.sd_mmc_wait_end_of_read_blocks
                0x000008e4       0x60 src/ASF/common2/components/memory/sd_mmc/sd_mmc.o
                0x000008e4                sd_mmc_wait_end_of_read_blocks
 .text.sd_mmc_init_write_blocks
                0x00000944       0x84 src/ASF/common2/components/memory/sd_mmc/sd_mmc.o
                0x00000944                sd_mmc_init_write_blocks
 .text.sd_mmc_start_write_blocks
                0x000009c8       0x28 src/ASF/common2/components/memory/sd_mmc/sd_mmc.o
                0x000009c8                sd_mmc_start_write_blocks
 .text.sd_mmc_wait_end_of_write_blocks
                0x000009f0       0x38 src/ASF/common2/components/memory/sd_mmc/sd_mmc.o
                0x000009f0                sd_mmc_wait_end_of_write_blocks
 .text.extint_register_callback
                0x00000a28       0x28 src/ASF/sam0/drivers/extint/extint_callback.o
                0x00000a28                extint_register_callback
 .text.EIC_Handler
                0x00000a50       0x40 src/ASF/sam0/drivers/extint/extint_callback.o
                0x00000a50                EIC_Handler
 .text.extint_is_syncing
                0x00000a90        0xc src/ASF/sam0/drivers/extint/extint_sam_d_r_h/extint.o
 .text._extint_enable
                0x00000a9c       0x20 src/ASF/sam0/drivers/extint/extint_sam_d_r_h/extint.o
 .text._system_extint_init
                0x00000abc       0x68 src/ASF/sam0/drivers/extint/extint_sam_d_r_h/extint.o
                0x00000abc                _system_extint_init
 .text.extint_chan_set_config
                0x00000b24       0x70 src/ASF/sam0/drivers/extint/extint_sam_d_r_h/extint.o
                0x00000b24                extint_chan_set_config
 .text.rtc_calendar_enable
                0x00000b94       0x14 src/ASF/sam0/drivers/rtc/rtc_sam_d_r_h/rtc_calendar.o
                0x00000b94                rtc_calendar_enable
 .text.rtc_calendar_disable
                0x00000ba8       0x1a src/ASF/sam0/drivers/rtc/rtc_sam_d_r_h/rtc_calendar.o
                0x00000ba8                rtc_calendar_disable
 *fill*         0x00000bc2        0x2 
 .text.rtc_calendar_reset
                0x00000bc4       0x24 src/ASF/sam0/drivers/rtc/rtc_sam_d_r_h/rtc_calendar.o
                0x00000bc4                rtc_calendar_reset
 .text.rtc_calendar_time_to_register_value
                0x00000be8       0x3a src/ASF/sam0/drivers/rtc/rtc_sam_d_r_h/rtc_calendar.o
                0x00000be8                rtc_calendar_time_to_register_value
 .text.rtc_calendar_register_value_to_time
                0x00000c22       0x40 src/ASF/sam0/drivers/rtc/rtc_sam_d_r_h/rtc_calendar.o
                0x00000c22                rtc_calendar_register_value_to_time
 *fill*         0x00000c62        0x2 
 .text.rtc_calendar_set_time
                0x00000c64       0x18 src/ASF/sam0/drivers/rtc/rtc_sam_d_r_h/rtc_calendar.o
                0x00000c64                rtc_calendar_set_time
 .text.rtc_calendar_get_time
                0x00000c7c       0x48 src/ASF/sam0/drivers/rtc/rtc_sam_d_r_h/rtc_calendar.o
                0x00000c7c                rtc_calendar_get_time
 .text.rtc_calendar_set_alarm
                0x00000cc4       0x30 src/ASF/sam0/drivers/rtc/rtc_sam_d_r_h/rtc_calendar.o
                0x00000cc4                rtc_calendar_set_alarm
 .text.rtc_calendar_init
                0x00000cf4       0x90 src/ASF/sam0/drivers/rtc/rtc_sam_d_r_h/rtc_calendar.o
                0x00000cf4                rtc_calendar_init
 .text.rtc_calendar_frequency_correction
                0x00000d84       0x28 src/ASF/sam0/drivers/rtc/rtc_sam_d_r_h/rtc_calendar.o
                0x00000d84                rtc_calendar_frequency_correction
 .text.long_division
                0x00000dac       0x6c src/ASF/sam0/drivers/sercom/sercom.o
 .text._sercom_get_sync_baud_val
                0x00000e18       0x28 src/ASF/sam0/drivers/sercom/sercom.o
                0x00000e18                _sercom_get_sync_baud_val
 .text._sercom_get_async_baud_val
                0x00000e40       0x98 src/ASF/sam0/drivers/sercom/sercom.o
                0x00000e40                _sercom_get_async_baud_val
 .text.sercom_set_gclk_generator
                0x00000ed8       0x44 src/ASF/sam0/drivers/sercom/sercom.o
                0x00000ed8                sercom_set_gclk_generator
 .text._sercom_get_default_pad
                0x00000f1c       0xec src/ASF/sam0/drivers/sercom/sercom.o
                0x00000f1c                _sercom_get_default_pad
 .text._sercom_get_sercom_inst_index
                0x00001008       0x30 src/ASF/sam0/drivers/sercom/sercom.o
                0x00001008                _sercom_get_sercom_inst_index
 .text._sercom_default_handler
                0x00001038        0x2 src/ASF/sam0/drivers/sercom/sercom_interrupt.o
 *fill*         0x0000103a        0x2 
 .text._sercom_set_handler
                0x0000103c       0x3c src/ASF/sam0/drivers/sercom/sercom_interrupt.o
                0x0000103c                _sercom_set_handler
 .text._sercom_get_interrupt_vector
                0x00001078       0x20 src/ASF/sam0/drivers/sercom/sercom_interrupt.o
                0x00001078                _sercom_get_interrupt_vector
 .text.SERCOM0_Handler
                0x00001098       0x10 src/ASF/sam0/drivers/sercom/sercom_interrupt.o
                0x00001098                SERCOM0_Handler
 .text.SERCOM1_Handler
                0x000010a8       0x10 src/ASF/sam0/drivers/sercom/sercom_interrupt.o
                0x000010a8                SERCOM1_Handler
 .text.SERCOM2_Handler
                0x000010b8       0x10 src/ASF/sam0/drivers/sercom/sercom_interrupt.o
                0x000010b8                SERCOM2_Handler
 .text.SERCOM3_Handler
                0x000010c8       0x10 src/ASF/sam0/drivers/sercom/sercom_interrupt.o
                0x000010c8                SERCOM3_Handler
 .text._usart_wait_for_sync
                0x000010d8        0xa src/ASF/sam0/drivers/sercom/usart/usart.o
 *fill*         0x000010e2        0x2 
 .text.usart_init
                0x000010e4      0x2c4 src/ASF/sam0/drivers/sercom/usart/usart.o
                0x000010e4                usart_init
 .text.usart_write_wait
                0x000013a8       0x30 src/ASF/sam0/drivers/sercom/usart/usart.o
                0x000013a8                usart_write_wait
 .text.usart_read_wait
                0x000013d8       0x74 src/ASF/sam0/drivers/sercom/usart/usart.o
                0x000013d8                usart_read_wait
 .text.usart_read_buffer_wait
                0x0000144c       0x78 src/ASF/sam0/drivers/sercom/usart/usart.o
                0x0000144c                usart_read_buffer_wait
 .text._usart_interrupt_handler
                0x000014c4      0x168 src/ASF/sam0/drivers/sercom/usart/usart_interrupt.o
                0x000014c4                _usart_interrupt_handler
 .text.disk_status
                0x0000162c       0x38 src/chanlib/diskio.o
                0x0000162c                disk_status
 .text.disk_initialize
                0x00001664       0x2c src/chanlib/diskio.o
                0x00001664                disk_initialize
 .text.disk_read
                0x00001690       0x48 src/chanlib/diskio.o
                0x00001690                disk_read
 .text.disk_write
                0x000016d8       0x48 src/chanlib/diskio.o
                0x000016d8                disk_write
 .text.disk_ioctl
                0x00001720       0x24 src/chanlib/diskio.o
                0x00001720                disk_ioctl
 .text.ld_dword
                0x00001744       0x16 src/chanlib/ff.o
 .text.mem_cmp  0x0000175a       0x1a src/chanlib/ff.o
 .text.clst2sect
                0x00001774       0x18 src/chanlib/ff.o
 .text.get_ldnumber
                0x0000178c       0x2c src/chanlib/ff.o
 .text.validate
                0x000017b8       0x3c src/chanlib/ff.o
 .text.mem_cpy.part.0
                0x000017f4       0x10 src/chanlib/ff.o
 .text.ld_clust.isra.3
                0x00001804       0x1e src/chanlib/ff.o
 .text.st_clust.isra.4
                0x00001822       0x16 src/chanlib/ff.o
 .text.sync_window
                0x00001838       0x4c src/chanlib/ff.o
 .text.move_window
                0x00001884       0x3c src/chanlib/ff.o
 .text.check_fs
                0x000018c0       0x84 src/chanlib/ff.o
 .text.find_volume
                0x00001944      0x2f8 src/chanlib/ff.o
 .text.get_fat.isra.10
                0x00001c3c       0xc8 src/chanlib/ff.o
 .text.dir_sdi.constprop.14
                0x00001d04       0x78 src/chanlib/ff.o
 .text.dir_clear
                0x00001d7c       0x70 src/chanlib/ff.o
 .text.put_fat  0x00001dec      0x118 src/chanlib/ff.o
 .text.create_chain
                0x00001f04       0xf4 src/chanlib/ff.o
 .text.dir_next
                0x00001ff8       0xbc src/chanlib/ff.o
 .text.follow_path
                0x000020b4      0x188 src/chanlib/ff.o
 .text.dir_register
                0x0000223c       0x78 src/chanlib/ff.o
 .text.remove_chain
                0x000022b4       0x7c src/chanlib/ff.o
 .text.sync_fs  0x00002330       0xf4 src/chanlib/ff.o
 .text.f_mount  0x00002424       0x54 src/chanlib/ff.o
                0x00002424                f_mount
 .text.f_open   0x00002478      0x1fc src/chanlib/ff.o
                0x00002478                f_open
 .text.f_write  0x00002674      0x1ac src/chanlib/ff.o
                0x00002674                f_write
 .text.f_sync   0x00002820       0xa8 src/chanlib/ff.o
                0x00002820                f_sync
 .text.f_close  0x000028c8       0x24 src/chanlib/ff.o
                0x000028c8                f_close
 .text.uartfiber_init
                0x000028ec       0xc0 src/firmware/uart_fiber.o
                0x000028ec                uartfiber_init
 .text.uartfiber_get_169_rssi
                0x000029ac       0x30 src/firmware/uart_fiber.o
                0x000029ac                uartfiber_get_169_rssi
 .text.uartfiber_get_915_rssi
                0x000029dc       0x30 src/firmware/uart_fiber.o
                0x000029dc                uartfiber_get_915_rssi
 .text.uartfiber_get_245_rssi
                0x00002a0c       0x30 src/firmware/uart_fiber.o
                0x00002a0c                uartfiber_get_245_rssi
 .text.uartib_init
                0x00002a3c       0xc0 src/firmware/uart_ib.o
                0x00002a3c                uartib_init
 .text.uartib_get_169_rssi
                0x00002afc       0x30 src/firmware/uart_ib.o
                0x00002afc                uartib_get_169_rssi
 .text.uartib_get_915_rssi
                0x00002b2c       0x30 src/firmware/uart_ib.o
                0x00002b2c                uartib_get_915_rssi
 .text.uartib_get_245_rssi
                0x00002b5c       0x30 src/firmware/uart_ib.o
                0x00002b5c                uartib_get_245_rssi
 .text.Ft_Gpu_CoCmd_StartFunc
                0x00002b8c       0x20 src/GLCD_hal/FT_CoPro_Cmds.o
                0x00002b8c                Ft_Gpu_CoCmd_StartFunc
 .text.Ft_Gpu_CoCmd_EndFunc
                0x00002bac       0x1c src/GLCD_hal/FT_CoPro_Cmds.o
                0x00002bac                Ft_Gpu_CoCmd_EndFunc
 .text.Ft_Gpu_CoCmd_Text
                0x00002bc8       0x70 src/GLCD_hal/FT_CoPro_Cmds.o
                0x00002bc8                Ft_Gpu_CoCmd_Text
 .text.Ft_Gpu_CoCmd_Number
                0x00002c38       0x54 src/GLCD_hal/FT_CoPro_Cmds.o
                0x00002c38                Ft_Gpu_CoCmd_Number
 .text.Ft_Gpu_CoCmd_Swap
                0x00002c8c       0x2c src/GLCD_hal/FT_CoPro_Cmds.o
                0x00002c8c                Ft_Gpu_CoCmd_Swap
 .text.Ft_Gpu_CoCmd_Button
                0x00002cb8       0x90 src/GLCD_hal/FT_CoPro_Cmds.o
                0x00002cb8                Ft_Gpu_CoCmd_Button
 .text.Ft_Gpu_CoCmd_Calibrate
                0x00002d48       0x3c src/GLCD_hal/FT_CoPro_Cmds.o
                0x00002d48                Ft_Gpu_CoCmd_Calibrate
 .text.Ft_Gpu_CoCmd_Append
                0x00002d84       0x3c src/GLCD_hal/FT_CoPro_Cmds.o
                0x00002d84                Ft_Gpu_CoCmd_Append
 .text.Ft_Gpu_CoCmd_Gradient
                0x00002dc0       0x6c src/GLCD_hal/FT_CoPro_Cmds.o
                0x00002dc0                Ft_Gpu_CoCmd_Gradient
 .text.Ft_Gpu_CoCmd_Keys
                0x00002e2c       0x90 src/GLCD_hal/FT_CoPro_Cmds.o
                0x00002e2c                Ft_Gpu_CoCmd_Keys
 .text.Ft_Gpu_CoCmd_Dlstart
                0x00002ebc       0x2c src/GLCD_hal/FT_CoPro_Cmds.o
                0x00002ebc                Ft_Gpu_CoCmd_Dlstart
 .text.Ft_Gpu_Hal_Open
                0x00002ee8       0x1c src/GLCD_hal/FT_Gpu_Hal.o
                0x00002ee8                Ft_Gpu_Hal_Open
 .text.Ft_Gpu_Hal_StartTransfer
                0x00002f04       0x20 src/GLCD_hal/FT_Gpu_Hal.o
                0x00002f04                Ft_Gpu_Hal_StartTransfer
 .text.Ft_Gpu_Hal_StartCmdTransfer
                0x00002f24       0x14 src/GLCD_hal/FT_Gpu_Hal.o
                0x00002f24                Ft_Gpu_Hal_StartCmdTransfer
 .text.Ft_Gpu_Hal_Transfer8
                0x00002f38       0x34 src/GLCD_hal/FT_Gpu_Hal.o
                0x00002f38                Ft_Gpu_Hal_Transfer8
 .text.Ft_Gpu_Hal_TransferString
                0x00002f6c       0x30 src/GLCD_hal/FT_Gpu_Hal.o
                0x00002f6c                Ft_Gpu_Hal_TransferString
 .text.Ft_Gpu_Hal_Transfer16
                0x00002f9c       0x34 src/GLCD_hal/FT_Gpu_Hal.o
                0x00002f9c                Ft_Gpu_Hal_Transfer16
 .text.Ft_Gpu_Hal_Transfer32
                0x00002fd0       0x34 src/GLCD_hal/FT_Gpu_Hal.o
                0x00002fd0                Ft_Gpu_Hal_Transfer32
 .text.Ft_Gpu_Hal_EndTransfer
                0x00003004       0x14 src/GLCD_hal/FT_Gpu_Hal.o
                0x00003004                Ft_Gpu_Hal_EndTransfer
 .text.Ft_Gpu_Hal_Rd8
                0x00003018       0x34 src/GLCD_hal/FT_Gpu_Hal.o
                0x00003018                Ft_Gpu_Hal_Rd8
 .text.Ft_Gpu_Hal_Rd16
                0x0000304c       0x34 src/GLCD_hal/FT_Gpu_Hal.o
                0x0000304c                Ft_Gpu_Hal_Rd16
 .text.Ft_Gpu_Hal_Wr8
                0x00003080       0x30 src/GLCD_hal/FT_Gpu_Hal.o
                0x00003080                Ft_Gpu_Hal_Wr8
 .text.Ft_Gpu_Hal_Wr16
                0x000030b0       0x30 src/GLCD_hal/FT_Gpu_Hal.o
                0x000030b0                Ft_Gpu_Hal_Wr16
 .text.Ft_Gpu_Hal_Wr32
                0x000030e0       0x30 src/GLCD_hal/FT_Gpu_Hal.o
                0x000030e0                Ft_Gpu_Hal_Wr32
 .text.Ft_Gpu_Hal_Updatecmdfifo
                0x00003110       0x28 src/GLCD_hal/FT_Gpu_Hal.o
                0x00003110                Ft_Gpu_Hal_Updatecmdfifo
 .text.Ft_Gpu_Cmdfifo_Freespace
                0x00003138       0x24 src/GLCD_hal/FT_Gpu_Hal.o
                0x00003138                Ft_Gpu_Cmdfifo_Freespace
 .text.Ft_Gpu_Hal_CheckCmdBuffer
                0x0000315c       0x18 src/GLCD_hal/FT_Gpu_Hal.o
                0x0000315c                Ft_Gpu_Hal_CheckCmdBuffer
 .text.Ft_Gpu_Hal_WaitCmdfifo_empty
                0x00003174       0x30 src/GLCD_hal/FT_Gpu_Hal.o
                0x00003174                Ft_Gpu_Hal_WaitCmdfifo_empty
 .text.Ft_Gpu_Hal_WrCmd32
                0x000031a4       0x34 src/GLCD_hal/FT_Gpu_Hal.o
                0x000031a4                Ft_Gpu_Hal_WrCmd32
 .text.month31  0x000031d8       0x18 src/GLCD_hal/sim_gui.o
                0x000031d8                month31
 .text.printTime
                0x000031f0       0x8c src/GLCD_hal/sim_gui.o
                0x000031f0                printTime
 .text.play     0x0000327c       0x50 src/GLCD_hal/sim_gui.o
                0x0000327c                play
 .text.shiftHist
                0x000032cc       0x2c src/GLCD_hal/sim_gui.o
                0x000032cc                shiftHist
 .text.saveHist
                0x000032f8       0xf0 src/GLCD_hal/sim_gui.o
                0x000032f8                saveHist
 .text.drawRect
                0x000033e8      0x1d8 src/GLCD_hal/sim_gui.o
                0x000033e8                drawRect
 .text.appAttn  0x000035c0       0xb0 src/GLCD_hal/sim_gui.o
                0x000035c0                appAttn
 .text.drawTitle
                0x00003670       0x74 src/GLCD_hal/sim_gui.o
                0x00003670                drawTitle
 .text.drawBack
                0x000036e4       0x54 src/GLCD_hal/sim_gui.o
                0x000036e4                drawBack
 .text.drawKeypad
                0x00003738      0x150 src/GLCD_hal/sim_gui.o
                0x00003738                drawKeypad
 .text.drawAlert
                0x00003888       0x9c src/GLCD_hal/sim_gui.o
                0x00003888                drawAlert
 .text.drawRssi
                0x00003924      0x130 src/GLCD_hal/sim_gui.o
                0x00003924                drawRssi
 .text.appRssi  0x00003a54       0x90 src/GLCD_hal/sim_gui.o
                0x00003a54                appRssi
 .text.drawHist
                0x00003ae4       0x7c src/GLCD_hal/sim_gui.o
                0x00003ae4                drawHist
 .text.appHist  0x00003b60       0x90 src/GLCD_hal/sim_gui.o
                0x00003b60                appHist
 .text.disStart
                0x00003bf0       0x2c src/GLCD_hal/sim_gui.o
                0x00003bf0                disStart
 .text.disEnd   0x00003c1c       0x2c src/GLCD_hal/sim_gui.o
                0x00003c1c                disEnd
 .text.attnOp   0x00003c48      0x278 src/GLCD_hal/sim_gui.o
                0x00003c48                attnOp
 .text.historyOp
                0x00003ec0      0x104 src/GLCD_hal/sim_gui.o
                0x00003ec0                historyOp
 .text.rssiOp   0x00003fc4      0x11c src/GLCD_hal/sim_gui.o
                0x00003fc4                rssiOp
 .text.calScreen
                0x000040e0       0x50 src/GLCD_hal/sim_gui.o
                0x000040e0                calScreen
 .text.setTime  0x00004130      0x28c src/GLCD_hal/sim_gui.o
                0x00004130                setTime
 .text.setDate  0x000043bc      0x328 src/GLCD_hal/sim_gui.o
                0x000043bc                setDate
 .text.settingOp
                0x000046e4      0x274 src/GLCD_hal/sim_gui.o
                0x000046e4                settingOp
 .text.configure_ext_ints
                0x00004958       0x24 src/GLCD_hal/sim_gui.o
                0x00004958                configure_ext_ints
 .text.configure_ext_int_callback
                0x0000497c       0x18 src/GLCD_hal/sim_gui.o
                0x0000497c                configure_ext_int_callback
 .text.configure_rtc_calendar
                0x00004994       0x8c src/GLCD_hal/sim_gui.o
                0x00004994                configure_rtc_calendar
 .text.clock_osc32k_init
                0x00004a20       0x24 src/GLCD_hal/sim_gui.o
                0x00004a20                clock_osc32k_init
 .text.clock_gclk2_init
                0x00004a44       0x34 src/GLCD_hal/sim_gui.o
                0x00004a44                clock_gclk2_init
 .text.lcd_spi_init
                0x00004a78       0xd4 src/GLCD_hal/sim_system_glcd_firmware.o
                0x00004a78                lcd_spi_init
 .text.lcd_start_xfer
                0x00004b4c       0x78 src/GLCD_hal/sim_system_glcd_firmware.o
                0x00004b4c                lcd_start_xfer
 .text.lcd_stop_xfer
                0x00004bc4       0x1c src/GLCD_hal/sim_system_glcd_firmware.o
                0x00004bc4                lcd_stop_xfer
 .text.lcd_host_read
                0x00004be0       0x18 src/GLCD_hal/sim_system_glcd_firmware.o
                0x00004be0                lcd_host_read
 .text.lcd_rd8  0x00004bf8       0x2c src/GLCD_hal/sim_system_glcd_firmware.o
                0x00004bf8                lcd_rd8
 .text.lcd_rd16
                0x00004c24       0x2c src/GLCD_hal/sim_system_glcd_firmware.o
                0x00004c24                lcd_rd16
 .text.lcd_host_write
                0x00004c50       0x18 src/GLCD_hal/sim_system_glcd_firmware.o
                0x00004c50                lcd_host_write
 .text.lcd_wr8  0x00004c68       0x2c src/GLCD_hal/sim_system_glcd_firmware.o
                0x00004c68                lcd_wr8
 .text.lcd_wr16
                0x00004c94       0x2c src/GLCD_hal/sim_system_glcd_firmware.o
                0x00004c94                lcd_wr16
 .text.lcd_wr32
                0x00004cc0       0x28 src/GLCD_hal/sim_system_glcd_firmware.o
                0x00004cc0                lcd_wr32
 .text.lcd_host_cmd
                0x00004ce8       0x4c src/GLCD_hal/sim_system_glcd_firmware.o
                0x00004ce8                lcd_host_cmd
 .text.lcd_powerdown
                0x00004d34       0x10 src/GLCD_hal/sim_system_glcd_firmware.o
                0x00004d34                lcd_powerdown
 .text.lcd_powerup
                0x00004d44       0x10 src/GLCD_hal/sim_system_glcd_firmware.o
                0x00004d44                lcd_powerup
 .text.lcd_init_seq
                0x00004d54      0x154 src/GLCD_hal/sim_system_glcd_software.o
                0x00004d54                lcd_init_seq
 .text.lcd_putchar_ramg
                0x00004ea8       0x98 src/GLCD_hal/sim_system_glcd_software.o
                0x00004ea8                lcd_putchar_ramg
 .text.lcd_printf
                0x00004f40       0x9c src/GLCD_hal/sim_system_glcd_software.o
                0x00004f40                lcd_printf
 .text.lcd_set_ft_host_ptr
                0x00004fdc        0xc src/GLCD_hal/sim_system_glcd_software.o
                0x00004fdc                lcd_set_ft_host_ptr
 .text.lcd_interrupt_callback
                0x00004fe8       0x1c src/GLCD_hal/sim_system_glcd_software.o
                0x00004fe8                lcd_interrupt_callback
 .text.spi_disable
                0x00005004       0x18 src/ASF/sam0/drivers/sercom/spi/spi.o
 .text.spi_is_write_complete
                0x0000501c        0xa src/ASF/sam0/drivers/sercom/spi/spi.o
 .text.spi_is_ready_to_write
                0x00005026        0xa src/ASF/sam0/drivers/sercom/spi/spi.o
 .text.spi_is_ready_to_read
                0x00005030        0xa src/ASF/sam0/drivers/sercom/spi/spi.o
 *fill*         0x0000503a        0x2 
 .text.spi_write
                0x0000503c       0x20 src/ASF/sam0/drivers/sercom/spi/spi.o
 .text.spi_read
                0x0000505c       0x3c src/ASF/sam0/drivers/sercom/spi/spi.o
 .text.port_pin_set_output_level
                0x00005098       0x2c src/ASF/sam0/drivers/sercom/spi/spi.o
 .text.spi_set_baudrate
                0x000050c4       0x70 src/ASF/sam0/drivers/sercom/spi/spi.o
                0x000050c4                spi_set_baudrate
 .text.spi_init
                0x00005134      0x308 src/ASF/sam0/drivers/sercom/spi/spi.o
                0x00005134                spi_init
 .text.spi_read_buffer_wait
                0x0000543c       0xe8 src/ASF/sam0/drivers/sercom/spi/spi.o
                0x0000543c                spi_read_buffer_wait
 .text.spi_select_slave
                0x00005524       0x98 src/ASF/sam0/drivers/sercom/spi/spi.o
                0x00005524                spi_select_slave
 .text.spi_write_buffer_wait
                0x000055bc      0x1b4 src/ASF/sam0/drivers/sercom/spi/spi.o
                0x000055bc                spi_write_buffer_wait
 .text.delay_init
                0x00005770       0x40 src/ASF/common2/services/delay/sam0/systick_counter.o
                0x00005770                delay_init
 .text.delay_cycles_ms
                0x000057b0       0x2c src/ASF/common2/services/delay/sam0/systick_counter.o
                0x000057b0                delay_cycles_ms
 .text.sd_mmc_spi_start_write_block
                0x000057dc       0x3c src/ASF/common2/components/memory/sd_mmc/sd_mmc_spi.o
 .text.sd_mmc_spi_wait_busy
                0x00005818       0x50 src/ASF/common2/components/memory/sd_mmc/sd_mmc_spi.o
 .text.sd_mmc_spi_start_read_block
                0x00005868       0x60 src/ASF/common2/components/memory/sd_mmc/sd_mmc_spi.o
 .text.sd_mmc_spi_stop_write_block
                0x000058c8       0x64 src/ASF/common2/components/memory/sd_mmc/sd_mmc_spi.o
 .text.sd_mmc_spi_stop_multiwrite_block
                0x0000592c       0x70 src/ASF/common2/components/memory/sd_mmc/sd_mmc_spi.o
 .text.sd_mmc_spi_init
                0x0000599c       0xec src/ASF/common2/components/memory/sd_mmc/sd_mmc_spi.o
                0x0000599c                sd_mmc_spi_init
 .text.sd_mmc_spi_select_device
                0x00005a88       0x54 src/ASF/common2/components/memory/sd_mmc/sd_mmc_spi.o
                0x00005a88                sd_mmc_spi_select_device
 .text.sd_mmc_spi_deselect_device
                0x00005adc       0x28 src/ASF/common2/components/memory/sd_mmc/sd_mmc_spi.o
                0x00005adc                sd_mmc_spi_deselect_device
 .text.sd_mmc_spi_send_clock
                0x00005b04       0x34 src/ASF/common2/components/memory/sd_mmc/sd_mmc_spi.o
                0x00005b04                sd_mmc_spi_send_clock
 .text.sd_mmc_spi_adtc_start
                0x00005b38      0x15c src/ASF/common2/components/memory/sd_mmc/sd_mmc_spi.o
                0x00005b38                sd_mmc_spi_adtc_start
 .text.sd_mmc_spi_send_cmd
                0x00005c94       0x14 src/ASF/common2/components/memory/sd_mmc/sd_mmc_spi.o
                0x00005c94                sd_mmc_spi_send_cmd
 .text.sd_mmc_spi_get_response
                0x00005ca8        0xc src/ASF/common2/components/memory/sd_mmc/sd_mmc_spi.o
                0x00005ca8                sd_mmc_spi_get_response
 .text.sd_mmc_spi_read_word
                0x00005cb4       0x70 src/ASF/common2/components/memory/sd_mmc/sd_mmc_spi.o
                0x00005cb4                sd_mmc_spi_read_word
 .text.sd_mmc_spi_start_read_blocks
                0x00005d24       0x68 src/ASF/common2/components/memory/sd_mmc/sd_mmc_spi.o
                0x00005d24                sd_mmc_spi_start_read_blocks
 .text.sd_mmc_spi_wait_end_of_read_blocks
                0x00005d8c        0x4 src/ASF/common2/components/memory/sd_mmc/sd_mmc_spi.o
                0x00005d8c                sd_mmc_spi_wait_end_of_read_blocks
 .text.sd_mmc_spi_start_write_blocks
                0x00005d90       0x74 src/ASF/common2/components/memory/sd_mmc/sd_mmc_spi.o
                0x00005d90                sd_mmc_spi_start_write_blocks
 .text.sd_mmc_spi_wait_end_of_write_blocks
                0x00005e04       0x24 src/ASF/common2/components/memory/sd_mmc/sd_mmc_spi.o
                0x00005e04                sd_mmc_spi_wait_end_of_write_blocks
 .text.port_pin_set_config
                0x00005e28       0x20 src/ASF/sam0/drivers/port/port.o
                0x00005e28                port_pin_set_config
 .text.system_board_init
                0x00005e48        0x2 src/ASF/common2/boards/user_board/init.o
                0x00005e48                board_init
                0x00005e48                system_board_init
 *fill*         0x00005e4a        0x2 
 .text.cpu_irq_enter_critical
                0x00005e4c       0x34 src/ASF/common/utils/interrupt/interrupt_sam_nvic.o
                0x00005e4c                cpu_irq_enter_critical
 .text.cpu_irq_leave_critical
                0x00005e80       0x30 src/ASF/common/utils/interrupt/interrupt_sam_nvic.o
                0x00005e80                cpu_irq_leave_critical
 .text._system_dfll_wait_for_sync
                0x00005eb0       0x10 src/ASF/sam0/drivers/system/clock/clock_samd21_r21_da_ha1/clock.o
 .text.system_clock_source_get_hz
                0x00005ec0       0x8c src/ASF/sam0/drivers/system/clock/clock_samd21_r21_da_ha1/clock.o
                0x00005ec0                system_clock_source_get_hz
 .text.system_clock_source_osc8m_set_config
                0x00005f4c       0x3c src/ASF/sam0/drivers/system/clock/clock_samd21_r21_da_ha1/clock.o
                0x00005f4c                system_clock_source_osc8m_set_config
 .text.system_clock_source_osc32k_set_config
                0x00005f88       0x70 src/ASF/sam0/drivers/system/clock/clock_samd21_r21_da_ha1/clock.o
                0x00005f88                system_clock_source_osc32k_set_config
 .text.system_clock_source_enable
                0x00005ff8       0x90 src/ASF/sam0/drivers/system/clock/clock_samd21_r21_da_ha1/clock.o
                0x00005ff8                system_clock_source_enable
 .text.system_clock_init
                0x00006088       0xe8 src/ASF/sam0/drivers/system/clock/clock_samd21_r21_da_ha1/clock.o
                0x00006088                system_clock_init
 .text.system_gclk_is_syncing
                0x00006170        0xc src/ASF/sam0/drivers/system/clock/clock_samd21_r21_da_ha1/gclk.o
 .text.system_gclk_init
                0x0000617c       0x20 src/ASF/sam0/drivers/system/clock/clock_samd21_r21_da_ha1/gclk.o
                0x0000617c                system_gclk_init
 .text.system_gclk_gen_set_config
                0x0000619c       0xa4 src/ASF/sam0/drivers/system/clock/clock_samd21_r21_da_ha1/gclk.o
                0x0000619c                system_gclk_gen_set_config
 .text.system_gclk_gen_enable
                0x00006240       0x40 src/ASF/sam0/drivers/system/clock/clock_samd21_r21_da_ha1/gclk.o
                0x00006240                system_gclk_gen_enable
 .text.system_gclk_gen_get_hz
                0x00006280       0x88 src/ASF/sam0/drivers/system/clock/clock_samd21_r21_da_ha1/gclk.o
                0x00006280                system_gclk_gen_get_hz
 .text.system_gclk_chan_enable
                0x00006308       0x30 src/ASF/sam0/drivers/system/clock/clock_samd21_r21_da_ha1/gclk.o
                0x00006308                system_gclk_chan_enable
 .text.system_gclk_chan_disable
                0x00006338       0x58 src/ASF/sam0/drivers/system/clock/clock_samd21_r21_da_ha1/gclk.o
                0x00006338                system_gclk_chan_disable
 .text.system_gclk_chan_set_config
                0x00006390       0x1c src/ASF/sam0/drivers/system/clock/clock_samd21_r21_da_ha1/gclk.o
                0x00006390                system_gclk_chan_set_config
 .text.system_gclk_chan_get_hz
                0x000063ac       0x34 src/ASF/sam0/drivers/system/clock/clock_samd21_r21_da_ha1/gclk.o
                0x000063ac                system_gclk_chan_get_hz
 .text._system_pinmux_config
                0x000063e0       0x84 src/ASF/sam0/drivers/system/pinmux/pinmux.o
 .text.system_pinmux_pin_set_config
                0x00006464       0x2c src/ASF/sam0/drivers/system/pinmux/pinmux.o
                0x00006464                system_pinmux_pin_set_config
 .text._system_dummy_init
                0x00006490        0x2 src/ASF/sam0/drivers/system/system.o
                0x00006490                _system_events_init
                0x00006490                _system_dummy_init
                0x00006490                _system_divas_init
 *fill*         0x00006492        0x2 
 .text.system_init
                0x00006494       0x2c src/ASF/sam0/drivers/system/system.o
                0x00006494                system_init
 .text.Dummy_Handler
                0x000064c0        0x2 src/ASF/sam0/utils/cmsis/samd21/source/gcc/startup_samd21.o
                0x000064c0                DMAC_Handler
                0x000064c0                HardFault_Handler
                0x000064c0                AC_Handler
                0x000064c0                SysTick_Handler
                0x000064c0                PendSV_Handler
                0x000064c0                NMI_Handler
                0x000064c0                ADC_Handler
                0x000064c0                TCC1_Handler
                0x000064c0                TCC0_Handler
                0x000064c0                RTC_Handler
                0x000064c0                WDT_Handler
                0x000064c0                TC4_Handler
                0x000064c0                USB_Handler
                0x000064c0                TC3_Handler
                0x000064c0                Dummy_Handler
                0x000064c0                PM_Handler
                0x000064c0                SVC_Handler
                0x000064c0                TCC2_Handler
                0x000064c0                EVSYS_Handler
                0x000064c0                I2S_Handler
                0x000064c0                NVMCTRL_Handler
                0x000064c0                DAC_Handler
                0x000064c0                PTC_Handler
                0x000064c0                TC5_Handler
                0x000064c0                SYSCTRL_Handler
 *fill*         0x000064c2        0x2 
 .text.Reset_Handler
                0x000064c4       0xbc src/ASF/sam0/utils/cmsis/samd21/source/gcc/startup_samd21.o
                0x000064c4                Reset_Handler
 .text._sbrk    0x00006580       0x20 src/ASF/sam0/utils/syscalls/gcc/syscalls.o
                0x00006580                _sbrk
 .text.clock_osc8m_init
                0x000065a0       0x18 src/main.o
                0x000065a0                clock_osc8m_init
 .text.clock_gclk0_init
                0x000065b8       0x3c src/main.o
                0x000065b8                clock_gclk0_init
 .text.sys_clock_init
                0x000065f4       0x2c src/main.o
                0x000065f4                sys_clock_init
 .text.configure_port_pins
                0x00006620       0x38 src/main.o
                0x00006620                configure_port_pins
 .text.sim_system_init
                0x00006658       0x68 src/main.o
                0x00006658                sim_system_init
 .text.startup.main
                0x000066c0      0x290 src/main.o
                0x000066c0                main
 .text          0x00006950       0x14 c:/program files (x86)/atmel/studio/7.0/toolchain/arm/arm-gnu-toolchain/bin/../lib/gcc/arm-none-eabi/6.3.1/thumb/v6-m\libgcc.a(_thumb1_case_uqi.o)
                0x00006950                __gnu_thumb1_case_uqi
 .text          0x00006964      0x114 c:/program files (x86)/atmel/studio/7.0/toolchain/arm/arm-gnu-toolchain/bin/../lib/gcc/arm-none-eabi/6.3.1/thumb/v6-m\libgcc.a(_udivsi3.o)
                0x00006964                __aeabi_uidiv
                0x00006964                __udivsi3
                0x00006a70                __aeabi_uidivmod
 .text          0x00006a78        0x4 c:/program files (x86)/atmel/studio/7.0/toolchain/arm/arm-gnu-toolchain/bin/../lib/gcc/arm-none-eabi/6.3.1/thumb/v6-m\libgcc.a(_dvmd_tls.o)
                0x00006a78                __aeabi_idiv0
                0x00006a78                __aeabi_ldiv0
 .text          0x00006a7c       0x18 c:/program files (x86)/atmel/studio/7.0/toolchain/arm/arm-gnu-toolchain/bin/../lib/gcc/arm-none-eabi/6.3.1/thumb/v6-m\libgcc.a(_ashldi3.o)
                0x00006a7c                __aeabi_llsl
                0x00006a7c                __ashldi3
 .text          0x00006a94       0x7c c:/program files (x86)/atmel/studio/7.0/toolchain/arm/arm-gnu-toolchain/bin/../lib/gcc/arm-none-eabi/6.3.1/thumb/v6-m\libgcc.a(_arm_cmpdf2.o)
                0x00006a94                __aeabi_cdrcmple
                0x00006aa4                __aeabi_cdcmple
                0x00006aa4                __aeabi_cdcmpeq
                0x00006ab4                __aeabi_dcmpeq
                0x00006ac0                __aeabi_dcmplt
                0x00006ad4                __aeabi_dcmple
                0x00006ae8                __aeabi_dcmpgt
                0x00006afc                __aeabi_dcmpge
 .text          0x00006b10       0x54 c:/program files (x86)/atmel/studio/7.0/toolchain/arm/arm-gnu-toolchain/bin/../lib/gcc/arm-none-eabi/6.3.1/thumb/v6-m\libgcc.a(_muldi3.o)
                0x00006b10                __muldi3
                0x00006b10                __aeabi_lmul
 .text          0x00006b64       0x74 c:/program files (x86)/atmel/studio/7.0/toolchain/arm/arm-gnu-toolchain/bin/../lib/gcc/arm-none-eabi/6.3.1/thumb/v6-m\libgcc.a(eqdf2.o)
                0x00006b64                __nedf2
                0x00006b64                __eqdf2
 .text          0x00006bd8       0xc8 c:/program files (x86)/atmel/studio/7.0/toolchain/arm/arm-gnu-toolchain/bin/../lib/gcc/arm-none-eabi/6.3.1/thumb/v6-m\libgcc.a(gedf2.o)
                0x00006bd8                __gedf2
                0x00006bd8                __gtdf2
 .text          0x00006ca0       0xc4 c:/program files (x86)/atmel/studio/7.0/toolchain/arm/arm-gnu-toolchain/bin/../lib/gcc/arm-none-eabi/6.3.1/thumb/v6-m\libgcc.a(ledf2.o)
                0x00006ca0                __ledf2
                0x00006ca0                __ltdf2
 .text.__libc_init_array
                0x00006d64       0x48 c:/program files (x86)/atmel/studio/7.0/toolchain/arm/arm-gnu-toolchain/bin/../lib/gcc/arm-none-eabi/6.3.1/../../../../arm-none-eabi/lib/thumb/v6-m\libc_nano.a(lib_a-init.o)
                0x00006d64                __libc_init_array
 .text.memset   0x00006dac       0x10 c:/program files (x86)/atmel/studio/7.0/toolchain/arm/arm-gnu-toolchain/bin/../lib/gcc/arm-none-eabi/6.3.1/../../../../arm-none-eabi/lib/thumb/v6-m\libc_nano.a(lib_a-memset.o)
                0x00006dac                memset
 .text.snprintf
                0x00006dbc       0x64 c:/program files (x86)/atmel/studio/7.0/toolchain/arm/arm-gnu-toolchain/bin/../lib/gcc/arm-none-eabi/6.3.1/../../../../arm-none-eabi/lib/thumb/v6-m\libc_nano.a(lib_a-snprintf.o)
                0x00006dbc                sniprintf
                0x00006dbc                snprintf
 .text          0x00006e20        0xe c:/program files (x86)/atmel/studio/7.0/toolchain/arm/arm-gnu-toolchain/bin/../lib/gcc/arm-none-eabi/6.3.1/../../../../arm-none-eabi/lib/thumb/v6-m\libc_nano.a(lib_a-strlen.o)
                0x00006e20                strlen
 .text._vsnprintf_r
                0x00006e2e       0x56 c:/program files (x86)/atmel/studio/7.0/toolchain/arm/arm-gnu-toolchain/bin/../lib/gcc/arm-none-eabi/6.3.1/../../../../arm-none-eabi/lib/thumb/v6-m\libc_nano.a(lib_a-vsnprintf.o)
                0x00006e2e                _vsniprintf_r
                0x00006e2e                _vsnprintf_r
 .text.vsnprintf
                0x00006e84       0x18 c:/program files (x86)/atmel/studio/7.0/toolchain/arm/arm-gnu-toolchain/bin/../lib/gcc/arm-none-eabi/6.3.1/../../../../arm-none-eabi/lib/thumb/v6-m\libc_nano.a(lib_a-vsnprintf.o)
                0x00006e84                vsniprintf
                0x00006e84                vsnprintf
 .text.__ssputs_r
                0x00006e9c       0xc4 c:/program files (x86)/atmel/studio/7.0/toolchain/arm/arm-gnu-toolchain/bin/../lib/gcc/arm-none-eabi/6.3.1/../../../../arm-none-eabi/lib/thumb/v6-m\libc_nano.a(lib_a-nano-svfprintf.o)
                0x00006e9c                __ssputs_r
 .text._svfprintf_r
                0x00006f60      0x208 c:/program files (x86)/atmel/studio/7.0/toolchain/arm/arm-gnu-toolchain/bin/../lib/gcc/arm-none-eabi/6.3.1/../../../../arm-none-eabi/lib/thumb/v6-m\libc_nano.a(lib_a-nano-svfprintf.o)
                0x00006f60                _svfiprintf_r
                0x00006f60                _svfprintf_r
 .text._printf_common
                0x00007168       0xda c:/program files (x86)/atmel/studio/7.0/toolchain/arm/arm-gnu-toolchain/bin/../lib/gcc/arm-none-eabi/6.3.1/../../../../arm-none-eabi/lib/thumb/v6-m\libc_nano.a(lib_a-nano-vfprintf_i.o)
                0x00007168                _printf_common
 *fill*         0x00007242        0x2 
 .text._printf_i
                0x00007244      0x234 c:/program files (x86)/atmel/studio/7.0/toolchain/arm/arm-gnu-toolchain/bin/../lib/gcc/arm-none-eabi/6.3.1/../../../../arm-none-eabi/lib/thumb/v6-m\libc_nano.a(lib_a-nano-vfprintf_i.o)
                0x00007244                _printf_i
 .text.memchr   0x00007478       0x16 c:/program files (x86)/atmel/studio/7.0/toolchain/arm/arm-gnu-toolchain/bin/../lib/gcc/arm-none-eabi/6.3.1/../../../../arm-none-eabi/lib/thumb/v6-m\libc_nano.a(lib_a-memchr-stub.o)
                0x00007478                memchr
 .text.memcpy   0x0000748e       0x12 c:/program files (x86)/atmel/studio/7.0/toolchain/arm/arm-gnu-toolchain/bin/../lib/gcc/arm-none-eabi/6.3.1/../../../../arm-none-eabi/lib/thumb/v6-m\libc_nano.a(lib_a-memcpy-stub.o)
                0x0000748e                memcpy
 .text.memmove  0x000074a0       0x24 c:/program files (x86)/atmel/studio/7.0/toolchain/arm/arm-gnu-toolchain/bin/../lib/gcc/arm-none-eabi/6.3.1/../../../../arm-none-eabi/lib/thumb/v6-m\libc_nano.a(lib_a-memmove.o)
                0x000074a0                memmove
 .text._free_r  0x000074c4       0x94 c:/program files (x86)/atmel/studio/7.0/toolchain/arm/arm-gnu-toolchain/bin/../lib/gcc/arm-none-eabi/6.3.1/../../../../arm-none-eabi/lib/thumb/v6-m\libc_nano.a(lib_a-nano-freer.o)
                0x000074c4                _free_r
 .text._malloc_r
                0x00007558       0xbc c:/program files (x86)/atmel/studio/7.0/toolchain/arm/arm-gnu-toolchain/bin/../lib/gcc/arm-none-eabi/6.3.1/../../../../arm-none-eabi/lib/thumb/v6-m\libc_nano.a(lib_a-nano-mallocr.o)
                0x00007558                _malloc_r
 .text._realloc_r
                0x00007614       0x4c c:/program files (x86)/atmel/studio/7.0/toolchain/arm/arm-gnu-toolchain/bin/../lib/gcc/arm-none-eabi/6.3.1/../../../../arm-none-eabi/lib/thumb/v6-m\libc_nano.a(lib_a-nano-reallocr.o)
                0x00007614                _realloc_r
 .text._sbrk_r  0x00007660       0x24 c:/program files (x86)/atmel/studio/7.0/toolchain/arm/arm-gnu-toolchain/bin/../lib/gcc/arm-none-eabi/6.3.1/../../../../arm-none-eabi/lib/thumb/v6-m\libc_nano.a(lib_a-sbrkr.o)
                0x00007660                _sbrk_r
 .text.__malloc_lock
                0x00007684        0x2 c:/program files (x86)/atmel/studio/7.0/toolchain/arm/arm-gnu-toolchain/bin/../lib/gcc/arm-none-eabi/6.3.1/../../../../arm-none-eabi/lib/thumb/v6-m\libc_nano.a(lib_a-mlock.o)
                0x00007684                __malloc_lock
 .text.__malloc_unlock
                0x00007686        0x2 c:/program files (x86)/atmel/studio/7.0/toolchain/arm/arm-gnu-toolchain/bin/../lib/gcc/arm-none-eabi/6.3.1/../../../../arm-none-eabi/lib/thumb/v6-m\libc_nano.a(lib_a-mlock.o)
                0x00007686                __malloc_unlock
 .text._malloc_usable_size_r
                0x00007688       0x10 c:/program files (x86)/atmel/studio/7.0/toolchain/arm/arm-gnu-toolchain/bin/../lib/gcc/arm-none-eabi/6.3.1/../../../../arm-none-eabi/lib/thumb/v6-m\libc_nano.a(lib_a-nano-msizer.o)
                0x00007688                _malloc_usable_size_r
 *(.glue_7t)
 .glue_7t       0x00007698        0x0 linker stubs
 *(.glue_7)
 .glue_7        0x00007698        0x0 linker stubs
 *(.rodata .rodata* .gnu.linkonce.r.*)
 .rodata.__func__.13958
                0x00007698       0x10 src/ASF/common2/components/memory/sd_mmc/sd_mmc.o
 .rodata.__func__.13975
                0x000076a8        0xf src/ASF/common2/components/memory/sd_mmc/sd_mmc.o
 .rodata.__func__.14021
                0x000076b7        0x8 src/ASF/common2/components/memory/sd_mmc/sd_mmc.o
 .rodata.__func__.14069
                0x000076bf        0xd src/ASF/common2/components/memory/sd_mmc/sd_mmc.o
 .rodata.mmc_trans_multipliers
                0x000076cc       0x40 src/ASF/common2/components/memory/sd_mmc/sd_mmc.o
                0x000076cc                mmc_trans_multipliers
 .rodata.sd_mmc_check.str1.1
                0x0000770c      0x138 src/ASF/common2/components/memory/sd_mmc/sd_mmc.o
 .rodata.sd_mmc_cmd13.str1.1
                0x00007844       0x19 src/ASF/common2/components/memory/sd_mmc/sd_mmc.o
 *fill*         0x0000785d        0x3 
 .rodata.sd_mmc_trans_units
                0x00007860       0x1c src/ASF/common2/components/memory/sd_mmc/sd_mmc.o
                0x00007860                sd_mmc_trans_units
 .rodata.sd_trans_multipliers
                0x0000787c       0x40 src/ASF/common2/components/memory/sd_mmc/sd_mmc.o
                0x0000787c                sd_trans_multipliers
 .rodata        0x000078bc       0x10 src/ASF/sam0/drivers/sercom/sercom.o
 .rodata.CSWTCH.4
                0x000078cc        0x8 src/chanlib/diskio.o
 .rodata.disk_initialize.str1.1
                0x000078d4        0xb src/chanlib/diskio.o
 .rodata.ExCvt  0x000078df       0x80 src/chanlib/ff.o
 .rodata.check_fs.str1.1
                0x0000795f        0xa src/chanlib/ff.o
 .rodata.follow_path.str1.1
                0x00007969        0xf src/chanlib/ff.o
 .rodata.attnOp.str1.1
                0x00007978        0xc src/GLCD_hal/sim_gui.o
 .rodata.calScreen.str1.1
                0x00007984       0x16 src/GLCD_hal/sim_gui.o
 .rodata.drawBack.str1.1
                0x0000799a        0x9 src/GLCD_hal/sim_gui.o
 .rodata.drawHist.str1.1
                0x000079a3       0x2f src/GLCD_hal/sim_gui.o
 .rodata.drawKeypad.str1.1
                0x000079d2       0x18 src/GLCD_hal/sim_gui.o
 .rodata.drawRect.str1.1
                0x000079ea       0x12 src/GLCD_hal/sim_gui.o
                                 0x1a (size before relaxing)
 .rodata.drawRssi.str1.1
                0x000079fc       0x31 src/GLCD_hal/sim_gui.o
 .rodata.historyOp.str1.1
                0x00007a2d       0x78 src/GLCD_hal/sim_gui.o
 .rodata.printTime.str1.1
                0x00007aa5       0x1e src/GLCD_hal/sim_gui.o
 .rodata.rssiOp.str1.1
                0x00007ac3        0x5 src/GLCD_hal/sim_gui.o
 .rodata.saveHist.str1.1
                0x00007ac8       0x90 src/GLCD_hal/sim_gui.o
 .rodata.setDate.str1.1
                0x00007b58       0x16 src/GLCD_hal/sim_gui.o
 .rodata.setTime.str1.1
                0x00007b6e       0x24 src/GLCD_hal/sim_gui.o
 .rodata.settingOp.str1.1
                0x00007b92       0x4f src/GLCD_hal/sim_gui.o
 .rodata.main.str1.1
                0x00007be1       0x66 src/main.o
                                 0x67 (size before relaxing)
 .rodata._svfprintf_r.str1.1
                0x00007c47       0x11 c:/program files (x86)/atmel/studio/7.0/toolchain/arm/arm-gnu-toolchain/bin/../lib/gcc/arm-none-eabi/6.3.1/../../../../arm-none-eabi/lib/thumb/v6-m\libc_nano.a(lib_a-nano-svfprintf.o)
 .rodata._printf_i.str1.1
                0x00007c58       0x22 c:/program files (x86)/atmel/studio/7.0/toolchain/arm/arm-gnu-toolchain/bin/../lib/gcc/arm-none-eabi/6.3.1/../../../../arm-none-eabi/lib/thumb/v6-m\libc_nano.a(lib_a-nano-vfprintf_i.o)
 *(.ARM.extab* .gnu.linkonce.armextab.*)
                0x00007c7c                . = ALIGN (0x4)
 *fill*         0x00007c7a        0x2 
 *(.init)
 .init          0x00007c7c        0x4 c:/program files (x86)/atmel/studio/7.0/toolchain/arm/arm-gnu-toolchain/bin/../lib/gcc/arm-none-eabi/6.3.1/thumb/v6-m/crti.o
                0x00007c7c                _init
 .init          0x00007c80        0x8 c:/program files (x86)/atmel/studio/7.0/toolchain/arm/arm-gnu-toolchain/bin/../lib/gcc/arm-none-eabi/6.3.1/thumb/v6-m/crtn.o
                0x00007c88                . = ALIGN (0x4)
                0x00007c88                __preinit_array_start = .
 *(.preinit_array)
                0x00007c88                __preinit_array_end = .
                0x00007c88                . = ALIGN (0x4)
                0x00007c88                __init_array_start = .
 *(SORT(.init_array.*))
 *(.init_array)
 .init_array    0x00007c88        0x4 c:/program files (x86)/atmel/studio/7.0/toolchain/arm/arm-gnu-toolchain/bin/../lib/gcc/arm-none-eabi/6.3.1/thumb/v6-m/crtbegin.o
                0x00007c8c                __init_array_end = .
                0x00007c8c                . = ALIGN (0x4)
 *crtbegin.o(.ctors)
 *(EXCLUDE_FILE(*crtend.o) .ctors)
 *(SORT(.ctors.*))
 *crtend.o(.ctors)
                0x00007c8c                . = ALIGN (0x4)
 *(.fini)
 .fini          0x00007c8c        0x4 c:/program files (x86)/atmel/studio/7.0/toolchain/arm/arm-gnu-toolchain/bin/../lib/gcc/arm-none-eabi/6.3.1/thumb/v6-m/crti.o
                0x00007c8c                _fini
 .fini          0x00007c90        0x8 c:/program files (x86)/atmel/studio/7.0/toolchain/arm/arm-gnu-toolchain/bin/../lib/gcc/arm-none-eabi/6.3.1/thumb/v6-m/crtn.o
                0x00007c98                . = ALIGN (0x4)
                0x00007c98                __fini_array_start = .
 *(.fini_array)
 .fini_array    0x00007c98        0x4 c:/program files (x86)/atmel/studio/7.0/toolchain/arm/arm-gnu-toolchain/bin/../lib/gcc/arm-none-eabi/6.3.1/thumb/v6-m/crtbegin.o
 *(SORT(.fini_array.*))
                0x00007c9c                __fini_array_end = .
 *crtbegin.o(.dtors)
 *(EXCLUDE_FILE(*crtend.o) .dtors)
 *(SORT(.dtors.*))
 *crtend.o(.dtors)
                0x00007c9c                . = ALIGN (0x4)
                0x00007c9c                _efixed = .
                [!provide]                PROVIDE (__exidx_start, .)

.vfp11_veneer   0x00007c9c        0x0
 .vfp11_veneer  0x00007c9c        0x0 linker stubs

.v4_bx          0x00007c9c        0x0
 .v4_bx         0x00007c9c        0x0 linker stubs

.iplt           0x00007c9c        0x0
 .iplt          0x00007c9c        0x0 c:/program files (x86)/atmel/studio/7.0/toolchain/arm/arm-gnu-toolchain/bin/../lib/gcc/arm-none-eabi/6.3.1/thumb/v6-m/crtbegin.o

.eh_frame       0x00007c9c        0x0
 .eh_frame      0x00007c9c        0x0 c:/program files (x86)/atmel/studio/7.0/toolchain/arm/arm-gnu-toolchain/bin/../lib/gcc/arm-none-eabi/6.3.1/thumb/v6-m/crtbegin.o

.rel.dyn        0x00007c9c        0x0
 .rel.iplt      0x00007c9c        0x0 c:/program files (x86)/atmel/studio/7.0/toolchain/arm/arm-gnu-toolchain/bin/../lib/gcc/arm-none-eabi/6.3.1/thumb/v6-m/crtbegin.o

.jcr            0x00007c9c        0x0
 .jcr           0x00007c9c        0x0 c:/program files (x86)/atmel/studio/7.0/toolchain/arm/arm-gnu-toolchain/bin/../lib/gcc/arm-none-eabi/6.3.1/thumb/v6-m/crtbegin.o

.igot.plt       0x00007c9c        0x0
 .igot.plt      0x00007c9c        0x0 c:/program files (x86)/atmel/studio/7.0/toolchain/arm/arm-gnu-toolchain/bin/../lib/gcc/arm-none-eabi/6.3.1/thumb/v6-m/crtbegin.o

.ARM.exidx
 *(.ARM.exidx* .gnu.linkonce.armexidx.*)
                [!provide]                PROVIDE (__exidx_end, .)
                0x00007c9c                . = ALIGN (0x4)
                0x00007c9c                _etext = .

.relocate       0x20000000       0x9c load address 0x00007c9c
                0x20000000                . = ALIGN (0x4)
                0x20000000                _srelocate = .
 *(.ramfunc .ramfunc.*)
 *(.data .data.*)
 .data.sd_mmc_cards
                0x20000000       0x28 src/ASF/common2/components/memory/sd_mmc/sd_mmc.o
 .data.alert    0x20000028        0x1 src/GLCD_hal/sim_gui.o
                0x20000028                alert
 .data.font     0x20000029        0x1 src/GLCD_hal/sim_gui.o
                0x20000029                font
 .data.lcd_int_flags
                0x2000002a        0x1 src/GLCD_hal/sim_system_glcd_software.o
 *fill*         0x2000002b        0x1 
 .data.cycles_per_ms
                0x2000002c        0x4 src/ASF/common2/services/delay/sam0/systick_counter.o
 .data.cycles_per_us
                0x20000030        0x4 src/ASF/common2/services/delay/sam0/systick_counter.o
 .data.ss_pins  0x20000034        0x1 src/ASF/common2/components/memory/sd_mmc/sd_mmc_spi.o
                0x20000034                ss_pins
 .data.g_interrupt_enabled
                0x20000035        0x1 src/ASF/common/utils/interrupt/interrupt_sam_nvic.o
                0x20000035                g_interrupt_enabled
 *fill*         0x20000036        0x2 
 .data._impure_ptr
                0x20000038        0x4 c:/program files (x86)/atmel/studio/7.0/toolchain/arm/arm-gnu-toolchain/bin/../lib/gcc/arm-none-eabi/6.3.1/../../../../arm-none-eabi/lib/thumb/v6-m\libc_nano.a(lib_a-impure.o)
                0x20000038                _impure_ptr
 .data.impure_data
                0x2000003c       0x60 c:/program files (x86)/atmel/studio/7.0/toolchain/arm/arm-gnu-toolchain/bin/../lib/gcc/arm-none-eabi/6.3.1/../../../../arm-none-eabi/lib/thumb/v6-m\libc_nano.a(lib_a-impure.o)
                0x2000009c                . = ALIGN (0x4)
                0x2000009c                _erelocate = .

.bss            0x2000009c      0x6e0 load address 0x00007d38
                0x2000009c                . = ALIGN (0x4)
                0x2000009c                _sbss = .
                0x2000009c                _szero = .
 *(.bss .bss.*)
 .bss           0x2000009c       0x1c c:/program files (x86)/atmel/studio/7.0/toolchain/arm/arm-gnu-toolchain/bin/../lib/gcc/arm-none-eabi/6.3.1/thumb/v6-m/crtbegin.o
 .bss.sd_mmc_card
                0x200000b8        0x4 src/ASF/common2/components/memory/sd_mmc/sd_mmc.o
 .bss.sd_mmc_nb_block_remaining
                0x200000bc        0x2 src/ASF/common2/components/memory/sd_mmc/sd_mmc.o
 .bss.sd_mmc_nb_block_to_tranfer
                0x200000be        0x2 src/ASF/common2/components/memory/sd_mmc/sd_mmc.o
 .bss.sd_mmc_sam_systick_used
                0x200000c0        0x1 src/ASF/common2/components/memory/sd_mmc/sd_mmc.o
 .bss.sd_mmc_slot_sel
                0x200000c1        0x1 src/ASF/common2/components/memory/sd_mmc/sd_mmc.o
 .bss._sercom_config
                0x200000c2        0x2 src/ASF/sam0/drivers/sercom/sercom.o
 .bss._handler_table_initialized
                0x200000c4        0x1 src/ASF/sam0/drivers/sercom/sercom_interrupt.o
 *fill*         0x200000c5        0x3 
 .bss._sercom_interrupt_handlers
                0x200000c8       0x10 src/ASF/sam0/drivers/sercom/sercom_interrupt.o
 .bss.FatFs     0x200000d8        0x4 src/chanlib/ff.o
 .bss.Fsid      0x200000dc        0x2 src/chanlib/ff.o
 *fill*         0x200000de        0x2 
 .bss.uartfiber_inst
                0x200000e0       0x34 src/firmware/uart_fiber.o
 .bss.uartib_inst
                0x20000114       0x34 src/firmware/uart_ib.o
 .bss.attenuation.14627
                0x20000148        0x6 src/GLCD_hal/sim_gui.o
 *fill*         0x2000014e        0x2 
 .bss.attnEnd   0x20000150        0x4 src/GLCD_hal/sim_gui.o
                0x20000150                attnEnd
 .bss.attnStart
                0x20000154        0x4 src/GLCD_hal/sim_gui.o
                0x20000154                attnStart
 .bss.histEnd   0x20000158        0x4 src/GLCD_hal/sim_gui.o
                0x20000158                histEnd
 .bss.histStart
                0x2000015c        0x4 src/GLCD_hal/sim_gui.o
                0x2000015c                histStart
 .bss.rssiEnd   0x20000160        0x4 src/GLCD_hal/sim_gui.o
                0x20000160                rssiEnd
 .bss.rssiStart
                0x20000164        0x4 src/GLCD_hal/sim_gui.o
                0x20000164                rssiStart
 .bss.sound     0x20000168        0x1 src/GLCD_hal/sim_gui.o
                0x20000168                sound
 .bss.tag       0x20000169        0x1 src/GLCD_hal/sim_gui.o
                0x20000169                tag
 .bss.tempTag   0x2000016a        0x1 src/GLCD_hal/sim_gui.o
                0x2000016a                tempTag
 .bss.lcd_init_complete
                0x2000016b        0x1 src/GLCD_hal/sim_system_glcd_firmware.o
                0x2000016b                lcd_init_complete
 .bss.lcd_firmware_phost
                0x2000016c        0x4 src/GLCD_hal/sim_system_glcd_software.o
 .bss.ramg_buff_wp
                0x20000170        0x4 src/GLCD_hal/sim_system_glcd_software.o
 .bss.x_coord.13823
                0x20000174        0x2 src/GLCD_hal/sim_system_glcd_software.o
 .bss.y_coord.13824
                0x20000176        0x2 src/GLCD_hal/sim_system_glcd_software.o
 .bss.sd_mmc_master
                0x20000178        0xc src/ASF/common2/components/memory/sd_mmc/sd_mmc_spi.o
 .bss.sd_mmc_spi_block_size
                0x20000184        0x2 src/ASF/common2/components/memory/sd_mmc/sd_mmc_spi.o
 .bss.sd_mmc_spi_devices
                0x20000186        0x3 src/ASF/common2/components/memory/sd_mmc/sd_mmc_spi.o
 .bss.sd_mmc_spi_err
                0x20000189        0x1 src/ASF/common2/components/memory/sd_mmc/sd_mmc_spi.o
 .bss.sd_mmc_spi_nb_block
                0x2000018a        0x2 src/ASF/common2/components/memory/sd_mmc/sd_mmc_spi.o
 .bss.sd_mmc_spi_response_32
                0x2000018c        0x4 src/ASF/common2/components/memory/sd_mmc/sd_mmc_spi.o
 .bss.sd_mmc_spi_transfert_pos
                0x20000190        0x4 src/ASF/common2/components/memory/sd_mmc/sd_mmc_spi.o
 .bss.slave_configs
                0x20000194        0x3 src/ASF/common2/components/memory/sd_mmc/sd_mmc_spi.o
 *fill*         0x20000197        0x1 
 .bss.cpu_irq_critical_section_counter
                0x20000198        0x4 src/ASF/common/utils/interrupt/interrupt_sam_nvic.o
 .bss.cpu_irq_prev_interrupt_state
                0x2000019c        0x1 src/ASF/common/utils/interrupt/interrupt_sam_nvic.o
 *fill*         0x2000019d        0x3 
 .bss._system_clock_inst
                0x200001a0       0x18 src/ASF/sam0/drivers/system/clock/clock_samd21_r21_da_ha1/clock.o
 .bss.heap.5296
                0x200001b8        0x4 src/ASF/sam0/utils/syscalls/gcc/syscalls.o
 .bss.__malloc_free_list
                0x200001bc        0x4 c:/program files (x86)/atmel/studio/7.0/toolchain/arm/arm-gnu-toolchain/bin/../lib/gcc/arm-none-eabi/6.3.1/../../../../arm-none-eabi/lib/thumb/v6-m\libc_nano.a(lib_a-nano-mallocr.o)
                0x200001bc                __malloc_free_list
 .bss.__malloc_sbrk_start
                0x200001c0        0x4 c:/program files (x86)/atmel/studio/7.0/toolchain/arm/arm-gnu-toolchain/bin/../lib/gcc/arm-none-eabi/6.3.1/../../../../arm-none-eabi/lib/thumb/v6-m\libc_nano.a(lib_a-nano-mallocr.o)
                0x200001c0                __malloc_sbrk_start
 *(COMMON)
 COMMON         0x200001c4        0x1 src/ASF/sam0/drivers/extint/extint_callback.o
                0x200001c4                _current_channel
 *fill*         0x200001c5        0x3 
 COMMON         0x200001c8       0x40 src/ASF/sam0/drivers/extint/extint_sam_d_r_h/extint.o
                0x200001c8                _extint_dev
 COMMON         0x20000208        0x4 src/ASF/sam0/drivers/rtc/rtc_sam_d_r_h/rtc_calendar.o
                0x20000208                _rtc_instance
 COMMON         0x2000020c       0x10 src/ASF/sam0/drivers/sercom/sercom_interrupt.o
                0x2000020c                _sercom_instances
 COMMON         0x2000021c      0x54c src/GLCD_hal/sim_gui.o
                0x2000021c                rtc_instance
                0x20000224                host
                0x2000023c                fatFs
                0x2000046c                history
                0x20000534                time
                0x2000053c                phost
                0x20000540                fil
 COMMON         0x20000768       0x10 src/GLCD_hal/sim_system_glcd_firmware.o
                0x20000768                lcd_slave
                0x2000076c                lcd_master
 COMMON         0x20000778        0x4 c:/program files (x86)/atmel/studio/7.0/toolchain/arm/arm-gnu-toolchain/bin/../lib/gcc/arm-none-eabi/6.3.1/../../../../arm-none-eabi/lib/thumb/v6-m\libc_nano.a(lib_a-reent.o)
                0x20000778                errno
                0x2000077c                . = ALIGN (0x4)
                0x2000077c                _ebss = .
                0x2000077c                _ezero = .

.stack          0x2000077c     0x2004 load address 0x00008418
                0x20000780                . = ALIGN (0x8)
 *fill*         0x2000077c        0x4 
                0x20000780                _sstack = .
                0x20002780                . = (. + STACK_SIZE)
 *fill*         0x20000780     0x2000 
                0x20002780                . = ALIGN (0x8)
                0x20002780                _estack = .
                0x20002780                . = ALIGN (0x4)
                0x20002780                _end = .
OUTPUT(display_pcb_code_v1.elf elf32-littlearm)

.ARM.attributes
                0x00000000       0x28
 .ARM.attributes
                0x00000000       0x1e c:/program files (x86)/atmel/studio/7.0/toolchain/arm/arm-gnu-toolchain/bin/../lib/gcc/arm-none-eabi/6.3.1/thumb/v6-m/crti.o
 .ARM.attributes
                0x0000001e       0x2c c:/program files (x86)/atmel/studio/7.0/toolchain/arm/arm-gnu-toolchain/bin/../lib/gcc/arm-none-eabi/6.3.1/thumb/v6-m/crtbegin.o
 .ARM.attributes
                0x0000004a       0x32 src/ASF/common2/components/memory/sd_mmc/sd_mmc.o
 .ARM.attributes
                0x0000007c       0x32 src/ASF/sam0/drivers/extint/extint_callback.o
 .ARM.attributes
                0x000000ae       0x32 src/ASF/sam0/drivers/extint/extint_sam_d_r_h/extint.o
 .ARM.attributes
                0x000000e0       0x32 src/ASF/sam0/drivers/rtc/rtc_sam_d_r_h/rtc_calendar.o
 .ARM.attributes
                0x00000112       0x32 src/ASF/sam0/drivers/sercom/sercom.o
 .ARM.attributes
                0x00000144       0x32 src/ASF/sam0/drivers/sercom/sercom_interrupt.o
 .ARM.attributes
                0x00000176       0x32 src/ASF/sam0/drivers/sercom/usart/usart.o
 .ARM.attributes
                0x000001a8       0x32 src/ASF/sam0/drivers/sercom/usart/usart_interrupt.o
 .ARM.attributes
                0x000001da       0x32 src/chanlib/diskio.o
 .ARM.attributes
                0x0000020c       0x32 src/chanlib/ff.o
 .ARM.attributes
                0x0000023e       0x32 src/firmware/uart_fiber.o
 .ARM.attributes
                0x00000270       0x32 src/firmware/uart_ib.o
 .ARM.attributes
                0x000002a2       0x32 src/GLCD_hal/FT_CoPro_Cmds.o
 .ARM.attributes
                0x000002d4       0x32 src/GLCD_hal/FT_Gpu_Hal.o
 .ARM.attributes
                0x00000306       0x32 src/GLCD_hal/sim_gui.o
 .ARM.attributes
                0x00000338       0x32 src/GLCD_hal/sim_system_glcd_firmware.o
 .ARM.attributes
                0x0000036a       0x32 src/GLCD_hal/sim_system_glcd_software.o
 .ARM.attributes
                0x0000039c       0x32 src/ASF/sam0/drivers/sercom/spi/spi.o
 .ARM.attributes
                0x000003ce       0x32 src/ASF/common2/services/delay/sam0/systick_counter.o
 .ARM.attributes
                0x00000400       0x32 src/ASF/common2/components/memory/sd_mmc/sd_mmc_spi.o
 .ARM.attributes
                0x00000432       0x32 src/ASF/sam0/drivers/port/port.o
 .ARM.attributes
                0x00000464       0x32 src/ASF/common2/boards/user_board/init.o
 .ARM.attributes
                0x00000496       0x32 src/ASF/common/utils/interrupt/interrupt_sam_nvic.o
 .ARM.attributes
                0x000004c8       0x32 src/ASF/sam0/drivers/system/clock/clock_samd21_r21_da_ha1/clock.o
 .ARM.attributes
                0x000004fa       0x32 src/ASF/sam0/drivers/system/clock/clock_samd21_r21_da_ha1/gclk.o
 .ARM.attributes
                0x0000052c       0x32 src/ASF/sam0/drivers/system/pinmux/pinmux.o
 .ARM.attributes
                0x0000055e       0x32 src/ASF/sam0/drivers/system/system.o
 .ARM.attributes
                0x00000590       0x32 src/ASF/sam0/utils/cmsis/samd21/source/gcc/startup_samd21.o
 .ARM.attributes
                0x000005c2       0x32 src/ASF/sam0/utils/syscalls/gcc/syscalls.o
 .ARM.attributes
                0x000005f4       0x32 src/main.o
 .ARM.attributes
                0x00000626       0x1e c:/program files (x86)/atmel/studio/7.0/toolchain/arm/arm-gnu-toolchain/bin/../lib/gcc/arm-none-eabi/6.3.1/thumb/v6-m\libgcc.a(_thumb1_case_uqi.o)
 .ARM.attributes
                0x00000644       0x1e c:/program files (x86)/atmel/studio/7.0/toolchain/arm/arm-gnu-toolchain/bin/../lib/gcc/arm-none-eabi/6.3.1/thumb/v6-m\libgcc.a(_udivsi3.o)
 .ARM.attributes
                0x00000662       0x1e c:/program files (x86)/atmel/studio/7.0/toolchain/arm/arm-gnu-toolchain/bin/../lib/gcc/arm-none-eabi/6.3.1/thumb/v6-m\libgcc.a(_dvmd_tls.o)
 .ARM.attributes
                0x00000680       0x1e c:/program files (x86)/atmel/studio/7.0/toolchain/arm/arm-gnu-toolchain/bin/../lib/gcc/arm-none-eabi/6.3.1/thumb/v6-m\libgcc.a(_ashldi3.o)
 .ARM.attributes
                0x0000069e       0x1e c:/program files (x86)/atmel/studio/7.0/toolchain/arm/arm-gnu-toolchain/bin/../lib/gcc/arm-none-eabi/6.3.1/thumb/v6-m\libgcc.a(_arm_cmpdf2.o)
 .ARM.attributes
                0x000006bc       0x2c c:/program files (x86)/atmel/studio/7.0/toolchain/arm/arm-gnu-toolchain/bin/../lib/gcc/arm-none-eabi/6.3.1/thumb/v6-m\libgcc.a(_muldi3.o)
 .ARM.attributes
                0x000006e8       0x2c c:/program files (x86)/atmel/studio/7.0/toolchain/arm/arm-gnu-toolchain/bin/../lib/gcc/arm-none-eabi/6.3.1/thumb/v6-m\libgcc.a(eqdf2.o)
 .ARM.attributes
                0x00000714       0x2c c:/program files (x86)/atmel/studio/7.0/toolchain/arm/arm-gnu-toolchain/bin/../lib/gcc/arm-none-eabi/6.3.1/thumb/v6-m\libgcc.a(gedf2.o)
 .ARM.attributes
                0x00000740       0x2c c:/program files (x86)/atmel/studio/7.0/toolchain/arm/arm-gnu-toolchain/bin/../lib/gcc/arm-none-eabi/6.3.1/thumb/v6-m\libgcc.a(ledf2.o)
 .ARM.attributes
                0x0000076c       0x2c c:/program files (x86)/atmel/studio/7.0/toolchain/arm/arm-gnu-toolchain/bin/../lib/gcc/arm-none-eabi/6.3.1/../../../../arm-none-eabi/lib/thumb/v6-m\libc_nano.a(lib_a-impure.o)
 .ARM.attributes
                0x00000798       0x2c c:/program files (x86)/atmel/studio/7.0/toolchain/arm/arm-gnu-toolchain/bin/../lib/gcc/arm-none-eabi/6.3.1/../../../../arm-none-eabi/lib/thumb/v6-m\libc_nano.a(lib_a-init.o)
 .ARM.attributes
                0x000007c4       0x2c c:/program files (x86)/atmel/studio/7.0/toolchain/arm/arm-gnu-toolchain/bin/../lib/gcc/arm-none-eabi/6.3.1/../../../../arm-none-eabi/lib/thumb/v6-m\libc_nano.a(lib_a-memset.o)
 .ARM.attributes
                0x000007f0       0x2c c:/program files (x86)/atmel/studio/7.0/toolchain/arm/arm-gnu-toolchain/bin/../lib/gcc/arm-none-eabi/6.3.1/../../../../arm-none-eabi/lib/thumb/v6-m\libc_nano.a(lib_a-snprintf.o)
 .ARM.attributes
                0x0000081c       0x1c c:/program files (x86)/atmel/studio/7.0/toolchain/arm/arm-gnu-toolchain/bin/../lib/gcc/arm-none-eabi/6.3.1/../../../../arm-none-eabi/lib/thumb/v6-m\libc_nano.a(lib_a-strlen.o)
 .ARM.attributes
                0x00000838       0x2c c:/program files (x86)/atmel/studio/7.0/toolchain/arm/arm-gnu-toolchain/bin/../lib/gcc/arm-none-eabi/6.3.1/../../../../arm-none-eabi/lib/thumb/v6-m\libc_nano.a(lib_a-vsnprintf.o)
 .ARM.attributes
                0x00000864       0x2c c:/program files (x86)/atmel/studio/7.0/toolchain/arm/arm-gnu-toolchain/bin/../lib/gcc/arm-none-eabi/6.3.1/../../../../arm-none-eabi/lib/thumb/v6-m\libc_nano.a(lib_a-nano-svfprintf.o)
 .ARM.attributes
                0x00000890       0x2c c:/program files (x86)/atmel/studio/7.0/toolchain/arm/arm-gnu-toolchain/bin/../lib/gcc/arm-none-eabi/6.3.1/../../../../arm-none-eabi/lib/thumb/v6-m\libc_nano.a(lib_a-nano-vfprintf_i.o)
 .ARM.attributes
                0x000008bc       0x2c c:/program files (x86)/atmel/studio/7.0/toolchain/arm/arm-gnu-toolchain/bin/../lib/gcc/arm-none-eabi/6.3.1/../../../../arm-none-eabi/lib/thumb/v6-m\libc_nano.a(lib_a-memchr-stub.o)
 .ARM.attributes
                0x000008e8       0x2c c:/program files (x86)/atmel/studio/7.0/toolchain/arm/arm-gnu-toolchain/bin/../lib/gcc/arm-none-eabi/6.3.1/../../../../arm-none-eabi/lib/thumb/v6-m\libc_nano.a(lib_a-memcpy-stub.o)
 .ARM.attributes
                0x00000914       0x2c c:/program files (x86)/atmel/studio/7.0/toolchain/arm/arm-gnu-toolchain/bin/../lib/gcc/arm-none-eabi/6.3.1/../../../../arm-none-eabi/lib/thumb/v6-m\libc_nano.a(lib_a-memmove.o)
 .ARM.attributes
                0x00000940       0x2c c:/program files (x86)/atmel/studio/7.0/toolchain/arm/arm-gnu-toolchain/bin/../lib/gcc/arm-none-eabi/6.3.1/../../../../arm-none-eabi/lib/thumb/v6-m\libc_nano.a(lib_a-nano-freer.o)
 .ARM.attributes
                0x0000096c       0x2c c:/program files (x86)/atmel/studio/7.0/toolchain/arm/arm-gnu-toolchain/bin/../lib/gcc/arm-none-eabi/6.3.1/../../../../arm-none-eabi/lib/thumb/v6-m\libc_nano.a(lib_a-nano-mallocr.o)
 .ARM.attributes
                0x00000998       0x2c c:/program files (x86)/atmel/studio/7.0/toolchain/arm/arm-gnu-toolchain/bin/../lib/gcc/arm-none-eabi/6.3.1/../../../../arm-none-eabi/lib/thumb/v6-m\libc_nano.a(lib_a-nano-reallocr.o)
 .ARM.attributes
                0x000009c4       0x2c c:/program files (x86)/atmel/studio/7.0/toolchain/arm/arm-gnu-toolchain/bin/../lib/gcc/arm-none-eabi/6.3.1/../../../../arm-none-eabi/lib/thumb/v6-m\libc_nano.a(lib_a-sbrkr.o)
 .ARM.attributes
                0x000009f0       0x2c c:/program files (x86)/atmel/studio/7.0/toolchain/arm/arm-gnu-toolchain/bin/../lib/gcc/arm-none-eabi/6.3.1/../../../../arm-none-eabi/lib/thumb/v6-m\libc_nano.a(lib_a-mlock.o)
 .ARM.attributes
                0x00000a1c       0x2c c:/program files (x86)/atmel/studio/7.0/toolchain/arm/arm-gnu-toolchain/bin/../lib/gcc/arm-none-eabi/6.3.1/../../../../arm-none-eabi/lib/thumb/v6-m\libc_nano.a(lib_a-nano-msizer.o)
 .ARM.attributes
                0x00000a48       0x2c c:/program files (x86)/atmel/studio/7.0/toolchain/arm/arm-gnu-toolchain/bin/../lib/gcc/arm-none-eabi/6.3.1/../../../../arm-none-eabi/lib/thumb/v6-m\libc_nano.a(lib_a-reent.o)
 .ARM.attributes
                0x00000a74       0x1e c:/program files (x86)/atmel/studio/7.0/toolchain/arm/arm-gnu-toolchain/bin/../lib/gcc/arm-none-eabi/6.3.1/thumb/v6-m/crtn.o

.comment        0x00000000       0x59
 .comment       0x00000000       0x59 src/ASF/common2/components/memory/sd_mmc/sd_mmc.o
                                 0x5a (size before relaxing)
 .comment       0x00000059       0x5a src/ASF/sam0/drivers/extint/extint_callback.o
 .comment       0x00000059       0x5a src/ASF/sam0/drivers/extint/extint_sam_d_r_h/extint.o
 .comment       0x00000059       0x5a src/ASF/sam0/drivers/rtc/rtc_sam_d_r_h/rtc_calendar.o
 .comment       0x00000059       0x5a src/ASF/sam0/drivers/sercom/sercom.o
 .comment       0x00000059       0x5a src/ASF/sam0/drivers/sercom/sercom_interrupt.o
 .comment       0x00000059       0x5a src/ASF/sam0/drivers/sercom/usart/usart.o
 .comment       0x00000059       0x5a src/ASF/sam0/drivers/sercom/usart/usart_interrupt.o
 .comment       0x00000059       0x5a src/chanlib/diskio.o
 .comment       0x00000059       0x5a src/chanlib/ff.o
 .comment       0x00000059       0x5a src/firmware/uart_fiber.o
 .comment       0x00000059       0x5a src/firmware/uart_ib.o
 .comment       0x00000059       0x5a src/GLCD_hal/FT_CoPro_Cmds.o
 .comment       0x00000059       0x5a src/GLCD_hal/FT_Gpu_Hal.o
 .comment       0x00000059       0x5a src/GLCD_hal/sim_gui.o
 .comment       0x00000059       0x5a src/GLCD_hal/sim_system_glcd_firmware.o
 .comment       0x00000059       0x5a src/GLCD_hal/sim_system_glcd_software.o
 .comment       0x00000059       0x5a src/ASF/sam0/drivers/sercom/spi/spi.o
 .comment       0x00000059       0x5a src/ASF/common2/services/delay/sam0/systick_counter.o
 .comment       0x00000059       0x5a src/ASF/common2/components/memory/sd_mmc/sd_mmc_spi.o
 .comment       0x00000059       0x5a src/ASF/sam0/drivers/port/port.o
 .comment       0x00000059       0x5a src/ASF/common2/boards/user_board/init.o
 .comment       0x00000059       0x5a src/ASF/common/utils/interrupt/interrupt_sam_nvic.o
 .comment       0x00000059       0x5a src/ASF/sam0/drivers/system/clock/clock_samd21_r21_da_ha1/clock.o
 .comment       0x00000059       0x5a src/ASF/sam0/drivers/system/clock/clock_samd21_r21_da_ha1/gclk.o
 .comment       0x00000059       0x5a src/ASF/sam0/drivers/system/pinmux/pinmux.o
 .comment       0x00000059       0x5a src/ASF/sam0/drivers/system/system.o
 .comment       0x00000059       0x5a src/ASF/sam0/utils/cmsis/samd21/source/gcc/startup_samd21.o
 .comment       0x00000059       0x5a src/ASF/sam0/utils/syscalls/gcc/syscalls.o
 .comment       0x00000059       0x5a src/main.o

.debug_frame    0x00000000      0x464
 .debug_frame   0x00000000       0x20 c:/program files (x86)/atmel/studio/7.0/toolchain/arm/arm-gnu-toolchain/bin/../lib/gcc/arm-none-eabi/6.3.1/thumb/v6-m\libgcc.a(_udivsi3.o)
 .debug_frame   0x00000020       0x34 c:/program files (x86)/atmel/studio/7.0/toolchain/arm/arm-gnu-toolchain/bin/../lib/gcc/arm-none-eabi/6.3.1/thumb/v6-m\libgcc.a(_muldi3.o)
 .debug_frame   0x00000054       0x38 c:/program files (x86)/atmel/studio/7.0/toolchain/arm/arm-gnu-toolchain/bin/../lib/gcc/arm-none-eabi/6.3.1/thumb/v6-m\libgcc.a(eqdf2.o)
 .debug_frame   0x0000008c       0x38 c:/program files (x86)/atmel/studio/7.0/toolchain/arm/arm-gnu-toolchain/bin/../lib/gcc/arm-none-eabi/6.3.1/thumb/v6-m\libgcc.a(gedf2.o)
 .debug_frame   0x000000c4       0x38 c:/program files (x86)/atmel/studio/7.0/toolchain/arm/arm-gnu-toolchain/bin/../lib/gcc/arm-none-eabi/6.3.1/thumb/v6-m\libgcc.a(ledf2.o)
 .debug_frame   0x000000fc       0x2c c:/program files (x86)/atmel/studio/7.0/toolchain/arm/arm-gnu-toolchain/bin/../lib/gcc/arm-none-eabi/6.3.1/../../../../arm-none-eabi/lib/thumb/v6-m\libc_nano.a(lib_a-init.o)
 .debug_frame   0x00000128       0x20 c:/program files (x86)/atmel/studio/7.0/toolchain/arm/arm-gnu-toolchain/bin/../lib/gcc/arm-none-eabi/6.3.1/../../../../arm-none-eabi/lib/thumb/v6-m\libc_nano.a(lib_a-memset.o)
 .debug_frame   0x00000148       0x50 c:/program files (x86)/atmel/studio/7.0/toolchain/arm/arm-gnu-toolchain/bin/../lib/gcc/arm-none-eabi/6.3.1/../../../../arm-none-eabi/lib/thumb/v6-m\libc_nano.a(lib_a-snprintf.o)
 .debug_frame   0x00000198       0x48 c:/program files (x86)/atmel/studio/7.0/toolchain/arm/arm-gnu-toolchain/bin/../lib/gcc/arm-none-eabi/6.3.1/../../../../arm-none-eabi/lib/thumb/v6-m\libc_nano.a(lib_a-vsnprintf.o)
 .debug_frame   0x000001e0       0x74 c:/program files (x86)/atmel/studio/7.0/toolchain/arm/arm-gnu-toolchain/bin/../lib/gcc/arm-none-eabi/6.3.1/../../../../arm-none-eabi/lib/thumb/v6-m\libc_nano.a(lib_a-nano-svfprintf.o)
 .debug_frame   0x00000254       0x54 c:/program files (x86)/atmel/studio/7.0/toolchain/arm/arm-gnu-toolchain/bin/../lib/gcc/arm-none-eabi/6.3.1/../../../../arm-none-eabi/lib/thumb/v6-m\libc_nano.a(lib_a-nano-vfprintf_i.o)
 .debug_frame   0x000002a8       0x20 c:/program files (x86)/atmel/studio/7.0/toolchain/arm/arm-gnu-toolchain/bin/../lib/gcc/arm-none-eabi/6.3.1/../../../../arm-none-eabi/lib/thumb/v6-m\libc_nano.a(lib_a-memchr-stub.o)
 .debug_frame   0x000002c8       0x28 c:/program files (x86)/atmel/studio/7.0/toolchain/arm/arm-gnu-toolchain/bin/../lib/gcc/arm-none-eabi/6.3.1/../../../../arm-none-eabi/lib/thumb/v6-m\libc_nano.a(lib_a-memcpy-stub.o)
 .debug_frame   0x000002f0       0x28 c:/program files (x86)/atmel/studio/7.0/toolchain/arm/arm-gnu-toolchain/bin/../lib/gcc/arm-none-eabi/6.3.1/../../../../arm-none-eabi/lib/thumb/v6-m\libc_nano.a(lib_a-memmove.o)
 .debug_frame   0x00000318       0x2c c:/program files (x86)/atmel/studio/7.0/toolchain/arm/arm-gnu-toolchain/bin/../lib/gcc/arm-none-eabi/6.3.1/../../../../arm-none-eabi/lib/thumb/v6-m\libc_nano.a(lib_a-nano-freer.o)
 .debug_frame   0x00000344       0x2c c:/program files (x86)/atmel/studio/7.0/toolchain/arm/arm-gnu-toolchain/bin/../lib/gcc/arm-none-eabi/6.3.1/../../../../arm-none-eabi/lib/thumb/v6-m\libc_nano.a(lib_a-nano-mallocr.o)
 .debug_frame   0x00000370       0x30 c:/program files (x86)/atmel/studio/7.0/toolchain/arm/arm-gnu-toolchain/bin/../lib/gcc/arm-none-eabi/6.3.1/../../../../arm-none-eabi/lib/thumb/v6-m\libc_nano.a(lib_a-nano-reallocr.o)
 .debug_frame   0x000003a0       0x2c c:/program files (x86)/atmel/studio/7.0/toolchain/arm/arm-gnu-toolchain/bin/../lib/gcc/arm-none-eabi/6.3.1/../../../../arm-none-eabi/lib/thumb/v6-m\libc_nano.a(lib_a-sbrkr.o)
 .debug_frame   0x000003cc       0x30 c:/program files (x86)/atmel/studio/7.0/toolchain/arm/arm-gnu-toolchain/bin/../lib/gcc/arm-none-eabi/6.3.1/../../../../arm-none-eabi/lib/thumb/v6-m\libc_nano.a(lib_a-mlock.o)
 .debug_frame   0x000003fc       0x20 c:/program files (x86)/atmel/studio/7.0/toolchain/arm/arm-gnu-toolchain/bin/../lib/gcc/arm-none-eabi/6.3.1/../../../../arm-none-eabi/lib/thumb/v6-m\libc_nano.a(lib_a-nano-msizer.o)
 .debug_frame   0x0000041c       0x48 c:/program files (x86)/atmel/studio/7.0/toolchain/arm/arm-gnu-toolchain/bin/../lib/gcc/arm-none-eabi/6.3.1/../../../../arm-none-eabi/lib/thumb/v6-m\libc_nano.a(lib_a-reent.o)

Cross Reference Table

Symbol                                            File
AC_Handler                                        src/ASF/sam0/utils/cmsis/samd21/source/gcc/startup_samd21.o
ADC_Handler                                       src/ASF/sam0/utils/cmsis/samd21/source/gcc/startup_samd21.o
DAC_Handler                                       src/ASF/sam0/utils/cmsis/samd21/source/gcc/startup_samd21.o
DMAC_Handler                                      src/ASF/sam0/utils/cmsis/samd21/source/gcc/startup_samd21.o
Dummy_Handler                                     src/ASF/sam0/utils/cmsis/samd21/source/gcc/startup_samd21.o
EIC_Handler                                       src/ASF/sam0/drivers/extint/extint_callback.o
EVSYS_Handler                                     src/ASF/sam0/utils/cmsis/samd21/source/gcc/startup_samd21.o
Ft_Esd_Noop                                       src/GLCD_hal/Ft_Esd.o
Ft_Fifo_GetFreeSpace                              src/GLCD_hal/FT_Gpu_Hal.o
Ft_Fifo_Init                                      src/GLCD_hal/FT_Gpu_Hal.o
Ft_Fifo_Update                                    src/GLCD_hal/FT_Gpu_Hal.o
Ft_Fifo_Write                                     src/GLCD_hal/FT_Gpu_Hal.o
Ft_Fifo_Write32                                   src/GLCD_hal/FT_Gpu_Hal.o
Ft_Fifo_WriteWait                                 src/GLCD_hal/FT_Gpu_Hal.o
Ft_GPU_81X_PadDriveStrength                       src/GLCD_hal/FT_Gpu_Hal.o
Ft_GPU_81X_PowerOffComponents                     src/GLCD_hal/FT_Gpu_Hal.o
Ft_Gpu_81X_ResetActive                            src/GLCD_hal/FT_Gpu_Hal.o
Ft_Gpu_81X_ResetRemoval                           src/GLCD_hal/FT_Gpu_Hal.o
Ft_Gpu_81X_SelectSysCLK                           src/GLCD_hal/FT_Gpu_Hal.o
Ft_Gpu_ClockSelect                                src/GLCD_hal/FT_Gpu_Hal.o
Ft_Gpu_ClockTrimming                              src/GLCD_hal/FT_Gpu_Hal.o
Ft_Gpu_Cmdfifo_Freespace                          src/GLCD_hal/FT_Gpu_Hal.o
Ft_Gpu_CoCmd_Append                               src/GLCD_hal/FT_CoPro_Cmds.o
                                                  src/GLCD_hal/sim_system_glcd_software.o
                                                  src/GLCD_hal/sim_gui.o
Ft_Gpu_CoCmd_BgColor                              src/GLCD_hal/FT_CoPro_Cmds.o
Ft_Gpu_CoCmd_BitmapTransform                      src/GLCD_hal/FT_CoPro_Cmds.o
Ft_Gpu_CoCmd_Button                               src/GLCD_hal/FT_CoPro_Cmds.o
                                                  src/main.o
                                                  src/GLCD_hal/sim_gui.o
Ft_Gpu_CoCmd_Calibrate                            src/GLCD_hal/FT_CoPro_Cmds.o
                                                  src/GLCD_hal/sim_gui.o
Ft_Gpu_CoCmd_Clock                                src/GLCD_hal/FT_CoPro_Cmds.o
Ft_Gpu_CoCmd_ColdStart                            src/GLCD_hal/FT_CoPro_Cmds.o
Ft_Gpu_CoCmd_Dial                                 src/GLCD_hal/FT_CoPro_Cmds.o
Ft_Gpu_CoCmd_Dlstart                              src/GLCD_hal/FT_CoPro_Cmds.o
                                                  src/GLCD_hal/sim_system_glcd_software.o
                                                  src/GLCD_hal/sim_gui.o
Ft_Gpu_CoCmd_EndFunc                              src/GLCD_hal/FT_CoPro_Cmds.o
Ft_Gpu_CoCmd_FgColor                              src/GLCD_hal/FT_CoPro_Cmds.o
Ft_Gpu_CoCmd_Gauge                                src/GLCD_hal/FT_CoPro_Cmds.o
Ft_Gpu_CoCmd_GetMatrix                            src/GLCD_hal/FT_CoPro_Cmds.o
Ft_Gpu_CoCmd_GetProps                             src/GLCD_hal/FT_CoPro_Cmds.o
Ft_Gpu_CoCmd_GetPtr                               src/GLCD_hal/FT_CoPro_Cmds.o
Ft_Gpu_CoCmd_GradColor                            src/GLCD_hal/FT_CoPro_Cmds.o
Ft_Gpu_CoCmd_Gradient                             src/GLCD_hal/FT_CoPro_Cmds.o
                                                  src/main.o
                                                  src/GLCD_hal/sim_gui.o
Ft_Gpu_CoCmd_Inflate                              src/GLCD_hal/FT_CoPro_Cmds.o
Ft_Gpu_CoCmd_Int_RAMShared                        src/GLCD_hal/FT_CoPro_Cmds.o
Ft_Gpu_CoCmd_Int_SWLoadImage                      src/GLCD_hal/FT_CoPro_Cmds.o
Ft_Gpu_CoCmd_Interrupt                            src/GLCD_hal/FT_CoPro_Cmds.o
Ft_Gpu_CoCmd_Keys                                 src/GLCD_hal/FT_CoPro_Cmds.o
                                                  src/GLCD_hal/sim_gui.o
Ft_Gpu_CoCmd_LoadIdentity                         src/GLCD_hal/FT_CoPro_Cmds.o
Ft_Gpu_CoCmd_LoadImage                            src/GLCD_hal/FT_CoPro_Cmds.o
Ft_Gpu_CoCmd_Logo                                 src/GLCD_hal/FT_CoPro_Cmds.o
Ft_Gpu_CoCmd_MediaFifo                            src/GLCD_hal/FT_CoPro_Cmds.o
Ft_Gpu_CoCmd_MemSet                               src/GLCD_hal/FT_CoPro_Cmds.o
Ft_Gpu_CoCmd_MemWrite                             src/GLCD_hal/FT_CoPro_Cmds.o
Ft_Gpu_CoCmd_MemZero                              src/GLCD_hal/FT_CoPro_Cmds.o
Ft_Gpu_CoCmd_Memcpy                               src/GLCD_hal/FT_CoPro_Cmds.o
Ft_Gpu_CoCmd_Memcrc                               src/GLCD_hal/FT_CoPro_Cmds.o
Ft_Gpu_CoCmd_Number                               src/GLCD_hal/FT_CoPro_Cmds.o
                                                  src/GLCD_hal/sim_gui.o
Ft_Gpu_CoCmd_PlayVideo                            src/GLCD_hal/FT_CoPro_Cmds.o
Ft_Gpu_CoCmd_Progress                             src/GLCD_hal/FT_CoPro_Cmds.o
Ft_Gpu_CoCmd_RegRead                              src/GLCD_hal/FT_CoPro_Cmds.o
Ft_Gpu_CoCmd_RomFont                              src/GLCD_hal/FT_CoPro_Cmds.o
Ft_Gpu_CoCmd_Rotate                               src/GLCD_hal/FT_CoPro_Cmds.o
Ft_Gpu_CoCmd_Scale                                src/GLCD_hal/FT_CoPro_Cmds.o
Ft_Gpu_CoCmd_ScreenSaver                          src/GLCD_hal/FT_CoPro_Cmds.o
Ft_Gpu_CoCmd_Scrollbar                            src/GLCD_hal/FT_CoPro_Cmds.o
Ft_Gpu_CoCmd_SendStr                              src/GLCD_hal/FT_CoPro_Cmds.o
Ft_Gpu_CoCmd_SetBase                              src/GLCD_hal/FT_CoPro_Cmds.o
Ft_Gpu_CoCmd_SetBitmap                            src/GLCD_hal/FT_CoPro_Cmds.o
Ft_Gpu_CoCmd_SetFont                              src/GLCD_hal/FT_CoPro_Cmds.o
Ft_Gpu_CoCmd_SetFont2                             src/GLCD_hal/FT_CoPro_Cmds.o
Ft_Gpu_CoCmd_SetMatrix                            src/GLCD_hal/FT_CoPro_Cmds.o
Ft_Gpu_CoCmd_SetRotate                            src/GLCD_hal/FT_CoPro_Cmds.o
Ft_Gpu_CoCmd_SetScratch                           src/GLCD_hal/FT_CoPro_Cmds.o
Ft_Gpu_CoCmd_Sketch                               src/GLCD_hal/FT_CoPro_Cmds.o
Ft_Gpu_CoCmd_Slider                               src/GLCD_hal/FT_CoPro_Cmds.o
Ft_Gpu_CoCmd_Snapshot                             src/GLCD_hal/FT_CoPro_Cmds.o
Ft_Gpu_CoCmd_Snapshot2                            src/GLCD_hal/FT_CoPro_Cmds.o
Ft_Gpu_CoCmd_Spinner                              src/GLCD_hal/FT_CoPro_Cmds.o
Ft_Gpu_CoCmd_StartFunc                            src/GLCD_hal/FT_CoPro_Cmds.o
Ft_Gpu_CoCmd_Stop                                 src/GLCD_hal/FT_CoPro_Cmds.o
Ft_Gpu_CoCmd_Swap                                 src/GLCD_hal/FT_CoPro_Cmds.o
                                                  src/GLCD_hal/sim_system_glcd_software.o
                                                  src/GLCD_hal/sim_gui.o
Ft_Gpu_CoCmd_Sync                                 src/GLCD_hal/FT_CoPro_Cmds.o
Ft_Gpu_CoCmd_Text                                 src/GLCD_hal/FT_CoPro_Cmds.o
                                                  src/main.o
                                                  src/GLCD_hal/sim_gui.o
Ft_Gpu_CoCmd_Toggle                               src/GLCD_hal/FT_CoPro_Cmds.o
Ft_Gpu_CoCmd_TouchTransform                       src/GLCD_hal/FT_CoPro_Cmds.o
Ft_Gpu_CoCmd_Track                                src/GLCD_hal/FT_CoPro_Cmds.o
Ft_Gpu_CoCmd_Translate                            src/GLCD_hal/FT_CoPro_Cmds.o
Ft_Gpu_CoCmd_VideoFrame                           src/GLCD_hal/FT_CoPro_Cmds.o
Ft_Gpu_CoCmd_VideoStart                           src/GLCD_hal/FT_CoPro_Cmds.o
Ft_Gpu_Copro_SendCmd                              src/GLCD_hal/FT_CoPro_Cmds.o
Ft_Gpu_CoreReset                                  src/GLCD_hal/FT_Gpu_Hal.o
Ft_Gpu_CurrentFrequency                           src/GLCD_hal/FT_Gpu_Hal.o
Ft_Gpu_Hal_CheckCmdBuffer                         src/GLCD_hal/FT_Gpu_Hal.o
                                                  src/GLCD_hal/FT_CoPro_Cmds.o
Ft_Gpu_Hal_Close                                  src/GLCD_hal/FT_Gpu_Hal.o
Ft_Gpu_Hal_DeInit                                 src/GLCD_hal/FT_Gpu_Hal.o
Ft_Gpu_Hal_Dec2Ascii                              src/GLCD_hal/FT_Gpu_Hal.o
Ft_Gpu_Hal_EndTransfer                            src/GLCD_hal/FT_Gpu_Hal.o
                                                  src/GLCD_hal/FT_CoPro_Cmds.o
Ft_Gpu_Hal_Init                                   src/GLCD_hal/FT_Gpu_Hal.o
Ft_Gpu_Hal_Open                                   src/GLCD_hal/FT_Gpu_Hal.o
                                                  src/main.o
Ft_Gpu_Hal_Powercycle                             src/GLCD_hal/FT_Gpu_Hal.o
Ft_Gpu_Hal_Rd16                                   src/GLCD_hal/FT_Gpu_Hal.o
                                                  src/GLCD_hal/sim_gui.o
Ft_Gpu_Hal_Rd32                                   src/GLCD_hal/FT_Gpu_Hal.o
Ft_Gpu_Hal_Rd8                                    src/GLCD_hal/FT_Gpu_Hal.o
                                                  src/main.o
                                                  src/GLCD_hal/sim_gui.o
Ft_Gpu_Hal_RdMem                                  src/GLCD_hal/FT_Gpu_Hal.o
Ft_Gpu_Hal_ResetCmdFifo                           src/GLCD_hal/FT_Gpu_Hal.o
Ft_Gpu_Hal_ResetDLBuffer                          src/GLCD_hal/FT_Gpu_Hal.o
Ft_Gpu_Hal_SetSPI                                 src/GLCD_hal/FT_Gpu_Hal.o
Ft_Gpu_Hal_Sleep                                  src/GLCD_hal/FT_Gpu_Hal.o
Ft_Gpu_Hal_StartCmdTransfer                       src/GLCD_hal/FT_Gpu_Hal.o
                                                  src/GLCD_hal/FT_CoPro_Cmds.o
Ft_Gpu_Hal_StartTransfer                          src/GLCD_hal/FT_Gpu_Hal.o
Ft_Gpu_Hal_Transfer16                             src/GLCD_hal/FT_Gpu_Hal.o
Ft_Gpu_Hal_Transfer32                             src/GLCD_hal/FT_Gpu_Hal.o
                                                  src/GLCD_hal/FT_CoPro_Cmds.o
Ft_Gpu_Hal_Transfer8                              src/GLCD_hal/FT_Gpu_Hal.o
Ft_Gpu_Hal_TransferString                         src/GLCD_hal/FT_Gpu_Hal.o
                                                  src/GLCD_hal/FT_CoPro_Cmds.o
Ft_Gpu_Hal_Updatecmdfifo                          src/GLCD_hal/FT_Gpu_Hal.o
                                                  src/GLCD_hal/FT_CoPro_Cmds.o
Ft_Gpu_Hal_WaitCmdfifo_empty                      src/GLCD_hal/FT_Gpu_Hal.o
                                                  src/GLCD_hal/sim_system_glcd_software.o
                                                  src/GLCD_hal/sim_gui.o
                                                  src/GLCD_hal/FT_CoPro_Cmds.o
Ft_Gpu_Hal_WaitCmdfifo_empty_status               src/GLCD_hal/FT_Gpu_Hal.o
Ft_Gpu_Hal_WaitLogo_Finish                        src/GLCD_hal/FT_Gpu_Hal.o
Ft_Gpu_Hal_Wr16                                   src/GLCD_hal/FT_Gpu_Hal.o
                                                  src/GLCD_hal/sim_gui.o
Ft_Gpu_Hal_Wr32                                   src/GLCD_hal/FT_Gpu_Hal.o
Ft_Gpu_Hal_Wr8                                    src/GLCD_hal/FT_Gpu_Hal.o
                                                  src/main.o
                                                  src/GLCD_hal/sim_gui.o
Ft_Gpu_Hal_WrCmd32                                src/GLCD_hal/FT_Gpu_Hal.o
                                                  src/main.o
                                                  src/GLCD_hal/sim_system_glcd_software.o
                                                  src/GLCD_hal/sim_gui.o
Ft_Gpu_Hal_WrCmdBuf                               src/GLCD_hal/FT_Gpu_Hal.o
Ft_Gpu_Hal_WrCmdBuf_nowait                        src/GLCD_hal/FT_Gpu_Hal.o
Ft_Gpu_Hal_WrMem                                  src/GLCD_hal/FT_Gpu_Hal.o
Ft_Gpu_Hal_WrMemFromFlash                         src/GLCD_hal/FT_Gpu_Hal.o
Ft_Gpu_HostCommand                                src/GLCD_hal/FT_Gpu_Hal.o
Ft_Gpu_HostCommand_Ext3                           src/GLCD_hal/FT_Gpu_Hal.o
Ft_Gpu_PLL_FreqSelect                             src/GLCD_hal/FT_Gpu_Hal.o
Ft_Gpu_PowerModeSwitch                            src/GLCD_hal/FT_Gpu_Hal.o
HardFault_Handler                                 src/ASF/sam0/utils/cmsis/samd21/source/gcc/startup_samd21.o
I2S_Handler                                       src/ASF/sam0/utils/cmsis/samd21/source/gcc/startup_samd21.o
NMI_Handler                                       src/ASF/sam0/utils/cmsis/samd21/source/gcc/startup_samd21.o
NVMCTRL_Handler                                   src/ASF/sam0/utils/cmsis/samd21/source/gcc/startup_samd21.o